========================================
Run started: 2026-07-15 10:15:01
========================================
[run_daily] Refreshing access token via auto_login.py
[auto_login] Step 1: Seeding session cookies…
[auto_login] Step 1 OK (status 405)
[auto_login] Step 2: Submitting user ID and password…
[auto_login] Step 2 OK — request_id: Ga9l1tvFxs…
[auto_login] Step 3: Submitting TOTP 718212  (27s remaining)…
[auto_login] Step 4 OK — 2FA accepted, session is now authenticated
[auto_login] Step 5: Following OAuth redirect chain…
[auto_login]   hop 1: 302  →  https://kite.zerodha.com/connect/finish?api_key=7g9gybqj3woxntss&sess_id=i9HOPYD
[auto_login]   hop 2: 302  →  https://127.0.0.1/?action=login&type=login&status=success&request_token=6kp2AmJ7
[auto_login] Step 5 OK — request_token captured (32 chars)
[auto_login] Step 6: Exchanging request_token for access_token…
[auto_login] Step 7 OK — token saved → /home/ubuntu/algo-trading/auth/access_token.txt
[auto_login] Login successful — Aarav Piyush Agarwal (aaravpagarwal07@gmail.com)
[run_daily] Running signal_runner.py

[paper_trading] Fetching data for 2026-07-15 …
[kite_fetcher] Fetching NSE instrument list from Kite...
[kite_fetcher] Cached 9929 NSE instruments.
[kite_fetcher] BAJAJ-AUTO.NS: 80 trading days loaded (2026-03-17 → 2026-07-15)
[kite_fetcher] HCLTECH.NS: 80 trading days loaded (2026-03-17 → 2026-07-15)
[kite_fetcher] COLPAL.NS: 80 trading days loaded (2026-03-17 → 2026-07-15)
[kite_fetcher] ANURAS.NS: 80 trading days loaded (2026-03-17 → 2026-07-15)
[kite_fetcher] BSOFT.NS: 80 trading days loaded (2026-03-17 → 2026-07-15)
[kite_fetcher] PERSISTENT.NS: 80 trading days loaded (2026-03-17 → 2026-07-15)
[kite_fetcher] CHOLAHLDNG.NS: 80 trading days loaded (2026-03-17 → 2026-07-15)
[kite_fetcher] COHANCE.NS: 80 trading days loaded (2026-03-17 → 2026-07-15)
[kite_fetcher] MAPMYINDIA.NS: 80 trading days loaded (2026-03-17 → 2026-07-15)
[kite_fetcher] NIFTYBEES.NS: 8 trading days loaded (2026-07-06 → 2026-07-15)
[paper_trading] Checking NIFTY 50 market regime …
[kite_fetcher] NIFTY 50.NS: 62 trading days loaded (2026-04-16 → 2026-07-15)
  [NIFTY] 2026-07-15 | close ₹24,073.45 | SMA20 ₹24,087.66 | SMA50 ₹23,830.49 | gap +1.08% → regime: BULL

[paper_trading] Checking corporate actions …
  [CORP_ACTION] BAJAJ-AUTO.NS: clear — no material actions between 2026-07-15 and 2026-07-17
  [CORP_ACTION] HCLTECH.NS: SKIP — DIVIDEND Rs 12.00 (1.03% of ₹1,167 ≥ 1% threshold) | ex-date 2026-07-17
  [CORP_ACTION] COLPAL.NS: clear — no material actions between 2026-07-15 and 2026-07-17
  [CORP_ACTION] ANURAS.NS: clear — no material actions between 2026-07-15 and 2026-07-17
  [CORP_ACTION] BSOFT.NS: clear — no material actions between 2026-07-15 and 2026-07-17
  [CORP_ACTION] PERSISTENT.NS: clear — no material actions between 2026-07-15 and 2026-07-17
  [CORP_ACTION] CHOLAHLDNG.NS: clear — no material actions between 2026-07-15 and 2026-07-17
  [CORP_ACTION] COHANCE.NS: clear — no material actions between 2026-07-15 and 2026-07-17
  [CORP_ACTION] MAPMYINDIA.NS: clear — no material actions between 2026-07-15 and 2026-07-17

[paper_trading] Running signal pipeline for 9 stocks …

[strategy] SMA(20/50): 1 buy signals, 1 sell signals
  [CORP_ACTION] HCLTECH.NS SKIPPED — DIVIDEND Rs 12.00 (1.03% of ₹1,167 ≥ 1% threshold) | ex-date 2026-07-17
[strategy] SMA(20/50): 1 buy signals, 1 sell signals
[strategy] SMA(20/50): 1 buy signals, 1 sell signals
[strategy] SMA(20/50): 0 buy signals, 0 sell signals
[strategy] SMA(20/50): 1 buy signals, 1 sell signals
[strategy] SMA(20/50): 2 buy signals, 1 sell signals
[strategy] SMA(20/50): 2 buy signals, 1 sell signals
[strategy] SMA(20/50): 2 buy signals, 1 sell signals

[paper_trading] Portfolio state saved.

==============================================================
  NSE PAPER TRADING SIGNAL REPORT
  Date: Wednesday, 15 July 2026  |  Run: 3:45 PM IST  |  NIFTY Regime: BULL
==============================================================

  PORTFOLIO SUMMARY
  Cash available    : ₹      243.49
  Invested value    : ₹        0.00
  Total value       : ₹   98,501.79
  P&L vs start      : ₹-1,498.21  (-1.50%)
  Open positions    : 0 / 9 stocks
  NIFTYBEES ETF     : 359 units | tier 100% | value ₹98258
  Completed trades  : 4

  TODAY'S SIGNALS
  ┌────────────────┬────────────┬─────────────┬───────────┬───────────────────────────────┐
  │ Stock          │ Signal     │ Price       │ Shares    │ Reason                        │
  ├────────────────┼────────────┼─────────────┼───────────┼───────────────────────────────┤
  │ BAJAJ-AUTO.NS  │ HOLD       │ ₹10,311.00  │ —         │ No signal                     │
  │ HCLTECH.NS     │ SKIP_CA    │ ₹1,167.00   │ —         │ DIVIDEND Rs 12.00 (1.03% of   │
  │ COLPAL.NS      │ HOLD       │ ₹2,010.10   │ —         │ No signal                     │
  │ ANURAS.NS      │ HOLD       │ ₹1,270.00   │ —         │ No signal                     │
  │ BSOFT.NS       │ HOLD       │ ₹285.50     │ —         │ No signal                     │
  │ PERSISTENT.NS  │ HOLD       │ ₹5,080.80   │ —         │ No signal                     │
  │ CHOLAHLDNG.NS  │ HOLD       │ ₹1,607.90   │ —         │ No signal                     │
  │ COHANCE.NS     │ HOLD       │ ₹433.80     │ —         │ No signal                     │
  │ MAPMYINDIA.NS  │ HOLD       │ ₹1,175.00   │ —         │ No signal                     │
  └────────────────┴────────────┴─────────────┴───────────┴───────────────────────────────┘

  ACTIONS TAKEN: none (all HOLD)

  Next run: Thursday 16 Jul 3:45 PM IST
  Log saved: paper_trading/signal_log.csv
==============================================================
[paper_trading] Signal log appended → paper_trading/signal_log.csv
[run_daily] Completed: 2026-07-15 10:15:34

