News monitor started: 2026-07-17 13:00:01
[news_monitor] Universe: ['BAJAJ-AUTO.NS', 'HCLTECH.NS', 'COLPAL.NS', 'ANURAS.NS', 'BSOFT.NS', 'PERSISTENT.NS', 'CHOLAHLDNG.NS', 'COHANCE.NS', 'MAPMYINDIA.NS', 'EMAMILTD.NS']
[news_monitor] Checking 10 stocks: BAJAJ-AUTO.NS, HCLTECH.NS, COLPAL.NS, ANURAS.NS, BSOFT.NS, PERSISTENT.NS, CHOLAHLDNG.NS, COHANCE.NS, MAPMYINDIA.NS, EMAMILTD.NS
[news_monitor] Checked 10 stocks — 0 surveillance, 1 earnings risk, 0 manual blocks
{
  "generated_at": "2026-07-17 13:00",
  "universe_checked": [
    "BAJAJ-AUTO.NS",
    "HCLTECH.NS",
    "COLPAL.NS",
    "ANURAS.NS",
    "BSOFT.NS",
    "PERSISTENT.NS",
    "CHOLAHLDNG.NS",
    "COHANCE.NS",
    "MAPMYINDIA.NS",
    "EMAMILTD.NS"
  ],
  "flags": {
    "BAJAJ-AUTO.NS": {
      "type": "EARNINGS_RISK",
      "detail": "Board meeting 21-Jul-2026 \u2014 Q results",
      "auto_block": false,
      "meeting_date": "21-Jul-2026",
      "trading_days_away": 3,
      "source": "NSE corporate-board-meetings API"
    }
  }
}
News monitor completed: 2026-07-17 13:00:03
