Morning fill check started: 2026-06-29 03:50:01
[auto_login] Step 1: Seeding session cookies…
[auto_login] Step 1 OK (status 405)
[auto_login] Step 2: Submitting user ID and password…
[auto_login] Step 2 OK — request_id: sdJdSeor13…
[auto_login] Step 3: Submitting TOTP 784080  (28s remaining)…
[auto_login] Step 4 OK — 2FA accepted, session is now authenticated
[auto_login] Step 5: Following OAuth redirect chain…
[auto_login]   hop 1: 302  →  https://kite.zerodha.com/connect/finish?api_key=7g9gybqj3woxntss&sess_id=t5kkpMO
[auto_login]   hop 2: 302  →  https://127.0.0.1/?action=login&type=login&status=success&request_token=114dAd9U
[auto_login] Step 5 OK — request_token captured (32 chars)
[auto_login] Step 6: Exchanging request_token for access_token…
[auto_login] Step 7 OK — token saved → /home/ubuntu/algo-trading/auth/access_token.txt
[auto_login] Login successful — Aarav Piyush Agarwal (aaravpagarwal07@gmail.com)
[morning_fill_check] Paper trading mode — simulating fills from open price

==============================================================
  MORNING FILL REPORT — Monday 29 Jun 2026
  Fill date: 2026-06-29  |  Checking all unfilled DRY_RUN orders
  MODE: APPLY — portfolio state will be updated with fills
==============================================================

  Pending unfilled orders: 1
  [CORP_ACTION] BAJAJ-AUTO.NS: clear — no material actions between 2026-06-29 and 2026-07-01

[kite_fetcher] Fetching NSE instrument list from Kite...
[kite_fetcher] Cached 9903 NSE instruments.
[kite_fetcher] BAJAJ-AUTO.NS: 1 trading days loaded (2026-06-29 → 2026-06-29)
[kite_fetcher] BAJAJ-AUTO.NS: 2 trading days loaded (2026-06-24 → 2026-06-25)
  ✓ FILLED   BAJAJ-AUTO.NS  SELL   1 shr | limit ₹9,800.75 | opened ₹9,892.00 | FILLED at ₹9,892.00
  [portfolio] paper_trading/portfolio_state.json updated.

  Summary: 1 FILLED | 0 MISSED | 0 GAP_EXIT
  Portfolio updated with 1 actual fill price(s).
==============================================================

Morning fill check completed: 2026-06-29 03:50:03

