========================================
Run started: 2026-06-18 10:15:02
========================================
[run_daily] Refreshing access token via auto_login.py
[auto_login] Step 1: Seeding session cookies…
[auto_login] Step 1 OK (status 405)
[auto_login] Step 2: Submitting user ID and password…
[auto_login] Step 2 OK — request_id: dmPXVqz4Kc…
[auto_login] Step 3: Submitting TOTP 271639  (27s remaining)…
[auto_login] Step 4 OK — 2FA accepted, session is now authenticated
[auto_login] Step 5: Following OAuth redirect chain…
[auto_login]   hop 1: 302  →  https://kite.zerodha.com/connect/finish?api_key=7g9gybqj3woxntss&sess_id=oeVPHFg
[auto_login]   hop 2: 302  →  https://127.0.0.1/?action=login&type=login&status=success&request_token=4o9KZoQS
[auto_login] Step 5 OK — request_token captured (32 chars)
[auto_login] Step 6: Exchanging request_token for access_token…
[auto_login] Step 7 OK — token saved → /home/ubuntu/algo-trading/auth/access_token.txt
[auto_login] Login successful — Aarav Piyush Agarwal (aaravpagarwal07@gmail.com)
[run_daily] Running signal_runner.py
/home/ubuntu/algo-trading/strategies/sma_crossover.py:57: FutureWarning: Downcasting object dtype arrays on .fillna, .ffill, .bfill is deprecated and will change in a future version. Call result.infer_objects(copy=False) instead. To opt-in to the future behavior, set `pd.set_option('future.no_silent_downcasting', True)`
  crossed_above = fast_above & ~fast_above.shift(1).fillna(False)   # golden cross
/home/ubuntu/algo-trading/strategies/sma_crossover.py:58: FutureWarning: Downcasting object dtype arrays on .fillna, .ffill, .bfill is deprecated and will change in a future version. Call result.infer_objects(copy=False) instead. To opt-in to the future behavior, set `pd.set_option('future.no_silent_downcasting', True)`
  crossed_below = ~fast_above & fast_above.shift(1).fillna(False)   # death cross
/home/ubuntu/algo-trading/strategies/sma_crossover.py:57: FutureWarning: Downcasting object dtype arrays on .fillna, .ffill, .bfill is deprecated and will change in a future version. Call result.infer_objects(copy=False) instead. To opt-in to the future behavior, set `pd.set_option('future.no_silent_downcasting', True)`
  crossed_above = fast_above & ~fast_above.shift(1).fillna(False)   # golden cross
/home/ubuntu/algo-trading/strategies/sma_crossover.py:58: FutureWarning: Downcasting object dtype arrays on .fillna, .ffill, .bfill is deprecated and will change in a future version. Call result.infer_objects(copy=False) instead. To opt-in to the future behavior, set `pd.set_option('future.no_silent_downcasting', True)`
  crossed_below = ~fast_above & fast_above.shift(1).fillna(False)   # death cross
/home/ubuntu/algo-trading/strategies/sma_crossover.py:57: FutureWarning: Downcasting object dtype arrays on .fillna, .ffill, .bfill is deprecated and will change in a future version. Call result.infer_objects(copy=False) instead. To opt-in to the future behavior, set `pd.set_option('future.no_silent_downcasting', True)`
  crossed_above = fast_above & ~fast_above.shift(1).fillna(False)   # golden cross
/home/ubuntu/algo-trading/strategies/sma_crossover.py:58: FutureWarning: Downcasting object dtype arrays on .fillna, .ffill, .bfill is deprecated and will change in a future version. Call result.infer_objects(copy=False) instead. To opt-in to the future behavior, set `pd.set_option('future.no_silent_downcasting', True)`
  crossed_below = ~fast_above & fast_above.shift(1).fillna(False)   # death cross
/home/ubuntu/algo-trading/strategies/sma_crossover.py:57: FutureWarning: Downcasting object dtype arrays on .fillna, .ffill, .bfill is deprecated and will change in a future version. Call result.infer_objects(copy=False) instead. To opt-in to the future behavior, set `pd.set_option('future.no_silent_downcasting', True)`
  crossed_above = fast_above & ~fast_above.shift(1).fillna(False)   # golden cross
/home/ubuntu/algo-trading/strategies/sma_crossover.py:58: FutureWarning: Downcasting object dtype arrays on .fillna, .ffill, .bfill is deprecated and will change in a future version. Call result.infer_objects(copy=False) instead. To opt-in to the future behavior, set `pd.set_option('future.no_silent_downcasting', True)`
  crossed_below = ~fast_above & fast_above.shift(1).fillna(False)   # death cross
/home/ubuntu/algo-trading/strategies/sma_crossover.py:57: FutureWarning: Downcasting object dtype arrays on .fillna, .ffill, .bfill is deprecated and will change in a future version. Call result.infer_objects(copy=False) instead. To opt-in to the future behavior, set `pd.set_option('future.no_silent_downcasting', True)`
  crossed_above = fast_above & ~fast_above.shift(1).fillna(False)   # golden cross
/home/ubuntu/algo-trading/strategies/sma_crossover.py:58: FutureWarning: Downcasting object dtype arrays on .fillna, .ffill, .bfill is deprecated and will change in a future version. Call result.infer_objects(copy=False) instead. To opt-in to the future behavior, set `pd.set_option('future.no_silent_downcasting', True)`
  crossed_below = ~fast_above & fast_above.shift(1).fillna(False)   # death cross
/home/ubuntu/algo-trading/strategies/sma_crossover.py:57: FutureWarning: Downcasting object dtype arrays on .fillna, .ffill, .bfill is deprecated and will change in a future version. Call result.infer_objects(copy=False) instead. To opt-in to the future behavior, set `pd.set_option('future.no_silent_downcasting', True)`
  crossed_above = fast_above & ~fast_above.shift(1).fillna(False)   # golden cross
/home/ubuntu/algo-trading/strategies/sma_crossover.py:58: FutureWarning: Downcasting object dtype arrays on .fillna, .ffill, .bfill is deprecated and will change in a future version. Call result.infer_objects(copy=False) instead. To opt-in to the future behavior, set `pd.set_option('future.no_silent_downcasting', True)`
  crossed_below = ~fast_above & fast_above.shift(1).fillna(False)   # death cross
/home/ubuntu/algo-trading/strategies/sma_crossover.py:57: FutureWarning: Downcasting object dtype arrays on .fillna, .ffill, .bfill is deprecated and will change in a future version. Call result.infer_objects(copy=False) instead. To opt-in to the future behavior, set `pd.set_option('future.no_silent_downcasting', True)`
  crossed_above = fast_above & ~fast_above.shift(1).fillna(False)   # golden cross
/home/ubuntu/algo-trading/strategies/sma_crossover.py:58: FutureWarning: Downcasting object dtype arrays on .fillna, .ffill, .bfill is deprecated and will change in a future version. Call result.infer_objects(copy=False) instead. To opt-in to the future behavior, set `pd.set_option('future.no_silent_downcasting', True)`
  crossed_below = ~fast_above & fast_above.shift(1).fillna(False)   # death cross
/home/ubuntu/algo-trading/strategies/sma_crossover.py:57: FutureWarning: Downcasting object dtype arrays on .fillna, .ffill, .bfill is deprecated and will change in a future version. Call result.infer_objects(copy=False) instead. To opt-in to the future behavior, set `pd.set_option('future.no_silent_downcasting', True)`
  crossed_above = fast_above & ~fast_above.shift(1).fillna(False)   # golden cross
/home/ubuntu/algo-trading/strategies/sma_crossover.py:58: FutureWarning: Downcasting object dtype arrays on .fillna, .ffill, .bfill is deprecated and will change in a future version. Call result.infer_objects(copy=False) instead. To opt-in to the future behavior, set `pd.set_option('future.no_silent_downcasting', True)`
  crossed_below = ~fast_above & fast_above.shift(1).fillna(False)   # death cross
/home/ubuntu/algo-trading/strategies/sma_crossover.py:57: FutureWarning: Downcasting object dtype arrays on .fillna, .ffill, .bfill is deprecated and will change in a future version. Call result.infer_objects(copy=False) instead. To opt-in to the future behavior, set `pd.set_option('future.no_silent_downcasting', True)`
  crossed_above = fast_above & ~fast_above.shift(1).fillna(False)   # golden cross
/home/ubuntu/algo-trading/strategies/sma_crossover.py:58: FutureWarning: Downcasting object dtype arrays on .fillna, .ffill, .bfill is deprecated and will change in a future version. Call result.infer_objects(copy=False) instead. To opt-in to the future behavior, set `pd.set_option('future.no_silent_downcasting', True)`
  crossed_below = ~fast_above & fast_above.shift(1).fillna(False)   # death cross
/home/ubuntu/algo-trading/strategies/sma_crossover.py:57: FutureWarning: Downcasting object dtype arrays on .fillna, .ffill, .bfill is deprecated and will change in a future version. Call result.infer_objects(copy=False) instead. To opt-in to the future behavior, set `pd.set_option('future.no_silent_downcasting', True)`
  crossed_above = fast_above & ~fast_above.shift(1).fillna(False)   # golden cross
/home/ubuntu/algo-trading/strategies/sma_crossover.py:58: FutureWarning: Downcasting object dtype arrays on .fillna, .ffill, .bfill is deprecated and will change in a future version. Call result.infer_objects(copy=False) instead. To opt-in to the future behavior, set `pd.set_option('future.no_silent_downcasting', True)`
  crossed_below = ~fast_above & fast_above.shift(1).fillna(False)   # death cross

[paper_trading] Fetching data for 2026-06-18 …
[kite_fetcher] WHIRLPOOL.NS: 80 trading days loaded (2026-02-18 → 2026-06-18)
[kite_fetcher] SIEMENS.NS: 80 trading days loaded (2026-02-18 → 2026-06-18)
[kite_fetcher] BAJAJ-AUTO.NS: 80 trading days loaded (2026-02-18 → 2026-06-18)
[kite_fetcher] HCLTECH.NS: 80 trading days loaded (2026-02-18 → 2026-06-18)
[kite_fetcher] COLPAL.NS: 80 trading days loaded (2026-02-18 → 2026-06-18)
[kite_fetcher] ANURAS.NS: 80 trading days loaded (2026-02-18 → 2026-06-18)
[kite_fetcher] HEROMOTOCO.NS: 80 trading days loaded (2026-02-18 → 2026-06-18)
[kite_fetcher] NEWGEN.NS: 80 trading days loaded (2026-02-18 → 2026-06-18)
[kite_fetcher] JKTYRE.NS: 80 trading days loaded (2026-02-18 → 2026-06-18)
[kite_fetcher] BSOFT.NS: 80 trading days loaded (2026-02-18 → 2026-06-18)
[paper_trading] Checking NIFTY 50 market regime …
[kite_fetcher] NIFTY 50.NS: 59 trading days loaded (2026-03-20 → 2026-06-18)
  [NIFTY] 2026-06-18 | close ₹24,179.40 | SMA20 ₹23,615.10 | SMA50 ₹23,827.62 | gap -0.89% → regime: BEAR

[paper_trading] Checking corporate actions …
  [CORP_ACTION] WHIRLPOOL.NS: clear — no material actions between 2026-06-18 and 2026-06-22
  [CORP_ACTION] SIEMENS.NS: clear — no material actions between 2026-06-18 and 2026-06-22
  [CORP_ACTION] BAJAJ-AUTO.NS: clear — no material actions between 2026-06-18 and 2026-06-22
  [CORP_ACTION] HCLTECH.NS: clear — no material actions between 2026-06-18 and 2026-06-22
  [CORP_ACTION] COLPAL.NS: clear — no material actions between 2026-06-18 and 2026-06-22
  [CORP_ACTION] ANURAS.NS: clear — no material actions between 2026-06-18 and 2026-06-22
  [CORP_ACTION] HEROMOTOCO.NS: clear — no material actions between 2026-06-18 and 2026-06-22
  [CORP_ACTION] NEWGEN.NS: clear — no material actions between 2026-06-18 and 2026-06-22
  [CORP_ACTION] JKTYRE.NS: clear — no material actions between 2026-06-18 and 2026-06-22
  [CORP_ACTION] BSOFT.NS: clear — no material actions between 2026-06-18 and 2026-06-22

[paper_trading] Running signal pipeline for 10 stocks …

[strategy] SMA(20/50): 1 buy signals, 1 sell signals
[strategy] SMA(20/50): 1 buy signals, 0 sell signals
[strategy] SMA(20/50): 1 buy signals, 0 sell signals
[strategy] SMA(20/50): 0 buy signals, 0 sell signals
[strategy] SMA(20/50): 1 buy signals, 1 sell signals
[strategy] SMA(20/50): 1 buy signals, 1 sell signals
[strategy] SMA(20/50): 0 buy signals, 0 sell signals
[strategy] SMA(20/50): 1 buy signals, 1 sell signals
[strategy] SMA(20/50): 0 buy signals, 0 sell signals
[strategy] SMA(20/50): 1 buy signals, 1 sell signals

[paper_trading] Portfolio state saved.

==============================================================
  NSE PAPER TRADING SIGNAL REPORT
  Date: Thursday, 18 June 2026  |  Run: 3:45 PM IST  |  NIFTY Regime: BEAR
==============================================================

  PORTFOLIO SUMMARY
  Cash available    : ₹   76,953.97
  Invested value    : ₹   21,333.30
  Total value       : ₹   98,287.27
  P&L vs start      : ₹-1,712.73  (-1.71%)
  Open positions    : 2 / 10 stocks
  Completed trades  : 2

  TODAY'S SIGNALS
  ┌────────────────┬────────────┬─────────────┬───────────┬───────────────────────────────┐
  │ Stock          │ Signal     │ Price       │ Shares    │ Reason                        │
  ├────────────────┼────────────┼─────────────┼───────────┼───────────────────────────────┤
  │ WHIRLPOOL.NS   │ HOLD       │ ₹807.50     │ —         │ No signal                     │
  │ SIEMENS.NS     │ HOLD       │ ₹3,746.10   │ —         │ In position — no exit signal  │
  │ BAJAJ-AUTO.NS  │ HOLD       │ ₹10,095.00  │ —         │ In position — no exit signal  │
  │ HCLTECH.NS     │ HOLD       │ ₹1,159.40   │ —         │ No signal                     │
  │ COLPAL.NS      │ HOLD       │ ₹2,022.80   │ —         │ No signal                     │
  │ ANURAS.NS      │ HOLD       │ ₹1,287.00   │ —         │ No signal                     │
  │ HEROMOTOCO.NS  │ HOLD       │ ₹5,025.00   │ —         │ No signal                     │
  │ NEWGEN.NS      │ HOLD       │ ₹487.80     │ —         │ No signal                     │
  │ JKTYRE.NS      │ HOLD       │ ₹397.20     │ —         │ No signal                     │
  │ BSOFT.NS       │ HOLD       │ ₹324.60     │ —         │ No signal                     │
  └────────────────┴────────────┴─────────────┴───────────┴───────────────────────────────┘

  OPEN POSITION RISK LEVELS
  SIEMENS.NS     : entry ₹3,731.56 | current ₹3,746.10 | chandelier ₹3,366.00 | P&L +0.4%
  BAJAJ-AUTO.NS  : entry ₹10,286.14 | current ₹10,095.00 | chandelier ₹9,761.61 | P&L -1.9%

  ACTIONS TAKEN: none (all HOLD)

  Next run: Friday 19 Jun 3:45 PM IST
  Log saved: paper_trading/signal_log.csv
==============================================================
[paper_trading] Signal log appended → paper_trading/signal_log.csv
[run_daily] Completed: 2026-06-18 10:15:27

