========================================
Run started: 2026-06-11 10:15:01
========================================
[run_daily] Refreshing access token via auto_login.py
[auto_login] Step 1: Seeding session cookies…
[auto_login] Step 1 OK (status 405)
[auto_login] Step 2: Submitting user ID and password…
[auto_login] Step 2 OK — request_id: uDipKBzbUV…
[auto_login] Step 3: Submitting TOTP 821789  (27s remaining)…
[auto_login] Step 4 OK — 2FA accepted, session is now authenticated
[auto_login] Step 5: Following OAuth redirect chain…
[auto_login]   hop 1: 302  →  https://kite.zerodha.com/connect/finish?api_key=7g9gybqj3woxntss&sess_id=nMCFVp5
[auto_login]   hop 2: 302  →  https://127.0.0.1/?action=login&type=login&status=success&request_token=D2t1JM8U
[auto_login] Step 5 OK — request_token captured (32 chars)
[auto_login] Step 6: Exchanging request_token for access_token…
[auto_login] Step 7 OK — token saved → /home/ubuntu/algo-trading/auth/access_token.txt
[auto_login] Login successful — Aarav Piyush Agarwal (aaravpagarwal07@gmail.com)
[run_daily] Running signal_runner.py
/home/ubuntu/algo-trading/strategies/sma_crossover.py:57: FutureWarning: Downcasting object dtype arrays on .fillna, .ffill, .bfill is deprecated and will change in a future version. Call result.infer_objects(copy=False) instead. To opt-in to the future behavior, set `pd.set_option('future.no_silent_downcasting', True)`
  crossed_above = fast_above & ~fast_above.shift(1).fillna(False)   # golden cross
/home/ubuntu/algo-trading/strategies/sma_crossover.py:58: FutureWarning: Downcasting object dtype arrays on .fillna, .ffill, .bfill is deprecated and will change in a future version. Call result.infer_objects(copy=False) instead. To opt-in to the future behavior, set `pd.set_option('future.no_silent_downcasting', True)`
  crossed_below = ~fast_above & fast_above.shift(1).fillna(False)   # death cross
/home/ubuntu/algo-trading/strategies/sma_crossover.py:57: FutureWarning: Downcasting object dtype arrays on .fillna, .ffill, .bfill is deprecated and will change in a future version. Call result.infer_objects(copy=False) instead. To opt-in to the future behavior, set `pd.set_option('future.no_silent_downcasting', True)`
  crossed_above = fast_above & ~fast_above.shift(1).fillna(False)   # golden cross
/home/ubuntu/algo-trading/strategies/sma_crossover.py:58: FutureWarning: Downcasting object dtype arrays on .fillna, .ffill, .bfill is deprecated and will change in a future version. Call result.infer_objects(copy=False) instead. To opt-in to the future behavior, set `pd.set_option('future.no_silent_downcasting', True)`
  crossed_below = ~fast_above & fast_above.shift(1).fillna(False)   # death cross
/home/ubuntu/algo-trading/strategies/sma_crossover.py:57: FutureWarning: Downcasting object dtype arrays on .fillna, .ffill, .bfill is deprecated and will change in a future version. Call result.infer_objects(copy=False) instead. To opt-in to the future behavior, set `pd.set_option('future.no_silent_downcasting', True)`
  crossed_above = fast_above & ~fast_above.shift(1).fillna(False)   # golden cross
/home/ubuntu/algo-trading/strategies/sma_crossover.py:58: FutureWarning: Downcasting object dtype arrays on .fillna, .ffill, .bfill is deprecated and will change in a future version. Call result.infer_objects(copy=False) instead. To opt-in to the future behavior, set `pd.set_option('future.no_silent_downcasting', True)`
  crossed_below = ~fast_above & fast_above.shift(1).fillna(False)   # death cross
/home/ubuntu/algo-trading/strategies/sma_crossover.py:57: FutureWarning: Downcasting object dtype arrays on .fillna, .ffill, .bfill is deprecated and will change in a future version. Call result.infer_objects(copy=False) instead. To opt-in to the future behavior, set `pd.set_option('future.no_silent_downcasting', True)`
  crossed_above = fast_above & ~fast_above.shift(1).fillna(False)   # golden cross
/home/ubuntu/algo-trading/strategies/sma_crossover.py:58: FutureWarning: Downcasting object dtype arrays on .fillna, .ffill, .bfill is deprecated and will change in a future version. Call result.infer_objects(copy=False) instead. To opt-in to the future behavior, set `pd.set_option('future.no_silent_downcasting', True)`
  crossed_below = ~fast_above & fast_above.shift(1).fillna(False)   # death cross

[paper_trading] Fetching data for 2026-06-11 …
[kite_fetcher] Fetching NSE instrument list from Kite...
[kite_fetcher] Cached 9812 NSE instruments.
[kite_fetcher] TMPV.NS: 80 trading days loaded (2026-02-11 → 2026-06-11)
[kite_fetcher] WHIRLPOOL.NS: 80 trading days loaded (2026-02-11 → 2026-06-11)
[kite_fetcher] SIEMENS.NS: 80 trading days loaded (2026-02-11 → 2026-06-11)
[kite_fetcher] BAJAJ-AUTO.NS: 80 trading days loaded (2026-02-11 → 2026-06-11)
[paper_trading] Checking corporate actions …
  [CORP_ACTION] TMPV.NS: clear — no material actions between 2026-06-11 and 2026-06-15
  [CORP_ACTION] WHIRLPOOL.NS: clear — no material actions between 2026-06-11 and 2026-06-15
  [CORP_ACTION] SIEMENS.NS: clear — no material actions between 2026-06-11 and 2026-06-15
  [CORP_ACTION] BAJAJ-AUTO.NS: clear — no material actions between 2026-06-11 and 2026-06-15

[paper_trading] Running signal pipeline for 4 stocks …

[strategy] SMA(20/50): 1 buy signals, 0 sell signals
[strategy] SMA(20/50): 1 buy signals, 1 sell signals
[strategy] SMA(20/50): 1 buy signals, 0 sell signals
[strategy] SMA(20/50): 1 buy signals, 0 sell signals

[paper_trading] Portfolio state saved.

==============================================================
  NSE PAPER TRADING SIGNAL REPORT
  Date: Thursday, 11 June 2026  |  Run: 3:45 PM IST
==============================================================

  PORTFOLIO SUMMARY
  Cash available    : ₹   61,073.31
  Invested value    : ₹   37,266.20
  Total value       : ₹   98,339.51
  P&L vs start      : ₹-1,660.49  (-1.66%)
  Open positions    : 3 / 4 stocks
  Completed trades  : 1

  TODAY'S SIGNALS
  ┌────────────────┬────────────┬─────────────┬───────────┬───────────────────────────────┐
  │ Stock          │ Signal     │ Price       │ Shares    │ Reason                        │
  ├────────────────┼────────────┼─────────────┼───────────┼───────────────────────────────┤
  │ TMPV.NS        │ HOLD       │ ₹376.30     │ —         │ In position — no exit signal  │
  │ WHIRLPOOL.NS   │ HOLD       │ ₹769.35     │ —         │ No signal                     │
  │ SIEMENS.NS     │ HOLD       │ ₹3,528.00   │ —         │ In position — no exit signal  │
  │ BAJAJ-AUTO.NS  │ HOLD       │ ₹10,125.00  │ —         │ In position — no exit signal  │
  └────────────────┴────────────┴─────────────┴───────────┴───────────────────────────────┘

  OPEN POSITION RISK LEVELS
  TMPV.NS        : entry ₹390.40 | current ₹376.30 | chandelier ₹369.27 | P&L -3.6%
  SIEMENS.NS     : entry ₹3,731.56 | current ₹3,528.00 | chandelier ₹3,366.00 | P&L -5.5%
  BAJAJ-AUTO.NS  : entry ₹10,286.14 | current ₹10,125.00 | chandelier ₹9,724.26 | P&L -1.6%

  ACTIONS TAKEN: none (all HOLD)

  Next run: Friday 12 Jun 3:45 PM IST
  Log saved: paper_trading/signal_log.csv
==============================================================
[paper_trading] Signal log appended → paper_trading/signal_log.csv
[run_daily] Completed: 2026-06-11 10:15:13

