========================================
Run started: 2026-06-25 10:15:01
========================================
[run_daily] Refreshing access token via auto_login.py
[auto_login] Step 1: Seeding session cookies…
[auto_login] Step 1 OK (status 405)
[auto_login] Step 2: Submitting user ID and password…
[auto_login] Step 2 OK — request_id: 9hXRnFbAJ6…
[auto_login] Step 3: Submitting TOTP 922344  (28s remaining)…
[auto_login] Step 4 OK — 2FA accepted, session is now authenticated
[auto_login] Step 5: Following OAuth redirect chain…
[auto_login]   hop 1: 302  →  https://kite.zerodha.com/connect/finish?api_key=7g9gybqj3woxntss&sess_id=TbPYfs3
[auto_login]   hop 2: 302  →  https://127.0.0.1/?action=login&type=login&status=success&request_token=Bzi82mkn
[auto_login] Step 5 OK — request_token captured (32 chars)
[auto_login] Step 6: Exchanging request_token for access_token…
[auto_login] Step 7 OK — token saved → /home/ubuntu/algo-trading/auth/access_token.txt
[auto_login] Login successful — Aarav Piyush Agarwal (aaravpagarwal07@gmail.com)
[run_daily] Running signal_runner.py
/home/ubuntu/algo-trading/strategies/sma_crossover.py:57: FutureWarning: Downcasting object dtype arrays on .fillna, .ffill, .bfill is deprecated and will change in a future version. Call result.infer_objects(copy=False) instead. To opt-in to the future behavior, set `pd.set_option('future.no_silent_downcasting', True)`
  crossed_above = fast_above & ~fast_above.shift(1).fillna(False)   # golden cross
/home/ubuntu/algo-trading/strategies/sma_crossover.py:58: FutureWarning: Downcasting object dtype arrays on .fillna, .ffill, .bfill is deprecated and will change in a future version. Call result.infer_objects(copy=False) instead. To opt-in to the future behavior, set `pd.set_option('future.no_silent_downcasting', True)`
  crossed_below = ~fast_above & fast_above.shift(1).fillna(False)   # death cross
/home/ubuntu/algo-trading/strategies/sma_crossover.py:57: FutureWarning: Downcasting object dtype arrays on .fillna, .ffill, .bfill is deprecated and will change in a future version. Call result.infer_objects(copy=False) instead. To opt-in to the future behavior, set `pd.set_option('future.no_silent_downcasting', True)`
  crossed_above = fast_above & ~fast_above.shift(1).fillna(False)   # golden cross
/home/ubuntu/algo-trading/strategies/sma_crossover.py:58: FutureWarning: Downcasting object dtype arrays on .fillna, .ffill, .bfill is deprecated and will change in a future version. Call result.infer_objects(copy=False) instead. To opt-in to the future behavior, set `pd.set_option('future.no_silent_downcasting', True)`
  crossed_below = ~fast_above & fast_above.shift(1).fillna(False)   # death cross
/home/ubuntu/algo-trading/strategies/sma_crossover.py:57: FutureWarning: Downcasting object dtype arrays on .fillna, .ffill, .bfill is deprecated and will change in a future version. Call result.infer_objects(copy=False) instead. To opt-in to the future behavior, set `pd.set_option('future.no_silent_downcasting', True)`
  crossed_above = fast_above & ~fast_above.shift(1).fillna(False)   # golden cross
/home/ubuntu/algo-trading/strategies/sma_crossover.py:58: FutureWarning: Downcasting object dtype arrays on .fillna, .ffill, .bfill is deprecated and will change in a future version. Call result.infer_objects(copy=False) instead. To opt-in to the future behavior, set `pd.set_option('future.no_silent_downcasting', True)`
  crossed_below = ~fast_above & fast_above.shift(1).fillna(False)   # death cross
/home/ubuntu/algo-trading/strategies/sma_crossover.py:57: FutureWarning: Downcasting object dtype arrays on .fillna, .ffill, .bfill is deprecated and will change in a future version. Call result.infer_objects(copy=False) instead. To opt-in to the future behavior, set `pd.set_option('future.no_silent_downcasting', True)`
  crossed_above = fast_above & ~fast_above.shift(1).fillna(False)   # golden cross
/home/ubuntu/algo-trading/strategies/sma_crossover.py:58: FutureWarning: Downcasting object dtype arrays on .fillna, .ffill, .bfill is deprecated and will change in a future version. Call result.infer_objects(copy=False) instead. To opt-in to the future behavior, set `pd.set_option('future.no_silent_downcasting', True)`
  crossed_below = ~fast_above & fast_above.shift(1).fillna(False)   # death cross
/home/ubuntu/algo-trading/strategies/sma_crossover.py:57: FutureWarning: Downcasting object dtype arrays on .fillna, .ffill, .bfill is deprecated and will change in a future version. Call result.infer_objects(copy=False) instead. To opt-in to the future behavior, set `pd.set_option('future.no_silent_downcasting', True)`
  crossed_above = fast_above & ~fast_above.shift(1).fillna(False)   # golden cross
/home/ubuntu/algo-trading/strategies/sma_crossover.py:58: FutureWarning: Downcasting object dtype arrays on .fillna, .ffill, .bfill is deprecated and will change in a future version. Call result.infer_objects(copy=False) instead. To opt-in to the future behavior, set `pd.set_option('future.no_silent_downcasting', True)`
  crossed_below = ~fast_above & fast_above.shift(1).fillna(False)   # death cross
/home/ubuntu/algo-trading/strategies/sma_crossover.py:57: FutureWarning: Downcasting object dtype arrays on .fillna, .ffill, .bfill is deprecated and will change in a future version. Call result.infer_objects(copy=False) instead. To opt-in to the future behavior, set `pd.set_option('future.no_silent_downcasting', True)`
  crossed_above = fast_above & ~fast_above.shift(1).fillna(False)   # golden cross
/home/ubuntu/algo-trading/strategies/sma_crossover.py:58: FutureWarning: Downcasting object dtype arrays on .fillna, .ffill, .bfill is deprecated and will change in a future version. Call result.infer_objects(copy=False) instead. To opt-in to the future behavior, set `pd.set_option('future.no_silent_downcasting', True)`
  crossed_below = ~fast_above & fast_above.shift(1).fillna(False)   # death cross
/home/ubuntu/algo-trading/strategies/sma_crossover.py:57: FutureWarning: Downcasting object dtype arrays on .fillna, .ffill, .bfill is deprecated and will change in a future version. Call result.infer_objects(copy=False) instead. To opt-in to the future behavior, set `pd.set_option('future.no_silent_downcasting', True)`
  crossed_above = fast_above & ~fast_above.shift(1).fillna(False)   # golden cross
/home/ubuntu/algo-trading/strategies/sma_crossover.py:58: FutureWarning: Downcasting object dtype arrays on .fillna, .ffill, .bfill is deprecated and will change in a future version. Call result.infer_objects(copy=False) instead. To opt-in to the future behavior, set `pd.set_option('future.no_silent_downcasting', True)`
  crossed_below = ~fast_above & fast_above.shift(1).fillna(False)   # death cross
/home/ubuntu/algo-trading/strategies/sma_crossover.py:57: FutureWarning: Downcasting object dtype arrays on .fillna, .ffill, .bfill is deprecated and will change in a future version. Call result.infer_objects(copy=False) instead. To opt-in to the future behavior, set `pd.set_option('future.no_silent_downcasting', True)`
  crossed_above = fast_above & ~fast_above.shift(1).fillna(False)   # golden cross
/home/ubuntu/algo-trading/strategies/sma_crossover.py:58: FutureWarning: Downcasting object dtype arrays on .fillna, .ffill, .bfill is deprecated and will change in a future version. Call result.infer_objects(copy=False) instead. To opt-in to the future behavior, set `pd.set_option('future.no_silent_downcasting', True)`
  crossed_below = ~fast_above & fast_above.shift(1).fillna(False)   # death cross
/home/ubuntu/algo-trading/strategies/sma_crossover.py:57: FutureWarning: Downcasting object dtype arrays on .fillna, .ffill, .bfill is deprecated and will change in a future version. Call result.infer_objects(copy=False) instead. To opt-in to the future behavior, set `pd.set_option('future.no_silent_downcasting', True)`
  crossed_above = fast_above & ~fast_above.shift(1).fillna(False)   # golden cross
/home/ubuntu/algo-trading/strategies/sma_crossover.py:58: FutureWarning: Downcasting object dtype arrays on .fillna, .ffill, .bfill is deprecated and will change in a future version. Call result.infer_objects(copy=False) instead. To opt-in to the future behavior, set `pd.set_option('future.no_silent_downcasting', True)`
  crossed_below = ~fast_above & fast_above.shift(1).fillna(False)   # death cross

[paper_trading] Fetching data for 2026-06-25 …
[kite_fetcher] Fetching NSE instrument list from Kite...
[kite_fetcher] Cached 9861 NSE instruments.
[kite_fetcher] SIEMENS.NS: 80 trading days loaded (2026-02-25 → 2026-06-25)
[kite_fetcher] BAJAJ-AUTO.NS: 80 trading days loaded (2026-02-25 → 2026-06-25)
[kite_fetcher] HCLTECH.NS: 80 trading days loaded (2026-02-25 → 2026-06-25)
[kite_fetcher] COLPAL.NS: 80 trading days loaded (2026-02-25 → 2026-06-25)
[kite_fetcher] ANURAS.NS: 80 trading days loaded (2026-02-25 → 2026-06-25)
[kite_fetcher] NEWGEN.NS: 80 trading days loaded (2026-02-25 → 2026-06-25)
[kite_fetcher] JKTYRE.NS: 80 trading days loaded (2026-02-25 → 2026-06-25)
[kite_fetcher] BSOFT.NS: 80 trading days loaded (2026-02-25 → 2026-06-25)
[kite_fetcher] PERSISTENT.NS: 80 trading days loaded (2026-02-25 → 2026-06-25)
[paper_trading] Checking NIFTY 50 market regime …
[kite_fetcher] NIFTY 50.NS: 60 trading days loaded (2026-03-27 → 2026-06-25)
  [NIFTY] 2026-06-25 | close ₹24,052.95 | SMA20 ₹23,653.94 | SMA50 ₹23,851.90 | gap -0.83% → regime: BEAR

[paper_trading] Checking corporate actions …
  [CORP_ACTION] SIEMENS.NS: clear — no material actions between 2026-06-25 and 2026-06-30
  [CORP_ACTION] BAJAJ-AUTO.NS: clear — no material actions between 2026-06-25 and 2026-06-30
  [CORP_ACTION] HCLTECH.NS: clear — no material actions between 2026-06-25 and 2026-06-30
  [CORP_ACTION] COLPAL.NS: clear — no material actions between 2026-06-25 and 2026-06-30
  [CORP_ACTION] ANURAS.NS: clear — no material actions between 2026-06-25 and 2026-06-30
  [CORP_ACTION] NEWGEN.NS: clear — no material actions between 2026-06-25 and 2026-06-30
  [CORP_ACTION] JKTYRE.NS: clear — no material actions between 2026-06-25 and 2026-06-30
  [CORP_ACTION] BSOFT.NS: clear — no material actions between 2026-06-25 and 2026-06-30
  [CORP_ACTION] PERSISTENT.NS: clear — no material actions between 2026-06-25 and 2026-06-30

[paper_trading] Running signal pipeline for 9 stocks …

[strategy] SMA(20/50): 1 buy signals, 1 sell signals
[strategy] SMA(20/50): 1 buy signals, 1 sell signals
[strategy] SMA(20/50): 0 buy signals, 0 sell signals
[strategy] SMA(20/50): 1 buy signals, 1 sell signals
[strategy] SMA(20/50): 1 buy signals, 1 sell signals
[strategy] SMA(20/50): 2 buy signals, 1 sell signals
[strategy] SMA(20/50): 0 buy signals, 0 sell signals
[strategy] SMA(20/50): 1 buy signals, 1 sell signals
[strategy] SMA(20/50): 2 buy signals, 2 sell signals
[kite_fetcher] NIFTYBEES.NS: 9 trading days loaded (2026-06-15 → 2026-06-25)
ETF REBALANCE | tier 0%→100% | NIFTYBEES +142 shares @ ₹273.55 | ETF value ₹38844 | cash ₹81

[paper_trading] Portfolio state saved.

==============================================================
  NSE PAPER TRADING SIGNAL REPORT
  Date: Thursday, 25 June 2026  |  Run: 3:45 PM IST  |  NIFTY Regime: BEAR
==============================================================

  PORTFOLIO SUMMARY
  Cash available    : ₹       80.70
  Invested value    : ₹        0.00
  Total value       : ₹   38,924.80
  P&L vs start      : ₹-61,075.20  (-61.08%)
  Open positions    : 0 / 9 stocks
  NIFTYBEES ETF     : 142 units | tier 100% | value ₹38844
  Completed trades  : 4

  TODAY'S SIGNALS
  ┌────────────────┬────────────┬─────────────┬───────────┬───────────────────────────────┐
  │ Stock          │ Signal     │ Price       │ Shares    │ Reason                        │
  ├────────────────┼────────────┼─────────────┼───────────┼───────────────────────────────┤
  │ SIEMENS.NS     │ HOLD       │ ₹3,633.00   │ —         │ No signal                     │
  │ BAJAJ-AUTO.NS  │ SELL       │ ₹9,850.00   │ 1 shr     │ Death cross — SMA20 crossed   │
  │ HCLTECH.NS     │ HOLD       │ ₹1,101.00   │ —         │ No signal                     │
  │ COLPAL.NS      │ HOLD       │ ₹1,990.10   │ —         │ No signal                     │
  │ ANURAS.NS      │ HOLD       │ ₹1,265.10   │ —         │ No signal                     │
  │ NEWGEN.NS      │ HOLD       │ ₹473.55     │ —         │ No signal                     │
  │ JKTYRE.NS      │ HOLD       │ ₹397.25     │ —         │ No signal                     │
  │ BSOFT.NS       │ HOLD       │ ₹301.75     │ —         │ No signal                     │
  │ PERSISTENT.NS  │ HOLD       │ ₹4,846.50   │ —         │ No signal                     │
  └────────────────┴────────────┴─────────────┴───────────┴───────────────────────────────┘

  ACTIONS TAKEN
  ✓ SELL 1 shares @ ₹9845.08 [STRATEGY_SIGNAL]  net P&L ₹-467
    Cost breakdown: brokerage=₹20.00 | STT=₹2.46 | slippage=₹4.92* | SEBI=₹0.01 | exchange=₹0.33 | GST=₹3.60 | stamp=₹0.00 | TOTAL=₹26.40  (* already in exec_price)

  Next run: Monday 29 Jun 3:45 PM IST
  Log saved: paper_trading/signal_log.csv
==============================================================
[paper_trading] Signal log appended → paper_trading/signal_log.csv

  ────────────────────────────────────────────────────────────
  AMO ORDERS QUEUED FOR TOMORROW
  BAJAJ-AUTO.NS   SELL    1 shr | signal ₹9,850.00 | limit ₹9,800.75 [DRY RUN]
  ────────────────────────────────────────────────────────────
[run_daily] Completed: 2026-06-25 10:15:24

