========================================
Run started: 2026-06-24 10:15:01
========================================
[run_daily] Refreshing access token via auto_login.py
[auto_login] Step 1: Seeding session cookies…
[auto_login] Step 1 OK (status 405)
[auto_login] Step 2: Submitting user ID and password…
[auto_login] Step 2 OK — request_id: T3VXO0Cqjp…
[auto_login] Step 3: Submitting TOTP 614131  (28s remaining)…
[auto_login] Step 4 OK — 2FA accepted, session is now authenticated
[auto_login] Step 5: Following OAuth redirect chain…
[auto_login]   hop 1: 302  →  https://kite.zerodha.com/connect/finish?api_key=7g9gybqj3woxntss&sess_id=vFVUUJH
[auto_login]   hop 2: 302  →  https://127.0.0.1/?action=login&type=login&status=success&request_token=I6bbvuZy
[auto_login] Step 5 OK — request_token captured (32 chars)
[auto_login] Step 6: Exchanging request_token for access_token…
[auto_login] Step 7 OK — token saved → /home/ubuntu/algo-trading/auth/access_token.txt
[auto_login] Login successful — Aarav Piyush Agarwal (aaravpagarwal07@gmail.com)
[run_daily] Running signal_runner.py
/home/ubuntu/algo-trading/strategies/sma_crossover.py:57: FutureWarning: Downcasting object dtype arrays on .fillna, .ffill, .bfill is deprecated and will change in a future version. Call result.infer_objects(copy=False) instead. To opt-in to the future behavior, set `pd.set_option('future.no_silent_downcasting', True)`
  crossed_above = fast_above & ~fast_above.shift(1).fillna(False)   # golden cross
/home/ubuntu/algo-trading/strategies/sma_crossover.py:58: FutureWarning: Downcasting object dtype arrays on .fillna, .ffill, .bfill is deprecated and will change in a future version. Call result.infer_objects(copy=False) instead. To opt-in to the future behavior, set `pd.set_option('future.no_silent_downcasting', True)`
  crossed_below = ~fast_above & fast_above.shift(1).fillna(False)   # death cross
/home/ubuntu/algo-trading/strategies/sma_crossover.py:57: FutureWarning: Downcasting object dtype arrays on .fillna, .ffill, .bfill is deprecated and will change in a future version. Call result.infer_objects(copy=False) instead. To opt-in to the future behavior, set `pd.set_option('future.no_silent_downcasting', True)`
  crossed_above = fast_above & ~fast_above.shift(1).fillna(False)   # golden cross
/home/ubuntu/algo-trading/strategies/sma_crossover.py:58: FutureWarning: Downcasting object dtype arrays on .fillna, .ffill, .bfill is deprecated and will change in a future version. Call result.infer_objects(copy=False) instead. To opt-in to the future behavior, set `pd.set_option('future.no_silent_downcasting', True)`
  crossed_below = ~fast_above & fast_above.shift(1).fillna(False)   # death cross
/home/ubuntu/algo-trading/strategies/sma_crossover.py:57: FutureWarning: Downcasting object dtype arrays on .fillna, .ffill, .bfill is deprecated and will change in a future version. Call result.infer_objects(copy=False) instead. To opt-in to the future behavior, set `pd.set_option('future.no_silent_downcasting', True)`
  crossed_above = fast_above & ~fast_above.shift(1).fillna(False)   # golden cross
/home/ubuntu/algo-trading/strategies/sma_crossover.py:58: FutureWarning: Downcasting object dtype arrays on .fillna, .ffill, .bfill is deprecated and will change in a future version. Call result.infer_objects(copy=False) instead. To opt-in to the future behavior, set `pd.set_option('future.no_silent_downcasting', True)`
  crossed_below = ~fast_above & fast_above.shift(1).fillna(False)   # death cross
/home/ubuntu/algo-trading/strategies/sma_crossover.py:57: FutureWarning: Downcasting object dtype arrays on .fillna, .ffill, .bfill is deprecated and will change in a future version. Call result.infer_objects(copy=False) instead. To opt-in to the future behavior, set `pd.set_option('future.no_silent_downcasting', True)`
  crossed_above = fast_above & ~fast_above.shift(1).fillna(False)   # golden cross
/home/ubuntu/algo-trading/strategies/sma_crossover.py:58: FutureWarning: Downcasting object dtype arrays on .fillna, .ffill, .bfill is deprecated and will change in a future version. Call result.infer_objects(copy=False) instead. To opt-in to the future behavior, set `pd.set_option('future.no_silent_downcasting', True)`
  crossed_below = ~fast_above & fast_above.shift(1).fillna(False)   # death cross
/home/ubuntu/algo-trading/strategies/sma_crossover.py:57: FutureWarning: Downcasting object dtype arrays on .fillna, .ffill, .bfill is deprecated and will change in a future version. Call result.infer_objects(copy=False) instead. To opt-in to the future behavior, set `pd.set_option('future.no_silent_downcasting', True)`
  crossed_above = fast_above & ~fast_above.shift(1).fillna(False)   # golden cross
/home/ubuntu/algo-trading/strategies/sma_crossover.py:58: FutureWarning: Downcasting object dtype arrays on .fillna, .ffill, .bfill is deprecated and will change in a future version. Call result.infer_objects(copy=False) instead. To opt-in to the future behavior, set `pd.set_option('future.no_silent_downcasting', True)`
  crossed_below = ~fast_above & fast_above.shift(1).fillna(False)   # death cross
/home/ubuntu/algo-trading/strategies/sma_crossover.py:57: FutureWarning: Downcasting object dtype arrays on .fillna, .ffill, .bfill is deprecated and will change in a future version. Call result.infer_objects(copy=False) instead. To opt-in to the future behavior, set `pd.set_option('future.no_silent_downcasting', True)`
  crossed_above = fast_above & ~fast_above.shift(1).fillna(False)   # golden cross
/home/ubuntu/algo-trading/strategies/sma_crossover.py:58: FutureWarning: Downcasting object dtype arrays on .fillna, .ffill, .bfill is deprecated and will change in a future version. Call result.infer_objects(copy=False) instead. To opt-in to the future behavior, set `pd.set_option('future.no_silent_downcasting', True)`
  crossed_below = ~fast_above & fast_above.shift(1).fillna(False)   # death cross
/home/ubuntu/algo-trading/strategies/sma_crossover.py:57: FutureWarning: Downcasting object dtype arrays on .fillna, .ffill, .bfill is deprecated and will change in a future version. Call result.infer_objects(copy=False) instead. To opt-in to the future behavior, set `pd.set_option('future.no_silent_downcasting', True)`
  crossed_above = fast_above & ~fast_above.shift(1).fillna(False)   # golden cross
/home/ubuntu/algo-trading/strategies/sma_crossover.py:58: FutureWarning: Downcasting object dtype arrays on .fillna, .ffill, .bfill is deprecated and will change in a future version. Call result.infer_objects(copy=False) instead. To opt-in to the future behavior, set `pd.set_option('future.no_silent_downcasting', True)`
  crossed_below = ~fast_above & fast_above.shift(1).fillna(False)   # death cross
/home/ubuntu/algo-trading/strategies/sma_crossover.py:57: FutureWarning: Downcasting object dtype arrays on .fillna, .ffill, .bfill is deprecated and will change in a future version. Call result.infer_objects(copy=False) instead. To opt-in to the future behavior, set `pd.set_option('future.no_silent_downcasting', True)`
  crossed_above = fast_above & ~fast_above.shift(1).fillna(False)   # golden cross
/home/ubuntu/algo-trading/strategies/sma_crossover.py:58: FutureWarning: Downcasting object dtype arrays on .fillna, .ffill, .bfill is deprecated and will change in a future version. Call result.infer_objects(copy=False) instead. To opt-in to the future behavior, set `pd.set_option('future.no_silent_downcasting', True)`
  crossed_below = ~fast_above & fast_above.shift(1).fillna(False)   # death cross
/home/ubuntu/algo-trading/strategies/sma_crossover.py:57: FutureWarning: Downcasting object dtype arrays on .fillna, .ffill, .bfill is deprecated and will change in a future version. Call result.infer_objects(copy=False) instead. To opt-in to the future behavior, set `pd.set_option('future.no_silent_downcasting', True)`
  crossed_above = fast_above & ~fast_above.shift(1).fillna(False)   # golden cross
/home/ubuntu/algo-trading/strategies/sma_crossover.py:58: FutureWarning: Downcasting object dtype arrays on .fillna, .ffill, .bfill is deprecated and will change in a future version. Call result.infer_objects(copy=False) instead. To opt-in to the future behavior, set `pd.set_option('future.no_silent_downcasting', True)`
  crossed_below = ~fast_above & fast_above.shift(1).fillna(False)   # death cross
/home/ubuntu/algo-trading/strategies/sma_crossover.py:57: FutureWarning: Downcasting object dtype arrays on .fillna, .ffill, .bfill is deprecated and will change in a future version. Call result.infer_objects(copy=False) instead. To opt-in to the future behavior, set `pd.set_option('future.no_silent_downcasting', True)`
  crossed_above = fast_above & ~fast_above.shift(1).fillna(False)   # golden cross
/home/ubuntu/algo-trading/strategies/sma_crossover.py:58: FutureWarning: Downcasting object dtype arrays on .fillna, .ffill, .bfill is deprecated and will change in a future version. Call result.infer_objects(copy=False) instead. To opt-in to the future behavior, set `pd.set_option('future.no_silent_downcasting', True)`
  crossed_below = ~fast_above & fast_above.shift(1).fillna(False)   # death cross
/home/ubuntu/algo-trading/strategies/sma_crossover.py:57: FutureWarning: Downcasting object dtype arrays on .fillna, .ffill, .bfill is deprecated and will change in a future version. Call result.infer_objects(copy=False) instead. To opt-in to the future behavior, set `pd.set_option('future.no_silent_downcasting', True)`
  crossed_above = fast_above & ~fast_above.shift(1).fillna(False)   # golden cross
/home/ubuntu/algo-trading/strategies/sma_crossover.py:58: FutureWarning: Downcasting object dtype arrays on .fillna, .ffill, .bfill is deprecated and will change in a future version. Call result.infer_objects(copy=False) instead. To opt-in to the future behavior, set `pd.set_option('future.no_silent_downcasting', True)`
  crossed_below = ~fast_above & fast_above.shift(1).fillna(False)   # death cross

[paper_trading] Fetching data for 2026-06-24 …
[kite_fetcher] WHIRLPOOL.NS: 80 trading days loaded (2026-02-24 → 2026-06-24)
[kite_fetcher] SIEMENS.NS: 80 trading days loaded (2026-02-24 → 2026-06-24)
[kite_fetcher] BAJAJ-AUTO.NS: 80 trading days loaded (2026-02-24 → 2026-06-24)
[kite_fetcher] HCLTECH.NS: 80 trading days loaded (2026-02-24 → 2026-06-24)
[kite_fetcher] COLPAL.NS: 80 trading days loaded (2026-02-24 → 2026-06-24)
[kite_fetcher] ANURAS.NS: 80 trading days loaded (2026-02-24 → 2026-06-24)
[kite_fetcher] HEROMOTOCO.NS: 80 trading days loaded (2026-02-24 → 2026-06-24)
[kite_fetcher] NEWGEN.NS: 80 trading days loaded (2026-02-24 → 2026-06-24)
[kite_fetcher] JKTYRE.NS: 80 trading days loaded (2026-02-24 → 2026-06-24)
[kite_fetcher] BSOFT.NS: 80 trading days loaded (2026-02-24 → 2026-06-24)
[kite_fetcher] PERSISTENT.NS: 80 trading days loaded (2026-02-24 → 2026-06-24)
[paper_trading] Checking NIFTY 50 market regime …
[kite_fetcher] NIFTY 50.NS: 59 trading days loaded (2026-03-27 → 2026-06-24)
  [NIFTY] 2026-06-24 | close ₹24,013.15 | SMA20 ₹23,646.22 | SMA50 ₹23,847.52 | gap -0.84% → regime: BEAR

[paper_trading] Checking corporate actions …
  [CORP_ACTION] WHIRLPOOL.NS: clear — no material actions between 2026-06-24 and 2026-06-29
  [CORP_ACTION] SIEMENS.NS: clear — no material actions between 2026-06-24 and 2026-06-29
  [CORP_ACTION] BAJAJ-AUTO.NS: BUYBACK on 2026-06-24 — below threshold, no skip (BUYBACK — no price distortion expected)
  [CORP_ACTION] BAJAJ-AUTO.NS: clear — no material actions between 2026-06-24 and 2026-06-29
  [CORP_ACTION] HCLTECH.NS: clear — no material actions between 2026-06-24 and 2026-06-29
  [CORP_ACTION] COLPAL.NS: clear — no material actions between 2026-06-24 and 2026-06-29
  [CORP_ACTION] ANURAS.NS: clear — no material actions between 2026-06-24 and 2026-06-29
  [CORP_ACTION] HEROMOTOCO.NS: clear — no material actions between 2026-06-24 and 2026-06-29
  [CORP_ACTION] NEWGEN.NS: clear — no material actions between 2026-06-24 and 2026-06-29
  [CORP_ACTION] JKTYRE.NS: clear — no material actions between 2026-06-24 and 2026-06-29
  [CORP_ACTION] BSOFT.NS: clear — no material actions between 2026-06-24 and 2026-06-29
  [CORP_ACTION] PERSISTENT.NS: clear — no material actions between 2026-06-24 and 2026-06-29

[paper_trading] Running signal pipeline for 11 stocks …

[strategy] SMA(20/50): 1 buy signals, 1 sell signals
[strategy] SMA(20/50): 1 buy signals, 1 sell signals
[strategy] SMA(20/50): 1 buy signals, 0 sell signals
[strategy] SMA(20/50): 0 buy signals, 0 sell signals
[strategy] SMA(20/50): 1 buy signals, 1 sell signals
[strategy] SMA(20/50): 1 buy signals, 1 sell signals
[strategy] SMA(20/50): 0 buy signals, 0 sell signals
[strategy] SMA(20/50): 2 buy signals, 1 sell signals
[strategy] SMA(20/50): 0 buy signals, 0 sell signals
[strategy] SMA(20/50): 1 buy signals, 1 sell signals
[strategy] SMA(20/50): 1 buy signals, 1 sell signals
[kite_fetcher] NIFTYBEES.NS: 8 trading days loaded (2026-06-15 → 2026-06-24)
ETF REBALANCE | tier 0%→60% | NIFTYBEES +216 shares @ ₹272.74 | ETF value ₹58912 | cash ₹18042

[paper_trading] Portfolio state saved.

==============================================================
  NSE PAPER TRADING SIGNAL REPORT
  Date: Wednesday, 24 June 2026  |  Run: 3:45 PM IST  |  NIFTY Regime: BEAR
==============================================================

  PORTFOLIO SUMMARY
  Cash available    : ₹   18,042.13
  Invested value    : ₹   20,429.00
  Total value       : ₹   97,382.97
  P&L vs start      : ₹-2,617.03  (-2.62%)
  Open positions    : 2 / 11 stocks
  NIFTYBEES ETF     : 216 units | tier 60% | value ₹58912
  Completed trades  : 2

  TODAY'S SIGNALS
  ┌────────────────┬────────────┬─────────────┬───────────┬───────────────────────────────┐
  │ Stock          │ Signal     │ Price       │ Shares    │ Reason                        │
  ├────────────────┼────────────┼─────────────┼───────────┼───────────────────────────────┤
  │ WHIRLPOOL.NS   │ HOLD       │ ₹815.00     │ —         │ No signal                     │
  │ SIEMENS.NS     │ HOLD       │ ₹3,558.00   │ —         │ In position — no exit signal  │
  │ BAJAJ-AUTO.NS  │ HOLD       │ ₹9,755.00   │ —         │ In position — no exit signal  │
  │ HCLTECH.NS     │ HOLD       │ ₹1,112.50   │ —         │ No signal                     │
  │ COLPAL.NS      │ HOLD       │ ₹1,964.00   │ —         │ No signal                     │
  │ ANURAS.NS      │ HOLD       │ ₹1,286.00   │ —         │ No signal                     │
  │ HEROMOTOCO.NS  │ HOLD       │ ₹4,892.00   │ —         │ No signal                     │
  │ NEWGEN.NS      │ HOLD       │ ₹473.00     │ —         │ No signal                     │
  │ JKTYRE.NS      │ HOLD       │ ₹402.25     │ —         │ No signal                     │
  │ BSOFT.NS       │ HOLD       │ ₹308.00     │ —         │ No signal                     │
  │ PERSISTENT.NS  │ HOLD       │ ₹4,911.00   │ —         │ No signal                     │
  └────────────────┴────────────┴─────────────┴───────────┴───────────────────────────────┘

  OPEN POSITION RISK LEVELS
  SIEMENS.NS     : entry ₹3,731.56 | current ₹3,558.00 | chandelier ₹3,366.00 | P&L -4.7%
  BAJAJ-AUTO.NS  : entry ₹10,286.14 | current ₹9,755.00 | chandelier ₹9,747.79 | P&L -5.2%

  ACTIONS TAKEN: none (all HOLD)

  Next run: Thursday 25 Jun 3:45 PM IST
  Log saved: paper_trading/signal_log.csv
==============================================================
[paper_trading] Signal log appended → paper_trading/signal_log.csv
[run_daily] Completed: 2026-06-24 10:15:28

