========================================
Run started: 2026-07-08 10:15:01
========================================
[run_daily] Refreshing access token via auto_login.py
[auto_login] Step 1: Seeding session cookies…
[auto_login] Step 1 OK (status 405)
[auto_login] Step 2: Submitting user ID and password…
[auto_login] Step 2 OK — request_id: M2B0KfpiWO…
[auto_login] Step 3: Submitting TOTP 388220  (28s remaining)…
[auto_login] Step 4 OK — 2FA accepted, session is now authenticated
[auto_login] Step 5: Following OAuth redirect chain…
[auto_login]   hop 1: 302  →  https://kite.zerodha.com/connect/finish?api_key=7g9gybqj3woxntss&sess_id=yNT4Rqd
[auto_login]   hop 2: 302  →  https://127.0.0.1/?action=login&type=login&status=success&request_token=pj4ozu5F
[auto_login] Step 5 OK — request_token captured (32 chars)
[auto_login] Step 6: Exchanging request_token for access_token…
[auto_login] Step 7 OK — token saved → /home/ubuntu/algo-trading/auth/access_token.txt
[auto_login] Login successful — Aarav Piyush Agarwal (aaravpagarwal07@gmail.com)
[run_daily] Running signal_runner.py

[paper_trading] Fetching data for 2026-07-08 …
[kite_fetcher] Fetching NSE instrument list from Kite...
[kite_fetcher] Cached 9904 NSE instruments.
[kite_fetcher] BAJAJ-AUTO.NS: 80 trading days loaded (2026-03-10 → 2026-07-08)
[kite_fetcher] HCLTECH.NS: 80 trading days loaded (2026-03-10 → 2026-07-08)
[kite_fetcher] COLPAL.NS: 80 trading days loaded (2026-03-10 → 2026-07-08)
[kite_fetcher] ANURAS.NS: 80 trading days loaded (2026-03-10 → 2026-07-08)
[kite_fetcher] NEWGEN.NS: 80 trading days loaded (2026-03-10 → 2026-07-08)
[kite_fetcher] BSOFT.NS: 80 trading days loaded (2026-03-10 → 2026-07-08)
[kite_fetcher] PERSISTENT.NS: 80 trading days loaded (2026-03-10 → 2026-07-08)
[kite_fetcher] NIFTYBEES.NS: 8 trading days loaded (2026-06-29 → 2026-07-08)
[paper_trading] Checking NIFTY 50 market regime …
[kite_fetcher] NIFTY 50.NS: 61 trading days loaded (2026-04-09 → 2026-07-08)
  [NIFTY] 2026-07-08 | close ₹23,895.70 | SMA20 ₹23,955.16 | SMA50 ₹23,828.30 | gap +0.53% → regime: BULL

[paper_trading] Checking corporate actions …
  [CORP_ACTION] BAJAJ-AUTO.NS: clear — no material actions between 2026-07-08 and 2026-07-10
  [CORP_ACTION] HCLTECH.NS: clear — no material actions between 2026-07-08 and 2026-07-10
  [CORP_ACTION] COLPAL.NS: clear — no material actions between 2026-07-08 and 2026-07-10
  [CORP_ACTION] ANURAS.NS: clear — no material actions between 2026-07-08 and 2026-07-10
  [CORP_ACTION] NEWGEN.NS: clear — no material actions between 2026-07-08 and 2026-07-10
  [CORP_ACTION] BSOFT.NS: SKIP — DIVIDEND Rs 4.00 (1.47% of ₹272 ≥ 1% threshold) | ex-date 2026-07-10
  [CORP_ACTION] PERSISTENT.NS: clear — no material actions between 2026-07-08 and 2026-07-10

[paper_trading] Running signal pipeline for 7 stocks …

[strategy] SMA(20/50): 1 buy signals, 1 sell signals
[strategy] SMA(20/50): 0 buy signals, 0 sell signals
[strategy] SMA(20/50): 1 buy signals, 1 sell signals
[strategy] SMA(20/50): 1 buy signals, 1 sell signals
[strategy] SMA(20/50): 2 buy signals, 1 sell signals
  [CORP_ACTION] BSOFT.NS SKIPPED — DIVIDEND Rs 4.00 (1.47% of ₹272 ≥ 1% threshold) | ex-date 2026-07-10
[strategy] SMA(20/50): 1 buy signals, 1 sell signals

[paper_trading] Portfolio state saved.

==============================================================
  NSE PAPER TRADING SIGNAL REPORT
  Date: Wednesday, 08 July 2026  |  Run: 3:45 PM IST  |  NIFTY Regime: BULL
==============================================================

  PORTFOLIO SUMMARY
  Cash available    : ₹      243.49
  Invested value    : ₹        0.00
  Total value       : ₹   97,783.79
  P&L vs start      : ₹-2,216.21  (-2.22%)
  Open positions    : 0 / 7 stocks
  NIFTYBEES ETF     : 359 units | tier 100% | value ₹97540
  Completed trades  : 4

  TODAY'S SIGNALS
  ┌────────────────┬────────────┬─────────────┬───────────┬───────────────────────────────┐
  │ Stock          │ Signal     │ Price       │ Shares    │ Reason                        │
  ├────────────────┼────────────┼─────────────┼───────────┼───────────────────────────────┤
  │ BAJAJ-AUTO.NS  │ HOLD       │ ₹10,178.50  │ —         │ No signal                     │
  │ HCLTECH.NS     │ HOLD       │ ₹1,141.70   │ —         │ No signal                     │
  │ COLPAL.NS      │ HOLD       │ ₹2,028.90   │ —         │ No signal                     │
  │ ANURAS.NS      │ HOLD       │ ₹1,260.00   │ —         │ No signal                     │
  │ NEWGEN.NS      │ HOLD       │ ₹466.00     │ —         │ No signal                     │
  │ BSOFT.NS       │ SKIP_CA    │ ₹272.10     │ —         │ DIVIDEND Rs 4.00 (1.47% of ₹  │
  │ PERSISTENT.NS  │ HOLD       │ ₹4,761.00   │ —         │ No signal                     │
  └────────────────┴────────────┴─────────────┴───────────┴───────────────────────────────┘

  ACTIONS TAKEN: none (all HOLD)

  Next run: Thursday 09 Jul 3:45 PM IST
  Log saved: paper_trading/signal_log.csv
==============================================================
[paper_trading] Signal log appended → paper_trading/signal_log.csv
[run_daily] Completed: 2026-07-08 10:15:27

