========================================
Run started: 2026-07-13 10:15:01
========================================
[run_daily] Refreshing access token via auto_login.py
[auto_login] Step 1: Seeding session cookies…
[auto_login] Step 1 OK (status 405)
[auto_login] Step 2: Submitting user ID and password…
[auto_login] Step 2 OK — request_id: q4RiyR3gf9…
[auto_login] Step 3: Submitting TOTP 418820  (28s remaining)…
[auto_login] Step 4 OK — 2FA accepted, session is now authenticated
[auto_login] Step 5: Following OAuth redirect chain…
[auto_login]   hop 1: 302  →  https://kite.zerodha.com/connect/finish?api_key=7g9gybqj3woxntss&sess_id=a32gX5Q
[auto_login]   hop 2: 302  →  https://127.0.0.1/?action=login&type=login&status=success&request_token=hkYgX3JO
[auto_login] Step 5 OK — request_token captured (32 chars)
[auto_login] Step 6: Exchanging request_token for access_token…
[auto_login] Step 7 OK — token saved → /home/ubuntu/algo-trading/auth/access_token.txt
[auto_login] Login successful — Aarav Piyush Agarwal (aaravpagarwal07@gmail.com)
[run_daily] Running signal_runner.py

[paper_trading] Fetching data for 2026-07-13 …
[kite_fetcher] Fetching NSE instrument list from Kite...
[kite_fetcher] Cached 9946 NSE instruments.
[kite_fetcher] BAJAJ-AUTO.NS: 79 trading days loaded (2026-03-16 → 2026-07-13)
[kite_fetcher] HCLTECH.NS: 79 trading days loaded (2026-03-16 → 2026-07-13)
[kite_fetcher] COLPAL.NS: 79 trading days loaded (2026-03-16 → 2026-07-13)
[kite_fetcher] ANURAS.NS: 79 trading days loaded (2026-03-16 → 2026-07-13)
[kite_fetcher] BSOFT.NS: 79 trading days loaded (2026-03-16 → 2026-07-13)
[kite_fetcher] PERSISTENT.NS: 79 trading days loaded (2026-03-16 → 2026-07-13)
[kite_fetcher] CHOLAHLDNG.NS: 79 trading days loaded (2026-03-16 → 2026-07-13)
[kite_fetcher] COHANCE.NS: 79 trading days loaded (2026-03-16 → 2026-07-13)
[kite_fetcher] MAPMYINDIA.NS: 79 trading days loaded (2026-03-16 → 2026-07-13)
[kite_fetcher] NIFTYBEES.NS: 7 trading days loaded (2026-07-03 → 2026-07-13)
[paper_trading] Checking NIFTY 50 market regime …
[kite_fetcher] NIFTY 50.NS: 61 trading days loaded (2026-04-15 → 2026-07-13)
  [NIFTY] 2026-07-13 | close ₹24,211.15 | SMA20 ₹24,073.54 | SMA50 ₹23,830.32 | gap +1.02% → regime: BULL

[paper_trading] Checking corporate actions …
  [CORP_ACTION] BAJAJ-AUTO.NS: clear — no material actions between 2026-07-13 and 2026-07-15
  [CORP_ACTION] HCLTECH.NS: clear — no material actions between 2026-07-13 and 2026-07-15
  [CORP_ACTION] COLPAL.NS: clear — no material actions between 2026-07-13 and 2026-07-15
  [CORP_ACTION] ANURAS.NS: clear — no material actions between 2026-07-13 and 2026-07-15
  [CORP_ACTION] BSOFT.NS: clear — no material actions between 2026-07-13 and 2026-07-15
  [CORP_ACTION] PERSISTENT.NS: clear — no material actions between 2026-07-13 and 2026-07-15
  [CORP_ACTION] CHOLAHLDNG.NS: clear — no material actions between 2026-07-13 and 2026-07-15
  [CORP_ACTION] COHANCE.NS: clear — no material actions between 2026-07-13 and 2026-07-15
  [CORP_ACTION] MAPMYINDIA.NS: clear — no material actions between 2026-07-13 and 2026-07-15

[paper_trading] Running signal pipeline for 9 stocks …

[strategy] SMA(20/50): 1 buy signals, 1 sell signals
[strategy] SMA(20/50): 0 buy signals, 0 sell signals
[strategy] SMA(20/50): 1 buy signals, 1 sell signals
[strategy] SMA(20/50): 1 buy signals, 1 sell signals
[strategy] SMA(20/50): 0 buy signals, 0 sell signals
[strategy] SMA(20/50): 1 buy signals, 1 sell signals
[strategy] SMA(20/50): 2 buy signals, 1 sell signals
[strategy] SMA(20/50): 1 buy signals, 1 sell signals
[strategy] SMA(20/50): 2 buy signals, 1 sell signals
  HURST_SKIP | MAPMYINDIA.NS | H=0.352 < 0.48 | golden cross suppressed — stock in mean-reversion regime

[paper_trading] Portfolio state saved.

==============================================================
  NSE PAPER TRADING SIGNAL REPORT
  Date: Monday, 13 July 2026  |  Run: 3:45 PM IST  |  NIFTY Regime: BULL
==============================================================

  PORTFOLIO SUMMARY
  Cash available    : ₹      243.49
  Invested value    : ₹        0.00
  Total value       : ₹   99,022.34
  P&L vs start      : ₹-977.66  (-0.98%)
  Open positions    : 0 / 9 stocks
  NIFTYBEES ETF     : 359 units | tier 100% | value ₹98779
  Completed trades  : 4

  TODAY'S SIGNALS
  ┌────────────────┬────────────┬─────────────┬───────────┬───────────────────────────────┐
  │ Stock          │ Signal     │ Price       │ Shares    │ Reason                        │
  ├────────────────┼────────────┼─────────────┼───────────┼───────────────────────────────┤
  │ BAJAJ-AUTO.NS  │ HOLD       │ ₹10,410.00  │ —         │ No signal                     │
  │ HCLTECH.NS     │ HOLD       │ ₹1,224.00   │ —         │ No signal                     │
  │ COLPAL.NS      │ HOLD       │ ₹2,026.00   │ —         │ No signal                     │
  │ ANURAS.NS      │ HOLD       │ ₹1,256.50   │ —         │ No signal                     │
  │ BSOFT.NS       │ HOLD       │ ₹299.80     │ —         │ No signal                     │
  │ PERSISTENT.NS  │ HOLD       │ ₹5,186.90   │ —         │ No signal                     │
  │ CHOLAHLDNG.NS  │ HOLD       │ ₹1,649.50   │ —         │ No signal                     │
  │ COHANCE.NS     │ HOLD       │ ₹448.30     │ —         │ No signal                     │
  │ MAPMYINDIA.NS  │ HURST_SKIP │ ₹1,183.00   │ —         │ Live Hurst 0.352 < threshold  │
  └────────────────┴────────────┴─────────────┴───────────┴───────────────────────────────┘

  ACTIONS TAKEN: none (all HOLD)

  Next run: Tuesday 14 Jul 3:45 PM IST
  Log saved: paper_trading/signal_log.csv
==============================================================
[paper_trading] Signal log appended → paper_trading/signal_log.csv
[run_daily] Completed: 2026-07-13 10:15:34

