========================================
Run started: 2026-07-01 10:15:01
========================================
[run_daily] Refreshing access token via auto_login.py
[auto_login] Step 1: Seeding session cookies…
[auto_login] Step 1 OK (status 405)
[auto_login] Step 2: Submitting user ID and password…
[auto_login] Step 2 OK — request_id: MU69zQ5AO2…
[auto_login] Step 3: Submitting TOTP 100205  (28s remaining)…
[auto_login] Step 4 OK — 2FA accepted, session is now authenticated
[auto_login] Step 5: Following OAuth redirect chain…
[auto_login]   hop 1: 302  →  https://kite.zerodha.com/connect/finish?api_key=7g9gybqj3woxntss&sess_id=hUxAymh
[auto_login]   hop 2: 302  →  https://127.0.0.1/?type=login&status=success&request_token=nZsLaO3H1E9d8ofZPY8mD
[auto_login] Step 5 OK — request_token captured (32 chars)
[auto_login] Step 6: Exchanging request_token for access_token…
[auto_login] Step 7 OK — token saved → /home/ubuntu/algo-trading/auth/access_token.txt
[auto_login] Login successful — Aarav Piyush Agarwal (aaravpagarwal07@gmail.com)
[run_daily] Running signal_runner.py
/home/ubuntu/algo-trading/strategies/sma_crossover.py:57: FutureWarning: Downcasting object dtype arrays on .fillna, .ffill, .bfill is deprecated and will change in a future version. Call result.infer_objects(copy=False) instead. To opt-in to the future behavior, set `pd.set_option('future.no_silent_downcasting', True)`
  crossed_above = fast_above & ~fast_above.shift(1).fillna(False)   # golden cross
/home/ubuntu/algo-trading/strategies/sma_crossover.py:58: FutureWarning: Downcasting object dtype arrays on .fillna, .ffill, .bfill is deprecated and will change in a future version. Call result.infer_objects(copy=False) instead. To opt-in to the future behavior, set `pd.set_option('future.no_silent_downcasting', True)`
  crossed_below = ~fast_above & fast_above.shift(1).fillna(False)   # death cross
/home/ubuntu/algo-trading/strategies/sma_crossover.py:57: FutureWarning: Downcasting object dtype arrays on .fillna, .ffill, .bfill is deprecated and will change in a future version. Call result.infer_objects(copy=False) instead. To opt-in to the future behavior, set `pd.set_option('future.no_silent_downcasting', True)`
  crossed_above = fast_above & ~fast_above.shift(1).fillna(False)   # golden cross
/home/ubuntu/algo-trading/strategies/sma_crossover.py:58: FutureWarning: Downcasting object dtype arrays on .fillna, .ffill, .bfill is deprecated and will change in a future version. Call result.infer_objects(copy=False) instead. To opt-in to the future behavior, set `pd.set_option('future.no_silent_downcasting', True)`
  crossed_below = ~fast_above & fast_above.shift(1).fillna(False)   # death cross
/home/ubuntu/algo-trading/strategies/sma_crossover.py:57: FutureWarning: Downcasting object dtype arrays on .fillna, .ffill, .bfill is deprecated and will change in a future version. Call result.infer_objects(copy=False) instead. To opt-in to the future behavior, set `pd.set_option('future.no_silent_downcasting', True)`
  crossed_above = fast_above & ~fast_above.shift(1).fillna(False)   # golden cross
/home/ubuntu/algo-trading/strategies/sma_crossover.py:58: FutureWarning: Downcasting object dtype arrays on .fillna, .ffill, .bfill is deprecated and will change in a future version. Call result.infer_objects(copy=False) instead. To opt-in to the future behavior, set `pd.set_option('future.no_silent_downcasting', True)`
  crossed_below = ~fast_above & fast_above.shift(1).fillna(False)   # death cross
/home/ubuntu/algo-trading/strategies/sma_crossover.py:57: FutureWarning: Downcasting object dtype arrays on .fillna, .ffill, .bfill is deprecated and will change in a future version. Call result.infer_objects(copy=False) instead. To opt-in to the future behavior, set `pd.set_option('future.no_silent_downcasting', True)`
  crossed_above = fast_above & ~fast_above.shift(1).fillna(False)   # golden cross
/home/ubuntu/algo-trading/strategies/sma_crossover.py:58: FutureWarning: Downcasting object dtype arrays on .fillna, .ffill, .bfill is deprecated and will change in a future version. Call result.infer_objects(copy=False) instead. To opt-in to the future behavior, set `pd.set_option('future.no_silent_downcasting', True)`
  crossed_below = ~fast_above & fast_above.shift(1).fillna(False)   # death cross
/home/ubuntu/algo-trading/strategies/sma_crossover.py:57: FutureWarning: Downcasting object dtype arrays on .fillna, .ffill, .bfill is deprecated and will change in a future version. Call result.infer_objects(copy=False) instead. To opt-in to the future behavior, set `pd.set_option('future.no_silent_downcasting', True)`
  crossed_above = fast_above & ~fast_above.shift(1).fillna(False)   # golden cross
/home/ubuntu/algo-trading/strategies/sma_crossover.py:58: FutureWarning: Downcasting object dtype arrays on .fillna, .ffill, .bfill is deprecated and will change in a future version. Call result.infer_objects(copy=False) instead. To opt-in to the future behavior, set `pd.set_option('future.no_silent_downcasting', True)`
  crossed_below = ~fast_above & fast_above.shift(1).fillna(False)   # death cross
/home/ubuntu/algo-trading/strategies/sma_crossover.py:57: FutureWarning: Downcasting object dtype arrays on .fillna, .ffill, .bfill is deprecated and will change in a future version. Call result.infer_objects(copy=False) instead. To opt-in to the future behavior, set `pd.set_option('future.no_silent_downcasting', True)`
  crossed_above = fast_above & ~fast_above.shift(1).fillna(False)   # golden cross
/home/ubuntu/algo-trading/strategies/sma_crossover.py:58: FutureWarning: Downcasting object dtype arrays on .fillna, .ffill, .bfill is deprecated and will change in a future version. Call result.infer_objects(copy=False) instead. To opt-in to the future behavior, set `pd.set_option('future.no_silent_downcasting', True)`
  crossed_below = ~fast_above & fast_above.shift(1).fillna(False)   # death cross
/home/ubuntu/algo-trading/strategies/sma_crossover.py:57: FutureWarning: Downcasting object dtype arrays on .fillna, .ffill, .bfill is deprecated and will change in a future version. Call result.infer_objects(copy=False) instead. To opt-in to the future behavior, set `pd.set_option('future.no_silent_downcasting', True)`
  crossed_above = fast_above & ~fast_above.shift(1).fillna(False)   # golden cross
/home/ubuntu/algo-trading/strategies/sma_crossover.py:58: FutureWarning: Downcasting object dtype arrays on .fillna, .ffill, .bfill is deprecated and will change in a future version. Call result.infer_objects(copy=False) instead. To opt-in to the future behavior, set `pd.set_option('future.no_silent_downcasting', True)`
  crossed_below = ~fast_above & fast_above.shift(1).fillna(False)   # death cross
/home/ubuntu/algo-trading/strategies/sma_crossover.py:57: FutureWarning: Downcasting object dtype arrays on .fillna, .ffill, .bfill is deprecated and will change in a future version. Call result.infer_objects(copy=False) instead. To opt-in to the future behavior, set `pd.set_option('future.no_silent_downcasting', True)`
  crossed_above = fast_above & ~fast_above.shift(1).fillna(False)   # golden cross
/home/ubuntu/algo-trading/strategies/sma_crossover.py:58: FutureWarning: Downcasting object dtype arrays on .fillna, .ffill, .bfill is deprecated and will change in a future version. Call result.infer_objects(copy=False) instead. To opt-in to the future behavior, set `pd.set_option('future.no_silent_downcasting', True)`
  crossed_below = ~fast_above & fast_above.shift(1).fillna(False)   # death cross

[paper_trading] Fetching data for 2026-07-01 …
[kite_fetcher] Fetching NSE instrument list from Kite...
[kite_fetcher] Cached 9891 NSE instruments.
[kite_fetcher] BAJAJ-AUTO.NS: 79 trading days loaded (2026-03-04 → 2026-07-01)
[kite_fetcher] HCLTECH.NS: 79 trading days loaded (2026-03-04 → 2026-07-01)
[kite_fetcher] COLPAL.NS: 79 trading days loaded (2026-03-04 → 2026-07-01)
[kite_fetcher] ANURAS.NS: 79 trading days loaded (2026-03-04 → 2026-07-01)
[kite_fetcher] NEWGEN.NS: 79 trading days loaded (2026-03-04 → 2026-07-01)
[kite_fetcher] JKTYRE.NS: 79 trading days loaded (2026-03-04 → 2026-07-01)
[kite_fetcher] BSOFT.NS: 79 trading days loaded (2026-03-04 → 2026-07-01)
[kite_fetcher] PERSISTENT.NS: 79 trading days loaded (2026-03-04 → 2026-07-01)
[kite_fetcher] NIFTYBEES.NS: 7 trading days loaded (2026-06-22 → 2026-07-01)
[paper_trading] Checking NIFTY 50 market regime …
[kite_fetcher] NIFTY 50.NS: 60 trading days loaded (2026-04-02 → 2026-07-01)
  [NIFTY] 2026-07-01 | close ₹23,987.95 | SMA20 ₹23,723.39 | SMA50 ₹23,832.33 | gap -0.46% → regime: BEAR

[paper_trading] Checking corporate actions …
  [CORP_ACTION] BAJAJ-AUTO.NS: clear — no material actions between 2026-07-01 and 2026-07-03
  [CORP_ACTION] HCLTECH.NS: clear — no material actions between 2026-07-01 and 2026-07-03
  [CORP_ACTION] COLPAL.NS: clear — no material actions between 2026-07-01 and 2026-07-03
  [CORP_ACTION] ANURAS.NS: clear — no material actions between 2026-07-01 and 2026-07-03
  [CORP_ACTION] NEWGEN.NS: clear — no material actions between 2026-07-01 and 2026-07-03
  [CORP_ACTION] JKTYRE.NS: clear — no material actions between 2026-07-01 and 2026-07-03
  [CORP_ACTION] BSOFT.NS: clear — no material actions between 2026-07-01 and 2026-07-03
  [CORP_ACTION] PERSISTENT.NS: clear — no material actions between 2026-07-01 and 2026-07-03

[paper_trading] Running signal pipeline for 8 stocks …

[strategy] SMA(20/50): 1 buy signals, 1 sell signals
[strategy] SMA(20/50): 0 buy signals, 0 sell signals
[strategy] SMA(20/50): 1 buy signals, 1 sell signals
[strategy] SMA(20/50): 1 buy signals, 1 sell signals
[strategy] SMA(20/50): 2 buy signals, 1 sell signals
[strategy] SMA(20/50): 0 buy signals, 0 sell signals
[strategy] SMA(20/50): 0 buy signals, 0 sell signals
[strategy] SMA(20/50): 1 buy signals, 1 sell signals

[paper_trading] Portfolio state saved.

==============================================================
  NSE PAPER TRADING SIGNAL REPORT
  Date: Wednesday, 01 July 2026  |  Run: 3:45 PM IST  |  NIFTY Regime: BEAR
==============================================================

  PORTFOLIO SUMMARY
  Cash available    : ₹      243.49
  Invested value    : ₹        0.00
  Total value       : ₹   98,196.64
  P&L vs start      : ₹-1,803.36  (-1.80%)
  Open positions    : 0 / 8 stocks
  NIFTYBEES ETF     : 359 units | tier 100% | value ₹97953
  Completed trades  : 4

  TODAY'S SIGNALS
  ┌────────────────┬────────────┬─────────────┬───────────┬───────────────────────────────┐
  │ Stock          │ Signal     │ Price       │ Shares    │ Reason                        │
  ├────────────────┼────────────┼─────────────┼───────────┼───────────────────────────────┤
  │ BAJAJ-AUTO.NS  │ HOLD       │ ₹9,849.00   │ —         │ No signal                     │
  │ HCLTECH.NS     │ HOLD       │ ₹1,035.00   │ —         │ No signal                     │
  │ COLPAL.NS      │ HOLD       │ ₹2,072.00   │ —         │ No signal                     │
  │ ANURAS.NS      │ HOLD       │ ₹1,267.00   │ —         │ No signal                     │
  │ NEWGEN.NS      │ HOLD       │ ₹472.50     │ —         │ No signal                     │
  │ JKTYRE.NS      │ HOLD       │ ₹396.10     │ —         │ No signal                     │
  │ BSOFT.NS       │ HOLD       │ ₹276.40     │ —         │ No signal                     │
  │ PERSISTENT.NS  │ HOLD       │ ₹4,325.00   │ —         │ No signal                     │
  └────────────────┴────────────┴─────────────┴───────────┴───────────────────────────────┘

  ACTIONS TAKEN: none (all HOLD)

  Next run: Thursday 02 Jul 3:45 PM IST
  Log saved: paper_trading/signal_log.csv
==============================================================
[paper_trading] Signal log appended → paper_trading/signal_log.csv
[run_daily] Completed: 2026-07-01 10:15:22

