========================================
Run started: 2026-06-23 10:15:01
========================================
[run_daily] Refreshing access token via auto_login.py
[auto_login] Step 1: Seeding session cookies…
[auto_login] Step 1 OK (status 405)
[auto_login] Step 2: Submitting user ID and password…
[auto_login] Step 2 OK — request_id: YSOE9ICTI7…
[auto_login] Step 3: Submitting TOTP 049476  (27s remaining)…
[auto_login] Step 4 OK — 2FA accepted, session is now authenticated
[auto_login] Step 5: Following OAuth redirect chain…
[auto_login]   hop 1: 302  →  https://kite.zerodha.com/connect/finish?sess_id=IPxWNWTc86Uklnmcnb1EfTnCizyYFqNh
[auto_login]   hop 2: 302  →  https://127.0.0.1/?type=login&status=success&request_token=IBB7SoL3q8bfblof7ycV2
[auto_login] Step 5 OK — request_token captured (32 chars)
[auto_login] Step 6: Exchanging request_token for access_token…
[auto_login] Step 7 OK — token saved → /home/ubuntu/algo-trading/auth/access_token.txt
[auto_login] Login successful — Aarav Piyush Agarwal (aaravpagarwal07@gmail.com)
[run_daily] Running signal_runner.py
/home/ubuntu/algo-trading/strategies/sma_crossover.py:57: FutureWarning: Downcasting object dtype arrays on .fillna, .ffill, .bfill is deprecated and will change in a future version. Call result.infer_objects(copy=False) instead. To opt-in to the future behavior, set `pd.set_option('future.no_silent_downcasting', True)`
  crossed_above = fast_above & ~fast_above.shift(1).fillna(False)   # golden cross
/home/ubuntu/algo-trading/strategies/sma_crossover.py:58: FutureWarning: Downcasting object dtype arrays on .fillna, .ffill, .bfill is deprecated and will change in a future version. Call result.infer_objects(copy=False) instead. To opt-in to the future behavior, set `pd.set_option('future.no_silent_downcasting', True)`
  crossed_below = ~fast_above & fast_above.shift(1).fillna(False)   # death cross
/home/ubuntu/algo-trading/strategies/sma_crossover.py:57: FutureWarning: Downcasting object dtype arrays on .fillna, .ffill, .bfill is deprecated and will change in a future version. Call result.infer_objects(copy=False) instead. To opt-in to the future behavior, set `pd.set_option('future.no_silent_downcasting', True)`
  crossed_above = fast_above & ~fast_above.shift(1).fillna(False)   # golden cross
/home/ubuntu/algo-trading/strategies/sma_crossover.py:58: FutureWarning: Downcasting object dtype arrays on .fillna, .ffill, .bfill is deprecated and will change in a future version. Call result.infer_objects(copy=False) instead. To opt-in to the future behavior, set `pd.set_option('future.no_silent_downcasting', True)`
  crossed_below = ~fast_above & fast_above.shift(1).fillna(False)   # death cross
/home/ubuntu/algo-trading/strategies/sma_crossover.py:57: FutureWarning: Downcasting object dtype arrays on .fillna, .ffill, .bfill is deprecated and will change in a future version. Call result.infer_objects(copy=False) instead. To opt-in to the future behavior, set `pd.set_option('future.no_silent_downcasting', True)`
  crossed_above = fast_above & ~fast_above.shift(1).fillna(False)   # golden cross
/home/ubuntu/algo-trading/strategies/sma_crossover.py:58: FutureWarning: Downcasting object dtype arrays on .fillna, .ffill, .bfill is deprecated and will change in a future version. Call result.infer_objects(copy=False) instead. To opt-in to the future behavior, set `pd.set_option('future.no_silent_downcasting', True)`
  crossed_below = ~fast_above & fast_above.shift(1).fillna(False)   # death cross
/home/ubuntu/algo-trading/strategies/sma_crossover.py:57: FutureWarning: Downcasting object dtype arrays on .fillna, .ffill, .bfill is deprecated and will change in a future version. Call result.infer_objects(copy=False) instead. To opt-in to the future behavior, set `pd.set_option('future.no_silent_downcasting', True)`
  crossed_above = fast_above & ~fast_above.shift(1).fillna(False)   # golden cross
/home/ubuntu/algo-trading/strategies/sma_crossover.py:58: FutureWarning: Downcasting object dtype arrays on .fillna, .ffill, .bfill is deprecated and will change in a future version. Call result.infer_objects(copy=False) instead. To opt-in to the future behavior, set `pd.set_option('future.no_silent_downcasting', True)`
  crossed_below = ~fast_above & fast_above.shift(1).fillna(False)   # death cross
/home/ubuntu/algo-trading/strategies/sma_crossover.py:57: FutureWarning: Downcasting object dtype arrays on .fillna, .ffill, .bfill is deprecated and will change in a future version. Call result.infer_objects(copy=False) instead. To opt-in to the future behavior, set `pd.set_option('future.no_silent_downcasting', True)`
  crossed_above = fast_above & ~fast_above.shift(1).fillna(False)   # golden cross
/home/ubuntu/algo-trading/strategies/sma_crossover.py:58: FutureWarning: Downcasting object dtype arrays on .fillna, .ffill, .bfill is deprecated and will change in a future version. Call result.infer_objects(copy=False) instead. To opt-in to the future behavior, set `pd.set_option('future.no_silent_downcasting', True)`
  crossed_below = ~fast_above & fast_above.shift(1).fillna(False)   # death cross
/home/ubuntu/algo-trading/strategies/sma_crossover.py:57: FutureWarning: Downcasting object dtype arrays on .fillna, .ffill, .bfill is deprecated and will change in a future version. Call result.infer_objects(copy=False) instead. To opt-in to the future behavior, set `pd.set_option('future.no_silent_downcasting', True)`
  crossed_above = fast_above & ~fast_above.shift(1).fillna(False)   # golden cross
/home/ubuntu/algo-trading/strategies/sma_crossover.py:58: FutureWarning: Downcasting object dtype arrays on .fillna, .ffill, .bfill is deprecated and will change in a future version. Call result.infer_objects(copy=False) instead. To opt-in to the future behavior, set `pd.set_option('future.no_silent_downcasting', True)`
  crossed_below = ~fast_above & fast_above.shift(1).fillna(False)   # death cross
/home/ubuntu/algo-trading/strategies/sma_crossover.py:57: FutureWarning: Downcasting object dtype arrays on .fillna, .ffill, .bfill is deprecated and will change in a future version. Call result.infer_objects(copy=False) instead. To opt-in to the future behavior, set `pd.set_option('future.no_silent_downcasting', True)`
  crossed_above = fast_above & ~fast_above.shift(1).fillna(False)   # golden cross
/home/ubuntu/algo-trading/strategies/sma_crossover.py:58: FutureWarning: Downcasting object dtype arrays on .fillna, .ffill, .bfill is deprecated and will change in a future version. Call result.infer_objects(copy=False) instead. To opt-in to the future behavior, set `pd.set_option('future.no_silent_downcasting', True)`
  crossed_below = ~fast_above & fast_above.shift(1).fillna(False)   # death cross
/home/ubuntu/algo-trading/strategies/sma_crossover.py:57: FutureWarning: Downcasting object dtype arrays on .fillna, .ffill, .bfill is deprecated and will change in a future version. Call result.infer_objects(copy=False) instead. To opt-in to the future behavior, set `pd.set_option('future.no_silent_downcasting', True)`
  crossed_above = fast_above & ~fast_above.shift(1).fillna(False)   # golden cross
/home/ubuntu/algo-trading/strategies/sma_crossover.py:58: FutureWarning: Downcasting object dtype arrays on .fillna, .ffill, .bfill is deprecated and will change in a future version. Call result.infer_objects(copy=False) instead. To opt-in to the future behavior, set `pd.set_option('future.no_silent_downcasting', True)`
  crossed_below = ~fast_above & fast_above.shift(1).fillna(False)   # death cross
/home/ubuntu/algo-trading/strategies/sma_crossover.py:57: FutureWarning: Downcasting object dtype arrays on .fillna, .ffill, .bfill is deprecated and will change in a future version. Call result.infer_objects(copy=False) instead. To opt-in to the future behavior, set `pd.set_option('future.no_silent_downcasting', True)`
  crossed_above = fast_above & ~fast_above.shift(1).fillna(False)   # golden cross
/home/ubuntu/algo-trading/strategies/sma_crossover.py:58: FutureWarning: Downcasting object dtype arrays on .fillna, .ffill, .bfill is deprecated and will change in a future version. Call result.infer_objects(copy=False) instead. To opt-in to the future behavior, set `pd.set_option('future.no_silent_downcasting', True)`
  crossed_below = ~fast_above & fast_above.shift(1).fillna(False)   # death cross
/home/ubuntu/algo-trading/strategies/sma_crossover.py:57: FutureWarning: Downcasting object dtype arrays on .fillna, .ffill, .bfill is deprecated and will change in a future version. Call result.infer_objects(copy=False) instead. To opt-in to the future behavior, set `pd.set_option('future.no_silent_downcasting', True)`
  crossed_above = fast_above & ~fast_above.shift(1).fillna(False)   # golden cross
/home/ubuntu/algo-trading/strategies/sma_crossover.py:58: FutureWarning: Downcasting object dtype arrays on .fillna, .ffill, .bfill is deprecated and will change in a future version. Call result.infer_objects(copy=False) instead. To opt-in to the future behavior, set `pd.set_option('future.no_silent_downcasting', True)`
  crossed_below = ~fast_above & fast_above.shift(1).fillna(False)   # death cross

[paper_trading] Fetching data for 2026-06-23 …
[kite_fetcher] Fetching NSE instrument list from Kite...
[kite_fetcher] Cached 9853 NSE instruments.
[kite_fetcher] WHIRLPOOL.NS: 80 trading days loaded (2026-02-23 → 2026-06-23)
[kite_fetcher] SIEMENS.NS: 80 trading days loaded (2026-02-23 → 2026-06-23)
[kite_fetcher] BAJAJ-AUTO.NS: 80 trading days loaded (2026-02-23 → 2026-06-23)
[kite_fetcher] HCLTECH.NS: 80 trading days loaded (2026-02-23 → 2026-06-23)
[kite_fetcher] COLPAL.NS: 80 trading days loaded (2026-02-23 → 2026-06-23)
[kite_fetcher] ANURAS.NS: 80 trading days loaded (2026-02-23 → 2026-06-23)
[kite_fetcher] HEROMOTOCO.NS: 80 trading days loaded (2026-02-23 → 2026-06-23)
[kite_fetcher] NEWGEN.NS: 80 trading days loaded (2026-02-23 → 2026-06-23)
[kite_fetcher] JKTYRE.NS: 80 trading days loaded (2026-02-23 → 2026-06-23)
[kite_fetcher] BSOFT.NS: 80 trading days loaded (2026-02-23 → 2026-06-23)
[paper_trading] Checking NIFTY 50 market regime …
[kite_fetcher] NIFTY 50.NS: 59 trading days loaded (2026-03-25 → 2026-06-23)
  [NIFTY] 2026-06-23 | close ₹23,795.25 | SMA20 ₹23,639.81 | SMA50 ₹23,847.69 | gap -0.87% → regime: BEAR

[paper_trading] Checking corporate actions …
  [CORP_ACTION] WHIRLPOOL.NS: clear — no material actions between 2026-06-23 and 2026-06-25
  [CORP_ACTION] SIEMENS.NS: clear — no material actions between 2026-06-23 and 2026-06-25
  [CORP_ACTION] BAJAJ-AUTO.NS: BUYBACK on 2026-06-24 — below threshold, no skip (BUYBACK — no price distortion expected)
  [CORP_ACTION] BAJAJ-AUTO.NS: clear — no material actions between 2026-06-23 and 2026-06-25
  [CORP_ACTION] HCLTECH.NS: clear — no material actions between 2026-06-23 and 2026-06-25
  [CORP_ACTION] COLPAL.NS: clear — no material actions between 2026-06-23 and 2026-06-25
  [CORP_ACTION] ANURAS.NS: clear — no material actions between 2026-06-23 and 2026-06-25
  [CORP_ACTION] HEROMOTOCO.NS: clear — no material actions between 2026-06-23 and 2026-06-25
  [CORP_ACTION] NEWGEN.NS: clear — no material actions between 2026-06-23 and 2026-06-25
  [CORP_ACTION] JKTYRE.NS: clear — no material actions between 2026-06-23 and 2026-06-25
  [CORP_ACTION] BSOFT.NS: clear — no material actions between 2026-06-23 and 2026-06-25

[paper_trading] Running signal pipeline for 10 stocks …

[strategy] SMA(20/50): 1 buy signals, 1 sell signals
[strategy] SMA(20/50): 1 buy signals, 1 sell signals
[strategy] SMA(20/50): 1 buy signals, 0 sell signals
[strategy] SMA(20/50): 0 buy signals, 0 sell signals
[strategy] SMA(20/50): 1 buy signals, 1 sell signals
[strategy] SMA(20/50): 1 buy signals, 1 sell signals
[strategy] SMA(20/50): 0 buy signals, 0 sell signals
[strategy] SMA(20/50): 2 buy signals, 1 sell signals
[strategy] SMA(20/50): 0 buy signals, 0 sell signals
[strategy] SMA(20/50): 1 buy signals, 1 sell signals
[kite_fetcher] NIFTYBEES.NS: 7 trading days loaded (2026-06-15 → 2026-06-23)

[paper_trading] Portfolio state saved.

==============================================================
  NSE PAPER TRADING SIGNAL REPORT
  Date: Tuesday, 23 June 2026  |  Run: 3:45 PM IST  |  NIFTY Regime: BEAR
==============================================================

  PORTFOLIO SUMMARY
  Cash available    : ₹   29,123.51
  Invested value    : ₹    9,999.00
  Total value       : ₹   97,286.46
  P&L vs start      : ₹-2,713.54  (-2.71%)
  Open positions    : 1 / 10 stocks
  NIFTYBEES ETF     : 215 units | tier 60% | value ₹58164
  Completed trades  : 3

  TODAY'S SIGNALS
  ┌────────────────┬────────────┬─────────────┬───────────┬───────────────────────────────┐
  │ Stock          │ Signal     │ Price       │ Shares    │ Reason                        │
  ├────────────────┼────────────┼─────────────┼───────────┼───────────────────────────────┤
  │ WHIRLPOOL.NS   │ HOLD       │ ₹806.00     │ —         │ No signal                     │
  │ SIEMENS.NS     │ SELL       │ ₹3,681.00   │ 3 shr     │ Death cross — SMA20 crossed   │
  │ BAJAJ-AUTO.NS  │ HOLD       │ ₹9,999.00   │ —         │ In position — no exit signal  │
  │ HCLTECH.NS     │ HOLD       │ ₹1,108.30   │ —         │ No signal                     │
  │ COLPAL.NS      │ HOLD       │ ₹1,982.10   │ —         │ No signal                     │
  │ ANURAS.NS      │ HOLD       │ ₹1,272.90   │ —         │ No signal                     │
  │ HEROMOTOCO.NS  │ HOLD       │ ₹4,984.00   │ —         │ No signal                     │
  │ NEWGEN.NS      │ REGIME_SKIP │ ₹471.55     │ —         │ Market regime filter: NIFTY   │
  │ JKTYRE.NS      │ HOLD       │ ₹407.00     │ —         │ No signal                     │
  │ BSOFT.NS       │ HOLD       │ ₹308.00     │ —         │ No signal                     │
  └────────────────┴────────────┴─────────────┴───────────┴───────────────────────────────┘

  OPEN POSITION RISK LEVELS
  BAJAJ-AUTO.NS  : entry ₹10,286.14 | current ₹9,999.00 | chandelier ₹9,767.65 | P&L -2.8%

  ACTIONS TAKEN
  ✓ SELL 3 shares @ ₹3679.16 [STRATEGY_SIGNAL]  net P&L ₹-184
    Cost breakdown: brokerage=₹20.00 | STT=₹2.76 | slippage=₹5.52* | SEBI=₹0.01 | exchange=₹0.37 | GST=₹3.60 | stamp=₹0.00 | TOTAL=₹26.74  (* already in exec_price)

  Next run: Wednesday 24 Jun 3:45 PM IST
  Log saved: paper_trading/signal_log.csv
==============================================================
[paper_trading] Signal log appended → paper_trading/signal_log.csv

  ────────────────────────────────────────────────────────────
  AMO ORDERS QUEUED FOR TOMORROW
  SIEMENS.NS      SELL    3 shr | signal ₹3,681.00 | limit ₹3,662.59 [DRY RUN]
  ────────────────────────────────────────────────────────────
[run_daily] Completed: 2026-06-23 10:15:27

