Morning fill check started: 2026-06-24 03:50:01
[auto_login] Step 1: Seeding session cookies…
[auto_login] Step 1 OK (status 405)
[auto_login] Step 2: Submitting user ID and password…
[auto_login] Step 2 OK — request_id: 4kiY3YBgcz…
[auto_login] Step 3: Submitting TOTP 128159  (28s remaining)…
[auto_login] Step 4 OK — 2FA accepted, session is now authenticated
[auto_login] Step 5: Following OAuth redirect chain…
[auto_login]   hop 1: 302  →  https://kite.zerodha.com/connect/finish?api_key=7g9gybqj3woxntss&sess_id=FwwSOdE
[auto_login]   hop 2: 302  →  https://127.0.0.1/?action=login&type=login&status=success&request_token=AESxWesx
[auto_login] Step 5 OK — request_token captured (32 chars)
[auto_login] Step 6: Exchanging request_token for access_token…
[auto_login] Step 7 OK — token saved → /home/ubuntu/algo-trading/auth/access_token.txt
[auto_login] Login successful — Aarav Piyush Agarwal (aaravpagarwal07@gmail.com)
[morning_fill_check] Paper trading mode — simulating fills from open price

==============================================================
  MORNING FILL REPORT — Wednesday 24 Jun 2026
  Fill date: 2026-06-24  |  Checking all unfilled DRY_RUN orders
  MODE: DRY RUN — portfolio state will NOT be modified
==============================================================

  Pending unfilled orders: 1
  [CORP_ACTION] SIEMENS.NS: clear — no material actions between 2026-06-24 and 2026-06-29

[kite_fetcher] Fetching NSE instrument list from Kite...
[kite_fetcher] Cached 9858 NSE instruments.
[kite_fetcher] SIEMENS.NS: 1 trading days loaded (2026-06-24 → 2026-06-24)
[kite_fetcher] SIEMENS.NS: 3 trading days loaded (2026-06-19 → 2026-06-23)
  ✓ FILLED   SIEMENS.NS     SELL   3 shr | limit ₹3,662.59 | opened ₹3,688.00 | FILLED at ₹3,688.00

  Summary: 1 FILLED | 0 MISSED
  To update portfolio with these fills, re-run with --apply flag.
==============================================================

Morning fill check completed: 2026-06-24 03:50:04

