========================================
Run started: 2026-06-03 05:54:38
========================================
[run_daily] Refreshing access token via auto_login.py
[auto_login] Step 1: Seeding session cookies…
[auto_login] Step 1 OK (status 405)
[auto_login] Step 2: Submitting user ID and password…
[auto_login] Step 2 OK — request_id: hnuONko3gG…
[auto_login] Step 3: Submitting TOTP 182205  (21s remaining)…
[auto_login] Step 4 OK — 2FA accepted, session is now authenticated
[auto_login] Step 5: Following OAuth redirect chain…
[auto_login]   hop 1: 302  →  https://kite.zerodha.com/connect/finish?api_key=7g9gybqj3woxntss&sess_id=sDZd6T1
[auto_login]   hop 2: 302  →  https://127.0.0.1/?action=login&type=login&status=success&request_token=OsUg7SRQ
[auto_login] Step 5 OK — request_token captured (32 chars)
[auto_login] Step 6: Exchanging request_token for access_token…
[auto_login] Step 7 OK — token saved → /home/ubuntu/algo-trading/auth/access_token.txt
[auto_login] Login successful — Aarav Piyush Agarwal (aaravpagarwal07@gmail.com)
[run_daily] Running signal_runner.py

⚠  WARNING: Market may still be open (current IST time 11:24 < 15:30). For accurate end-of-day signals, run after 3:30 PM IST.
Already ran today — 2026-06-03. Use --force flag to override and re-run.
[run_daily] Completed: 2026-06-03 05:54:40

========================================
Run started: 2026-06-03 10:15:02
========================================
[run_daily] Refreshing access token via auto_login.py
[auto_login] Step 1: Seeding session cookies…
[auto_login] Step 1 OK (status 405)
[auto_login] Step 2: Submitting user ID and password…
[auto_login] Step 2 OK — request_id: Yuz07IXRaq…
[auto_login] Step 3: Submitting TOTP 455944  (27s remaining)…
[auto_login] Step 4 OK — 2FA accepted, session is now authenticated
[auto_login] Step 5: Following OAuth redirect chain…
[auto_login]   hop 1: 302  →  https://kite.zerodha.com/connect/finish?api_key=7g9gybqj3woxntss&sess_id=n31s7SC
[auto_login]   hop 2: 302  →  https://127.0.0.1/?type=login&status=success&request_token=di2Ryav5o3ionIHAtvfaP
[auto_login] Step 5 OK — request_token captured (32 chars)
[auto_login] Step 6: Exchanging request_token for access_token…
[auto_login] Step 7 OK — token saved → /home/ubuntu/algo-trading/auth/access_token.txt
[auto_login] Login successful — Aarav Piyush Agarwal (aaravpagarwal07@gmail.com)
[run_daily] Running signal_runner.py
/home/ubuntu/algo-trading/strategies/sma_crossover.py:57: FutureWarning: Downcasting object dtype arrays on .fillna, .ffill, .bfill is deprecated and will change in a future version. Call result.infer_objects(copy=False) instead. To opt-in to the future behavior, set `pd.set_option('future.no_silent_downcasting', True)`
  crossed_above = fast_above & ~fast_above.shift(1).fillna(False)   # golden cross
/home/ubuntu/algo-trading/strategies/sma_crossover.py:58: FutureWarning: Downcasting object dtype arrays on .fillna, .ffill, .bfill is deprecated and will change in a future version. Call result.infer_objects(copy=False) instead. To opt-in to the future behavior, set `pd.set_option('future.no_silent_downcasting', True)`
  crossed_below = ~fast_above & fast_above.shift(1).fillna(False)   # death cross
/home/ubuntu/algo-trading/strategies/sma_crossover.py:57: FutureWarning: Downcasting object dtype arrays on .fillna, .ffill, .bfill is deprecated and will change in a future version. Call result.infer_objects(copy=False) instead. To opt-in to the future behavior, set `pd.set_option('future.no_silent_downcasting', True)`
  crossed_above = fast_above & ~fast_above.shift(1).fillna(False)   # golden cross
/home/ubuntu/algo-trading/strategies/sma_crossover.py:58: FutureWarning: Downcasting object dtype arrays on .fillna, .ffill, .bfill is deprecated and will change in a future version. Call result.infer_objects(copy=False) instead. To opt-in to the future behavior, set `pd.set_option('future.no_silent_downcasting', True)`
  crossed_below = ~fast_above & fast_above.shift(1).fillna(False)   # death cross
/home/ubuntu/algo-trading/strategies/sma_crossover.py:57: FutureWarning: Downcasting object dtype arrays on .fillna, .ffill, .bfill is deprecated and will change in a future version. Call result.infer_objects(copy=False) instead. To opt-in to the future behavior, set `pd.set_option('future.no_silent_downcasting', True)`
  crossed_above = fast_above & ~fast_above.shift(1).fillna(False)   # golden cross
/home/ubuntu/algo-trading/strategies/sma_crossover.py:58: FutureWarning: Downcasting object dtype arrays on .fillna, .ffill, .bfill is deprecated and will change in a future version. Call result.infer_objects(copy=False) instead. To opt-in to the future behavior, set `pd.set_option('future.no_silent_downcasting', True)`
  crossed_below = ~fast_above & fast_above.shift(1).fillna(False)   # death cross
/home/ubuntu/algo-trading/strategies/sma_crossover.py:57: FutureWarning: Downcasting object dtype arrays on .fillna, .ffill, .bfill is deprecated and will change in a future version. Call result.infer_objects(copy=False) instead. To opt-in to the future behavior, set `pd.set_option('future.no_silent_downcasting', True)`
  crossed_above = fast_above & ~fast_above.shift(1).fillna(False)   # golden cross
/home/ubuntu/algo-trading/strategies/sma_crossover.py:58: FutureWarning: Downcasting object dtype arrays on .fillna, .ffill, .bfill is deprecated and will change in a future version. Call result.infer_objects(copy=False) instead. To opt-in to the future behavior, set `pd.set_option('future.no_silent_downcasting', True)`
  crossed_below = ~fast_above & fast_above.shift(1).fillna(False)   # death cross
[paper_trading] Previous run today was at 11:30 IST (before market close). Re-running with fresh end-of-day data.

[paper_trading] Fetching data for 2026-06-03 …
[kite_fetcher] TMPV.NS: 80 trading days loaded (2026-02-03 → 2026-06-03)
[kite_fetcher] WHIRLPOOL.NS: 80 trading days loaded (2026-02-03 → 2026-06-03)
[kite_fetcher] SIEMENS.NS: 80 trading days loaded (2026-02-03 → 2026-06-03)
[kite_fetcher] BAJAJ-AUTO.NS: 80 trading days loaded (2026-02-03 → 2026-06-03)
[paper_trading] Running signal pipeline for 4 stocks …

[strategy] SMA(20/50): 1 buy signals, 0 sell signals
[strategy] SMA(20/50): 1 buy signals, 1 sell signals
[strategy] SMA(20/50): 1 buy signals, 0 sell signals
[strategy] SMA(20/50): 1 buy signals, 0 sell signals

[paper_trading] Portfolio state saved.

==============================================================
  NSE PAPER TRADING SIGNAL REPORT
  Date: Wednesday, 03 June 2026  |  Run: 3:45 PM IST
==============================================================

  PORTFOLIO SUMMARY
  Cash available    : ₹   61,073.31
  Invested value    : ₹   38,843.10
  Total value       : ₹   99,916.41
  P&L vs start      : ₹-83.59  (-0.08%)
  Open positions    : 3 / 4 stocks
  Completed trades  : 1

  TODAY'S SIGNALS
  ┌────────────────┬────────────┬─────────────┬───────────┬───────────────────────────────┐
  │ Stock          │ Signal     │ Price       │ Shares    │ Reason                        │
  ├────────────────┼────────────┼─────────────┼───────────┼───────────────────────────────┤
  │ TMPV.NS        │ HOLD       │ ₹398.00     │ —         │ In position — no exit signal  │
  │ WHIRLPOOL.NS   │ HOLD       │ ₹816.00     │ —         │ No signal                     │
  │ SIEMENS.NS     │ HOLD       │ ₹3,698.70   │ —         │ In position — no exit signal  │
  │ BAJAJ-AUTO.NS  │ HOLD       │ ₹10,235.00  │ —         │ In position — no exit signal  │
  └────────────────┴────────────┴─────────────┴───────────┴───────────────────────────────┘

  OPEN POSITION RISK LEVELS
  TMPV.NS        : entry ₹390.40 | current ₹398.00 | chandelier ₹364.25 | P&L +1.9%
  SIEMENS.NS     : entry ₹3,731.56 | current ₹3,698.70 | chandelier ₹3,337.60 | P&L -0.9%
  BAJAJ-AUTO.NS  : entry ₹10,286.14 | current ₹10,235.00 | chandelier ₹9,660.14 | P&L -0.5%

  ACTIONS TAKEN: none (all HOLD)

  Next run: Thursday 04 Jun 3:45 PM IST
  Log saved: paper_trading/signal_log.csv
==============================================================
[paper_trading] Signal log appended → paper_trading/signal_log.csv
[run_daily] Completed: 2026-06-03 10:15:05

