========================================
Run started: 2026-06-16 10:15:01
========================================
[run_daily] Refreshing access token via auto_login.py
[auto_login] Step 1: Seeding session cookies…
[auto_login] Step 1 OK (status 405)
[auto_login] Step 2: Submitting user ID and password…
[auto_login] Step 2 OK — request_id: HAssYqIcNw…
[auto_login] Step 3: Submitting TOTP 274748  (28s remaining)…
[auto_login] Step 4 OK — 2FA accepted, session is now authenticated
[auto_login] Step 5: Following OAuth redirect chain…
[auto_login]   hop 1: 302  →  https://kite.zerodha.com/connect/finish?api_key=7g9gybqj3woxntss&sess_id=fa5PWM7
[auto_login]   hop 2: 302  →  https://127.0.0.1/?action=login&type=login&status=success&request_token=YJVe5RCu
[auto_login] Step 5 OK — request_token captured (32 chars)
[auto_login] Step 6: Exchanging request_token for access_token…
[auto_login] Step 7 OK — token saved → /home/ubuntu/algo-trading/auth/access_token.txt
[auto_login] Login successful — Aarav Piyush Agarwal (aaravpagarwal07@gmail.com)
[run_daily] Running signal_runner.py
/home/ubuntu/algo-trading/strategies/sma_crossover.py:57: FutureWarning: Downcasting object dtype arrays on .fillna, .ffill, .bfill is deprecated and will change in a future version. Call result.infer_objects(copy=False) instead. To opt-in to the future behavior, set `pd.set_option('future.no_silent_downcasting', True)`
  crossed_above = fast_above & ~fast_above.shift(1).fillna(False)   # golden cross
/home/ubuntu/algo-trading/strategies/sma_crossover.py:58: FutureWarning: Downcasting object dtype arrays on .fillna, .ffill, .bfill is deprecated and will change in a future version. Call result.infer_objects(copy=False) instead. To opt-in to the future behavior, set `pd.set_option('future.no_silent_downcasting', True)`
  crossed_below = ~fast_above & fast_above.shift(1).fillna(False)   # death cross
/home/ubuntu/algo-trading/strategies/sma_crossover.py:57: FutureWarning: Downcasting object dtype arrays on .fillna, .ffill, .bfill is deprecated and will change in a future version. Call result.infer_objects(copy=False) instead. To opt-in to the future behavior, set `pd.set_option('future.no_silent_downcasting', True)`
  crossed_above = fast_above & ~fast_above.shift(1).fillna(False)   # golden cross
/home/ubuntu/algo-trading/strategies/sma_crossover.py:58: FutureWarning: Downcasting object dtype arrays on .fillna, .ffill, .bfill is deprecated and will change in a future version. Call result.infer_objects(copy=False) instead. To opt-in to the future behavior, set `pd.set_option('future.no_silent_downcasting', True)`
  crossed_below = ~fast_above & fast_above.shift(1).fillna(False)   # death cross
/home/ubuntu/algo-trading/strategies/sma_crossover.py:57: FutureWarning: Downcasting object dtype arrays on .fillna, .ffill, .bfill is deprecated and will change in a future version. Call result.infer_objects(copy=False) instead. To opt-in to the future behavior, set `pd.set_option('future.no_silent_downcasting', True)`
  crossed_above = fast_above & ~fast_above.shift(1).fillna(False)   # golden cross
/home/ubuntu/algo-trading/strategies/sma_crossover.py:58: FutureWarning: Downcasting object dtype arrays on .fillna, .ffill, .bfill is deprecated and will change in a future version. Call result.infer_objects(copy=False) instead. To opt-in to the future behavior, set `pd.set_option('future.no_silent_downcasting', True)`
  crossed_below = ~fast_above & fast_above.shift(1).fillna(False)   # death cross
/home/ubuntu/algo-trading/strategies/sma_crossover.py:57: FutureWarning: Downcasting object dtype arrays on .fillna, .ffill, .bfill is deprecated and will change in a future version. Call result.infer_objects(copy=False) instead. To opt-in to the future behavior, set `pd.set_option('future.no_silent_downcasting', True)`
  crossed_above = fast_above & ~fast_above.shift(1).fillna(False)   # golden cross
/home/ubuntu/algo-trading/strategies/sma_crossover.py:58: FutureWarning: Downcasting object dtype arrays on .fillna, .ffill, .bfill is deprecated and will change in a future version. Call result.infer_objects(copy=False) instead. To opt-in to the future behavior, set `pd.set_option('future.no_silent_downcasting', True)`
  crossed_below = ~fast_above & fast_above.shift(1).fillna(False)   # death cross
/home/ubuntu/algo-trading/strategies/sma_crossover.py:57: FutureWarning: Downcasting object dtype arrays on .fillna, .ffill, .bfill is deprecated and will change in a future version. Call result.infer_objects(copy=False) instead. To opt-in to the future behavior, set `pd.set_option('future.no_silent_downcasting', True)`
  crossed_above = fast_above & ~fast_above.shift(1).fillna(False)   # golden cross
/home/ubuntu/algo-trading/strategies/sma_crossover.py:58: FutureWarning: Downcasting object dtype arrays on .fillna, .ffill, .bfill is deprecated and will change in a future version. Call result.infer_objects(copy=False) instead. To opt-in to the future behavior, set `pd.set_option('future.no_silent_downcasting', True)`
  crossed_below = ~fast_above & fast_above.shift(1).fillna(False)   # death cross
/home/ubuntu/algo-trading/strategies/sma_crossover.py:57: FutureWarning: Downcasting object dtype arrays on .fillna, .ffill, .bfill is deprecated and will change in a future version. Call result.infer_objects(copy=False) instead. To opt-in to the future behavior, set `pd.set_option('future.no_silent_downcasting', True)`
  crossed_above = fast_above & ~fast_above.shift(1).fillna(False)   # golden cross
/home/ubuntu/algo-trading/strategies/sma_crossover.py:58: FutureWarning: Downcasting object dtype arrays on .fillna, .ffill, .bfill is deprecated and will change in a future version. Call result.infer_objects(copy=False) instead. To opt-in to the future behavior, set `pd.set_option('future.no_silent_downcasting', True)`
  crossed_below = ~fast_above & fast_above.shift(1).fillna(False)   # death cross

[paper_trading] Fetching data for 2026-06-16 …
[kite_fetcher] Fetching NSE instrument list from Kite...
[kite_fetcher] Cached 9835 NSE instruments.
[kite_fetcher] TMPV.NS: 80 trading days loaded (2026-02-16 → 2026-06-16)
[kite_fetcher] WHIRLPOOL.NS: 80 trading days loaded (2026-02-16 → 2026-06-16)
[kite_fetcher] SIEMENS.NS: 80 trading days loaded (2026-02-16 → 2026-06-16)
[kite_fetcher] BAJAJ-AUTO.NS: 80 trading days loaded (2026-02-16 → 2026-06-16)
[kite_fetcher] CUMMINSIND.NS: 80 trading days loaded (2026-02-16 → 2026-06-16)
[kite_fetcher] HCLTECH.NS: 80 trading days loaded (2026-02-16 → 2026-06-16)
[paper_trading] Checking corporate actions …
  [CORP_ACTION] TMPV.NS: clear — no material actions between 2026-06-16 and 2026-06-18
  [CORP_ACTION] WHIRLPOOL.NS: clear — no material actions between 2026-06-16 and 2026-06-18
  [CORP_ACTION] SIEMENS.NS: clear — no material actions between 2026-06-16 and 2026-06-18
  [CORP_ACTION] BAJAJ-AUTO.NS: clear — no material actions between 2026-06-16 and 2026-06-18
  [CORP_ACTION] CUMMINSIND.NS: clear — no material actions between 2026-06-16 and 2026-06-18
  [CORP_ACTION] HCLTECH.NS: clear — no material actions between 2026-06-16 and 2026-06-18

[paper_trading] Running signal pipeline for 6 stocks …

[strategy] SMA(20/50): 1 buy signals, 0 sell signals
[strategy] SMA(20/50): 1 buy signals, 1 sell signals
[strategy] SMA(20/50): 1 buy signals, 0 sell signals
[strategy] SMA(20/50): 1 buy signals, 0 sell signals
[strategy] SMA(20/50): 1 buy signals, 0 sell signals
[strategy] SMA(20/50): 0 buy signals, 0 sell signals

[paper_trading] Portfolio state saved.

==============================================================
  NSE PAPER TRADING SIGNAL REPORT
  Date: Tuesday, 16 June 2026  |  Run: 3:45 PM IST
==============================================================

  PORTFOLIO SUMMARY
  Cash available    : ₹   61,073.31
  Invested value    : ₹   38,148.60
  Total value       : ₹   99,221.91
  P&L vs start      : ₹-778.09  (-0.78%)
  Open positions    : 3 / 6 stocks
  Completed trades  : 1

  TODAY'S SIGNALS
  ┌────────────────┬────────────┬─────────────┬───────────┬───────────────────────────────┐
  │ Stock          │ Signal     │ Price       │ Shares    │ Reason                        │
  ├────────────────┼────────────┼─────────────┼───────────┼───────────────────────────────┤
  │ TMPV.NS        │ HOLD       │ ₹393.15     │ —         │ In position — no exit signal  │
  │ WHIRLPOOL.NS   │ HOLD       │ ₹785.90     │ —         │ No signal                     │
  │ SIEMENS.NS     │ HOLD       │ ₹3,635.00   │ —         │ In position — no exit signal  │
  │ BAJAJ-AUTO.NS  │ HOLD       │ ₹9,945.00   │ —         │ In position — no exit signal  │
  │ CUMMINSIND.NS  │ HOLD       │ ₹5,727.00   │ —         │ No signal                     │
  │ HCLTECH.NS     │ HOLD       │ ₹1,160.40   │ —         │ No signal                     │
  └────────────────┴────────────┴─────────────┴───────────┴───────────────────────────────┘

  OPEN POSITION RISK LEVELS
  TMPV.NS        : entry ₹390.40 | current ₹393.15 | chandelier ₹372.38 | P&L +0.7%
  SIEMENS.NS     : entry ₹3,731.56 | current ₹3,635.00 | chandelier ₹3,366.00 | P&L -2.6%
  BAJAJ-AUTO.NS  : entry ₹10,286.14 | current ₹9,945.00 | chandelier ₹9,730.50 | P&L -3.3%

  ACTIONS TAKEN: none (all HOLD)

  Next run: Wednesday 17 Jun 3:45 PM IST
  Log saved: paper_trading/signal_log.csv
==============================================================
[paper_trading] Signal log appended → paper_trading/signal_log.csv
[run_daily] Completed: 2026-06-16 10:15:17

