========================================
Run started: 2026-07-16 10:15:01
========================================
[run_daily] Refreshing access token via auto_login.py
[auto_login] Step 1: Seeding session cookies…
[auto_login] Step 1 OK (status 405)
[auto_login] Step 2: Submitting user ID and password…
[auto_login] Step 2 OK — request_id: tzBtdLYRPt…
[auto_login] Step 3: Submitting TOTP 453235  (28s remaining)…
[auto_login] Step 4 OK — 2FA accepted, session is now authenticated
[auto_login] Step 5: Following OAuth redirect chain…
[auto_login]   hop 1: 302  →  https://kite.zerodha.com/connect/finish?api_key=7g9gybqj3woxntss&sess_id=fvaRGNn
[auto_login]   hop 2: 302  →  https://127.0.0.1/?action=login&type=login&status=success&request_token=vNXUb362
[auto_login] Step 5 OK — request_token captured (32 chars)
[auto_login] Step 6: Exchanging request_token for access_token…
[auto_login] Step 7 OK — token saved → /home/ubuntu/algo-trading/auth/access_token.txt
[auto_login] Login successful — Aarav Piyush Agarwal (aaravpagarwal07@gmail.com)
[run_daily] Running signal_runner.py

[paper_trading] Fetching data for 2026-07-16 …
[kite_fetcher] Fetching NSE instrument list from Kite...
[kite_fetcher] Cached 9930 NSE instruments.
[kite_fetcher] BAJAJ-AUTO.NS: 80 trading days loaded (2026-03-18 → 2026-07-16)
[kite_fetcher] HCLTECH.NS: 80 trading days loaded (2026-03-18 → 2026-07-16)
[kite_fetcher] COLPAL.NS: 80 trading days loaded (2026-03-18 → 2026-07-16)
[kite_fetcher] ANURAS.NS: 80 trading days loaded (2026-03-18 → 2026-07-16)
[kite_fetcher] BSOFT.NS: 80 trading days loaded (2026-03-18 → 2026-07-16)
[kite_fetcher] PERSISTENT.NS: 80 trading days loaded (2026-03-18 → 2026-07-16)
[kite_fetcher] CHOLAHLDNG.NS: 80 trading days loaded (2026-03-18 → 2026-07-16)
[kite_fetcher] COHANCE.NS: 80 trading days loaded (2026-03-18 → 2026-07-16)
[kite_fetcher] MAPMYINDIA.NS: 80 trading days loaded (2026-03-18 → 2026-07-16)
[kite_fetcher] NIFTYBEES.NS: 9 trading days loaded (2026-07-06 → 2026-07-16)
[paper_trading] Checking NIFTY 50 market regime …
[kite_fetcher] NIFTY 50.NS: 62 trading days loaded (2026-04-17 → 2026-07-16)
  [NIFTY] 2026-07-16 | close ₹24,081.10 | SMA20 ₹24,087.68 | SMA50 ₹23,831.56 | gap +1.07% → regime: BULL

[paper_trading] Checking corporate actions …
  [CORP_ACTION] BAJAJ-AUTO.NS: clear — no material actions between 2026-07-16 and 2026-07-20
  [CORP_ACTION] HCLTECH.NS: SKIP — DIVIDEND Rs 12.00 (1.01% of ₹1,190 ≥ 1% threshold) | ex-date 2026-07-17
  [CORP_ACTION] COLPAL.NS: clear — no material actions between 2026-07-16 and 2026-07-20
  [CORP_ACTION] ANURAS.NS: clear — no material actions between 2026-07-16 and 2026-07-20
  [CORP_ACTION] BSOFT.NS: clear — no material actions between 2026-07-16 and 2026-07-20
  [CORP_ACTION] PERSISTENT.NS: clear — no material actions between 2026-07-16 and 2026-07-20
  [CORP_ACTION] CHOLAHLDNG.NS: clear — no material actions between 2026-07-16 and 2026-07-20
  [CORP_ACTION] COHANCE.NS: clear — no material actions between 2026-07-16 and 2026-07-20
  [CORP_ACTION] MAPMYINDIA.NS: clear — no material actions between 2026-07-16 and 2026-07-20

[paper_trading] Running signal pipeline for 9 stocks …

[strategy] SMA(20/50): 1 buy signals, 1 sell signals
  [CORP_ACTION] HCLTECH.NS SKIPPED — DIVIDEND Rs 12.00 (1.01% of ₹1,190 ≥ 1% threshold) | ex-date 2026-07-17
[strategy] SMA(20/50): 1 buy signals, 1 sell signals
[strategy] SMA(20/50): 1 buy signals, 1 sell signals
[strategy] SMA(20/50): 0 buy signals, 0 sell signals
[strategy] SMA(20/50): 1 buy signals, 1 sell signals
[strategy] SMA(20/50): 2 buy signals, 1 sell signals
[strategy] SMA(20/50): 2 buy signals, 1 sell signals
[strategy] SMA(20/50): 2 buy signals, 1 sell signals

[paper_trading] Portfolio state saved.

==============================================================
  NSE PAPER TRADING SIGNAL REPORT
  Date: Thursday, 16 July 2026  |  Run: 3:45 PM IST  |  NIFTY Regime: BULL
==============================================================

  PORTFOLIO SUMMARY
  Cash available    : ₹      243.49
  Invested value    : ₹        0.00
  Total value       : ₹   98,674.11
  P&L vs start      : ₹-1,325.89  (-1.33%)
  Open positions    : 0 / 9 stocks
  NIFTYBEES ETF     : 359 units | tier 100% | value ₹98431
  Completed trades  : 4

  TODAY'S SIGNALS
  ┌────────────────┬────────────┬─────────────┬───────────┬───────────────────────────────┐
  │ Stock          │ Signal     │ Price       │ Shares    │ Reason                        │
  ├────────────────┼────────────┼─────────────┼───────────┼───────────────────────────────┤
  │ BAJAJ-AUTO.NS  │ HOLD       │ ₹10,311.00  │ —         │ No signal                     │
  │ HCLTECH.NS     │ SKIP_CA    │ ₹1,189.70   │ —         │ DIVIDEND Rs 12.00 (1.01% of   │
  │ COLPAL.NS      │ HOLD       │ ₹1,998.00   │ —         │ No signal                     │
  │ ANURAS.NS      │ HOLD       │ ₹1,268.30   │ —         │ No signal                     │
  │ BSOFT.NS       │ HOLD       │ ₹289.90     │ —         │ No signal                     │
  │ PERSISTENT.NS  │ HOLD       │ ₹5,078.00   │ —         │ No signal                     │
  │ CHOLAHLDNG.NS  │ HOLD       │ ₹1,563.00   │ —         │ No signal                     │
  │ COHANCE.NS     │ HOLD       │ ₹444.20     │ —         │ No signal                     │
  │ MAPMYINDIA.NS  │ HOLD       │ ₹1,181.00   │ —         │ No signal                     │
  └────────────────┴────────────┴─────────────┴───────────┴───────────────────────────────┘

  ACTIONS TAKEN: none (all HOLD)

  Next run: Friday 17 Jul 3:45 PM IST
  Log saved: paper_trading/signal_log.csv
==============================================================
[paper_trading] Signal log appended → paper_trading/signal_log.csv
[run_daily] Completed: 2026-07-16 10:15:34

