Morning fill check started: 2026-06-19 03:50:01
[auto_login] Step 1: Seeding session cookies…
[auto_login] Step 1 OK (status 405)
[auto_login] Step 2: Submitting user ID and password…
[auto_login] Step 2 OK — request_id: bnwQRKxBXV…
[auto_login] Step 3: Submitting TOTP 121589  (27s remaining)…
[auto_login] Step 4 OK — 2FA accepted, session is now authenticated
[auto_login] Step 5: Following OAuth redirect chain…
[auto_login]   hop 1: 302  →  https://kite.zerodha.com/connect/finish?api_key=7g9gybqj3woxntss&sess_id=Cd3RmFH
[auto_login]   hop 2: 302  →  https://127.0.0.1/?request_token=MEksms4mOL26J4L4Jm8o1owuHezBHT98&action=login&t
[auto_login] Step 5 OK — request_token captured (32 chars)
[auto_login] Step 6: Exchanging request_token for access_token…
[auto_login] Step 7 OK — token saved → /home/ubuntu/algo-trading/auth/access_token.txt
[auto_login] Login successful — Aarav Piyush Agarwal (aaravpagarwal07@gmail.com)
[morning_fill_check] Paper trading mode — simulating fills from open price

==============================================================
  MORNING FILL REPORT — Friday 19 Jun 2026
  Fill date: 2026-06-19  |  Checking all unfilled DRY_RUN orders
  MODE: DRY RUN — portfolio state will NOT be modified
==============================================================

  Pending unfilled orders: 1
  [CORP_ACTION] TMPV.NS: DIVIDEND on 2026-06-19 — below threshold, no skip (DIVIDEND Rs 3.00 (0.836% of ₹359 < 1% threshold — immaterial))
  [CORP_ACTION] TMPV.NS: clear — no material actions between 2026-06-19 and 2026-06-23

[kite_fetcher] Fetching NSE instrument list from Kite...
[kite_fetcher] Cached 9853 NSE instruments.
[kite_fetcher] TMPV.NS: 1 trading days loaded (2026-06-19 → 2026-06-19)
[kite_fetcher] TMPV.NS: 4 trading days loaded (2026-06-15 → 2026-06-18)
  ✓ FILLED   TMPV.NS        SELL  44 shr | limit ₹359.84 | opened ₹363.75 | FILLED at ₹363.75 [RM:CHANDELIER]

  Summary: 1 FILLED | 0 MISSED
  To update portfolio with these fills, re-run with --apply flag.
==============================================================

Morning fill check completed: 2026-06-19 03:50:05

