========================================
Run started: 2026-07-17 10:15:01
========================================
[run_daily] Refreshing access token via auto_login.py
[auto_login] Step 1: Seeding session cookies…
[auto_login] Step 1 OK (status 405)
[auto_login] Step 2: Submitting user ID and password…
[auto_login] Step 2 OK — request_id: zD8fcwVaYZ…
[auto_login] Step 3: Submitting TOTP 067718  (28s remaining)…
[auto_login] Step 4 OK — 2FA accepted, session is now authenticated
[auto_login] Step 5: Following OAuth redirect chain…
[auto_login]   hop 1: 302  →  https://kite.zerodha.com/connect/finish?api_key=7g9gybqj3woxntss&sess_id=461mY65
[auto_login]   hop 2: 302  →  https://127.0.0.1/?request_token=X9XCIZXwVtt9O6dwgqPn0kDaoGP2L87y&action=login&t
[auto_login] Step 5 OK — request_token captured (32 chars)
[auto_login] Step 6: Exchanging request_token for access_token…
[auto_login] Step 7 OK — token saved → /home/ubuntu/algo-trading/auth/access_token.txt
[auto_login] Login successful — Aarav Piyush Agarwal (aaravpagarwal07@gmail.com)
[run_daily] Running signal_runner.py

[paper_trading] Fetching data for 2026-07-17 …
[kite_fetcher] BAJAJ-AUTO.NS: 80 trading days loaded (2026-03-19 → 2026-07-17)
[kite_fetcher] HCLTECH.NS: 80 trading days loaded (2026-03-19 → 2026-07-17)
[kite_fetcher] COLPAL.NS: 80 trading days loaded (2026-03-19 → 2026-07-17)
[kite_fetcher] ANURAS.NS: 80 trading days loaded (2026-03-19 → 2026-07-17)
[kite_fetcher] BSOFT.NS: 80 trading days loaded (2026-03-19 → 2026-07-17)
[kite_fetcher] PERSISTENT.NS: 80 trading days loaded (2026-03-19 → 2026-07-17)
[kite_fetcher] CHOLAHLDNG.NS: 80 trading days loaded (2026-03-19 → 2026-07-17)
[kite_fetcher] COHANCE.NS: 80 trading days loaded (2026-03-19 → 2026-07-17)
[kite_fetcher] MAPMYINDIA.NS: 80 trading days loaded (2026-03-19 → 2026-07-17)
[kite_fetcher] EMAMILTD.NS: 80 trading days loaded (2026-03-19 → 2026-07-17)
[kite_fetcher] NIFTYBEES.NS: 9 trading days loaded (2026-07-07 → 2026-07-17)
[paper_trading] Checking NIFTY 50 market regime …
[kite_fetcher] NIFTY 50.NS: 62 trading days loaded (2026-04-20 → 2026-07-17)
  [NIFTY] 2026-07-17 | close ₹24,346.70 | SMA20 ₹24,096.20 | SMA50 ₹23,831.71 | gap +1.11% → regime: BULL

[paper_trading] Checking corporate actions …
  [CORP_ACTION] BAJAJ-AUTO.NS: clear — no material actions between 2026-07-17 and 2026-07-21
  [CORP_ACTION] HCLTECH.NS: DIVIDEND on 2026-07-17 — below threshold, no skip (DIVIDEND Rs 12.00 (0.998% of ₹1,203 < 1% threshold — immaterial))
  [CORP_ACTION] HCLTECH.NS: clear — no material actions between 2026-07-17 and 2026-07-21
  [CORP_ACTION] COLPAL.NS: clear — no material actions between 2026-07-17 and 2026-07-21
  [CORP_ACTION] ANURAS.NS: clear — no material actions between 2026-07-17 and 2026-07-21
  [CORP_ACTION] BSOFT.NS: clear — no material actions between 2026-07-17 and 2026-07-21
  [CORP_ACTION] PERSISTENT.NS: clear — no material actions between 2026-07-17 and 2026-07-21
  [CORP_ACTION] CHOLAHLDNG.NS: clear — no material actions between 2026-07-17 and 2026-07-21
  [CORP_ACTION] COHANCE.NS: clear — no material actions between 2026-07-17 and 2026-07-21
  [CORP_ACTION] MAPMYINDIA.NS: clear — no material actions between 2026-07-17 and 2026-07-21
  [CORP_ACTION] EMAMILTD.NS: clear — no material actions between 2026-07-17 and 2026-07-21

[paper_trading] Running signal pipeline for 10 stocks …

[strategy] SMA(20/50): 1 buy signals, 1 sell signals
[strategy] SMA(20/50): 0 buy signals, 0 sell signals
[strategy] SMA(20/50): 1 buy signals, 1 sell signals
[strategy] SMA(20/50): 1 buy signals, 1 sell signals
[strategy] SMA(20/50): 0 buy signals, 0 sell signals
[strategy] SMA(20/50): 1 buy signals, 1 sell signals
[strategy] SMA(20/50): 2 buy signals, 1 sell signals
[strategy] SMA(20/50): 2 buy signals, 1 sell signals
[strategy] SMA(20/50): 2 buy signals, 1 sell signals
[strategy] SMA(20/50): 1 buy signals, 0 sell signals

[paper_trading] Portfolio state saved.

==============================================================
  NSE PAPER TRADING SIGNAL REPORT
  Date: Friday, 17 July 2026  |  Run: 3:45 PM IST  |  NIFTY Regime: BULL
==============================================================

  PORTFOLIO SUMMARY
  Cash available    : ₹      243.49
  Invested value    : ₹        0.00
  Total value       : ₹   99,542.89
  P&L vs start      : ₹-457.11  (-0.46%)
  Open positions    : 0 / 10 stocks
  NIFTYBEES ETF     : 359 units | tier 100% | value ₹99299
  Completed trades  : 4

  TODAY'S SIGNALS
  ┌────────────────┬────────────┬─────────────┬───────────┬───────────────────────────────┐
  │ Stock          │ Signal     │ Price       │ Shares    │ Reason                        │
  ├────────────────┼────────────┼─────────────┼───────────┼───────────────────────────────┤
  │ BAJAJ-AUTO.NS  │ HOLD       │ ₹10,439.50  │ —         │ No signal                     │
  │ HCLTECH.NS     │ HOLD       │ ₹1,203.00   │ —         │ No signal                     │
  │ COLPAL.NS      │ HOLD       │ ₹2,045.00   │ —         │ No signal                     │
  │ ANURAS.NS      │ HOLD       │ ₹1,267.00   │ —         │ No signal                     │
  │ BSOFT.NS       │ HOLD       │ ₹288.00     │ —         │ No signal                     │
  │ PERSISTENT.NS  │ HOLD       │ ₹5,175.00   │ —         │ No signal                     │
  │ CHOLAHLDNG.NS  │ HOLD       │ ₹1,572.40   │ —         │ No signal                     │
  │ COHANCE.NS     │ HOLD       │ ₹442.00     │ —         │ No signal                     │
  │ MAPMYINDIA.NS  │ HOLD       │ ₹1,178.00   │ —         │ No signal                     │
  │ EMAMILTD.NS    │ HOLD       │ ₹410.00     │ —         │ No signal                     │
  └────────────────┴────────────┴─────────────┴───────────┴───────────────────────────────┘

  ACTIONS TAKEN: none (all HOLD)

  Next run: Monday 20 Jul 3:45 PM IST
  Log saved: paper_trading/signal_log.csv
==============================================================
[paper_trading] Signal log appended → paper_trading/signal_log.csv
==============================================================
  WEEKLY SUMMARY  (week ending 17 Jul 2026)
==============================================================
  Signals this week: 0 BUY, 0 SELL, 0 RISK_EXIT
  Weekly P&L        : +₹521  (+0.53%)
  Running paper P&L : ₹-457  (-0.46%)  since None
==============================================================

[run_daily] Completed: 2026-07-17 10:15:37

