======================================
Screen run started: Wed Jul 15 12:30:01 UTC 2026
======================================

[auto_screener] Starting screen — 2026-07-15 12:30
[auto_screener] NIFTY 500: 500 stocks (live, cache updated)
[auto_screener] Current universe: 9 stocks
[auto_screener] Fetching data for 500 stocks (rate-limited to 55 req/min)...
[kite_fetcher] ACUTAAS.NS: 874 trading days loaded (2023-01-02 → 2026-07-14)
[kite_fetcher] BSOFT.NS: 874 trading days loaded (2023-01-02 → 2026-07-14)
[kite_fetcher] NLCINDIA.NS: 874 trading days loaded (2023-01-02 → 2026-07-14)
[kite_fetcher] LT.NS: 874 trading days loaded (2023-01-02 → 2026-07-14)
[kite_fetcher] FORCEMOT.NS: 798 trading days loaded (2023-01-02 → 2026-07-14)
[kite_fetcher] ASAHIINDIA.NS: 874 trading days loaded (2023-01-02 → 2026-07-14)
[kite_fetcher] SARDAEN.NS: 874 trading days loaded (2023-01-02 → 2026-07-14)
[kite_fetcher] GLAXO.NS: 874 trading days loaded (2023-01-02 → 2026-07-14)
[kite_fetcher] PNB.NS: 874 trading days loaded (2023-01-02 → 2026-07-14)
[kite_fetcher] RBLBANK.NS: 874 trading days loaded (2023-01-02 → 2026-07-14)
[kite_fetcher] SUNPHARMA.NS: 874 trading days loaded (2023-01-02 → 2026-07-14)
[kite_fetcher] KAJARIACER.NS: 874 trading days loaded (2023-01-02 → 2026-07-14)
[kite_fetcher] JBCHEPHARM.NS: 874 trading days loaded (2023-01-02 → 2026-07-14)
[kite_fetcher] BEL.NS: 874 trading days loaded (2023-01-02 → 2026-07-14)
[kite_fetcher] BAJFINANCE.NS: 874 trading days loaded (2023-01-02 → 2026-07-14)
[kite_fetcher] CPPLUS.NS: 231 trading days loaded (2025-08-05 → 2026-07-14)
[kite_fetcher] NUVAMA.NS: 693 trading days loaded (2023-09-26 → 2026-07-14)
[kite_fetcher] POLYCAB.NS: 874 trading days loaded (2023-01-02 → 2026-07-14)
[kite_fetcher] NESTLEIND.NS: 874 trading days loaded (2023-01-02 → 2026-07-14)
[kite_fetcher] GLENMARK.NS: 874 trading days loaded (2023-01-02 → 2026-07-14)
[kite_fetcher] ZFCVINDIA.NS: 874 trading days loaded (2023-01-02 → 2026-07-14)
[kite_fetcher] LUPIN.NS: 874 trading days loaded (2023-01-02 → 2026-07-14)
[kite_fetcher] VMM.NS: 388 trading days loaded (2024-12-18 → 2026-07-14)
[kite_fetcher] TIINDIA.NS: 874 trading days loaded (2023-01-02 → 2026-07-14)
[kite_fetcher] CASTROLIND.NS: 874 trading days loaded (2023-01-02 → 2026-07-14)
[kite_fetcher] LICI.NS: 874 trading days loaded (2023-01-02 → 2026-07-14)
[kite_fetcher] IFCI.NS: 874 trading days loaded (2023-01-02 → 2026-07-14)
[kite_fetcher] BOSCHLTD.NS: 874 trading days loaded (2023-01-02 → 2026-07-14)
[kite_fetcher] ZEEL.NS: 874 trading days loaded (2023-01-02 → 2026-07-14)
[kite_fetcher] JAINREC.NS: 192 trading days loaded (2025-10-01 → 2026-07-14)
[kite_fetcher] TECHNOE.NS: 874 trading days loaded (2023-01-02 → 2026-07-14)
[kite_fetcher] MSUMI.NS: 874 trading days loaded (2023-01-02 → 2026-07-14)
[kite_fetcher] BRIGADE.NS: 874 trading days loaded (2023-01-02 → 2026-07-14)
[kite_fetcher] FSL.NS: 874 trading days loaded (2023-01-02 → 2026-07-14)
[kite_fetcher] PINELABS.NS: 163 trading days loaded (2025-11-14 → 2026-07-14)
[kite_fetcher] PTCIL.NS: 767 trading days loaded (2023-06-09 → 2026-07-14)
[kite_fetcher] TITAGARH.NS: 874 trading days loaded (2023-01-02 → 2026-07-14)
[kite_fetcher] VTL.NS: 874 trading days loaded (2023-01-02 → 2026-07-14)
[kite_fetcher] ANANDRATHI.NS: 874 trading days loaded (2023-01-02 → 2026-07-14)
[kite_fetcher] 3MINDIA.NS: 874 trading days loaded (2023-01-02 → 2026-07-14)
[kite_fetcher] AEGISVOPAK.NS: 277 trading days loaded (2025-06-02 → 2026-07-14)
[kite_fetcher] CUB.NS: 874 trading days loaded (2023-01-02 → 2026-07-14)
[kite_fetcher] COHANCE.NS: 874 trading days loaded (2023-01-02 → 2026-07-14)
[kite_fetcher] GICRE.NS: 874 trading days loaded (2023-01-02 → 2026-07-14)
[kite_fetcher] BLUEJET.NS: 669 trading days loaded (2023-11-01 → 2026-07-14)
[kite_fetcher] WIPRO.NS: 874 trading days loaded (2023-01-02 → 2026-07-14)
[kite_fetcher] CCL.NS: 874 trading days loaded (2023-01-02 → 2026-07-14)
[kite_fetcher] POWERGRID.NS: 874 trading days loaded (2023-01-02 → 2026-07-14)
[kite_fetcher] JSWINFRA.NS: 689 trading days loaded (2023-10-03 → 2026-07-14)
[kite_fetcher] FEDERALBNK.NS: 874 trading days loaded (2023-01-02 → 2026-07-14)
[auto_screener]   50/500 attempted, 42 valid, 0 skipped (0.0%)
[kite_fetcher] TTML.NS: 874 trading days loaded (2023-01-02 → 2026-07-14)
[kite_fetcher] GMDCLTD.NS: 874 trading days loaded (2023-01-02 → 2026-07-14)
[kite_fetcher] ABDL.NS: 504 trading days loaded (2024-07-02 → 2026-07-14)
[kite_fetcher] MEDANTA.NS: 874 trading days loaded (2023-01-02 → 2026-07-14)
[kite_fetcher] IOC.NS: 874 trading days loaded (2023-01-02 → 2026-07-14)
[kite_fetcher] TATATECH.NS: 649 trading days loaded (2023-11-30 → 2026-07-14)
[kite_fetcher] ZYDUSWELL.NS: 874 trading days loaded (2023-01-02 → 2026-07-14)
[kite_fetcher] BAJAJFINSV.NS: 874 trading days loaded (2023-01-02 → 2026-07-14)
[kite_fetcher] OLECTRA.NS: 874 trading days loaded (2023-01-02 → 2026-07-14)
[kite_fetcher] NEWGEN.NS: 874 trading days loaded (2023-01-02 → 2026-07-14)
[kite_fetcher] TRENT.NS: 874 trading days loaded (2023-01-02 → 2026-07-14)
[kite_fetcher] PATANJALI.NS: 874 trading days loaded (2023-01-02 → 2026-07-14)
[kite_fetcher] EXIDEIND.NS: 874 trading days loaded (2023-01-02 → 2026-07-14)
[kite_fetcher] FACT.NS: 874 trading days loaded (2023-01-02 → 2026-07-14)
[kite_fetcher] HEROMOTOCO.NS: 874 trading days loaded (2023-01-02 → 2026-07-14)
[kite_fetcher] IDFCFIRSTB.NS: 874 trading days loaded (2023-01-02 → 2026-07-14)
[kite_fetcher] SHRIRAMFIN.NS: 874 trading days loaded (2023-01-02 → 2026-07-14)
[kite_fetcher] NTPCGREEN.NS: 403 trading days loaded (2024-11-27 → 2026-07-14)
[kite_fetcher] APOLLOHOSP.NS: 874 trading days loaded (2023-01-02 → 2026-07-14)
[kite_fetcher] HINDALCO.NS: 874 trading days loaded (2023-01-02 → 2026-07-14)
[kite_fetcher] HFCL.NS: 874 trading days loaded (2023-01-02 → 2026-07-14)
[kite_fetcher] NATCOPHARM.NS: 874 trading days loaded (2023-01-02 → 2026-07-14)
[kite_fetcher] MCX.NS: 874 trading days loaded (2023-01-02 → 2026-07-14)
[kite_fetcher] AAVAS.NS: 874 trading days loaded (2023-01-02 → 2026-07-14)
[kite_fetcher] LALPATHLAB.NS: 874 trading days loaded (2023-01-02 → 2026-07-14)
[kite_fetcher] ERIS.NS: 874 trading days loaded (2023-01-02 → 2026-07-14)
[kite_fetcher] NTPC.NS: 874 trading days loaded (2023-01-02 → 2026-07-14)
[kite_fetcher] BDL.NS: 874 trading days loaded (2023-01-02 → 2026-07-14)
[kite_fetcher] CENTRALBK.NS: 874 trading days loaded (2023-01-02 → 2026-07-14)
[kite_fetcher] CARTRADE.NS: 874 trading days loaded (2023-01-02 → 2026-07-14)
[kite_fetcher] MUTHOOTFIN.NS: 874 trading days loaded (2023-01-02 → 2026-07-14)
[kite_fetcher] RELIANCE.NS: 874 trading days loaded (2023-01-02 → 2026-07-14)
[kite_fetcher] TBOTEK.NS: 537 trading days loaded (2024-05-15 → 2026-07-14)
[kite_fetcher] DIXON.NS: 874 trading days loaded (2023-01-02 → 2026-07-14)
[kite_fetcher] HINDZINC.NS: 874 trading days loaded (2023-01-02 → 2026-07-14)
[kite_fetcher] WAAREEENER.NS: 423 trading days loaded (2024-10-28 → 2026-07-14)
[kite_fetcher] KPIL.NS: 874 trading days loaded (2023-01-02 → 2026-07-14)
[kite_fetcher] LEMONTREE.NS: 874 trading days loaded (2023-01-02 → 2026-07-14)
[kite_fetcher] NH.NS: 874 trading days loaded (2023-01-02 → 2026-07-14)
[kite_fetcher] OFSS.NS: 874 trading days loaded (2023-01-02 → 2026-07-14)
[kite_fetcher] HOMEFIRST.NS: 874 trading days loaded (2023-01-02 → 2026-07-14)
[kite_fetcher] EMMVEE.NS: 161 trading days loaded (2025-11-18 → 2026-07-14)
[kite_fetcher] CHAMBLFERT.NS: 874 trading days loaded (2023-01-02 → 2026-07-14)
[kite_fetcher] GPIL.NS: 874 trading days loaded (2023-01-02 → 2026-07-14)
[kite_fetcher] SAREGAMA.NS: 874 trading days loaded (2023-01-02 → 2026-07-14)
[kite_fetcher] TENNIND.NS: 160 trading days loaded (2025-11-19 → 2026-07-14)
[kite_fetcher] GODIGIT.NS: 531 trading days loaded (2024-05-23 → 2026-07-14)
[kite_fetcher] BAYERCROP.NS: 874 trading days loaded (2023-01-02 → 2026-07-14)
[kite_fetcher] ATHERENERG.NS: 296 trading days loaded (2025-05-06 → 2026-07-14)
[kite_fetcher] POWERINDIA.NS: 874 trading days loaded (2023-01-02 → 2026-07-14)
[auto_screener]   100/500 attempted, 83 valid, 0 skipped (0.0%)
[kite_fetcher] AFFLE.NS: 874 trading days loaded (2023-01-02 → 2026-07-14)
[kite_fetcher] IRFC.NS: 874 trading days loaded (2023-01-02 → 2026-07-14)
[kite_fetcher] BANKBARODA.NS: 874 trading days loaded (2023-01-02 → 2026-07-14)
[kite_fetcher] PGEL.NS: 874 trading days loaded (2023-01-02 → 2026-07-14)
[kite_fetcher] PNBHOUSING.NS: 874 trading days loaded (2023-01-02 → 2026-07-14)
[kite_fetcher] BAJAJ-AUTO.NS: 874 trading days loaded (2023-01-02 → 2026-07-14)
[kite_fetcher] DABUR.NS: 874 trading days loaded (2023-01-02 → 2026-07-14)
[kite_fetcher] CIPLA.NS: 874 trading days loaded (2023-01-02 → 2026-07-14)
[kite_fetcher] CESC.NS: 874 trading days loaded (2023-01-02 → 2026-07-14)
[kite_fetcher] MGL.NS: 874 trading days loaded (2023-01-02 → 2026-07-14)
[kite_fetcher] PCBL.NS: 874 trading days loaded (2023-01-02 → 2026-07-14)
[kite_fetcher] AMBUJACEM.NS: 874 trading days loaded (2023-01-02 → 2026-07-14)
[kite_fetcher] ATGL.NS: 874 trading days loaded (2023-01-02 → 2026-07-14)
[kite_fetcher] SUPREMEIND.NS: 874 trading days loaded (2023-01-02 → 2026-07-14)
[kite_fetcher] IOB.NS: 874 trading days loaded (2023-01-02 → 2026-07-14)
[kite_fetcher] TATACAP.NS: 185 trading days loaded (2025-10-13 → 2026-07-14)
[kite_fetcher] BLUEDART.NS: 874 trading days loaded (2023-01-02 → 2026-07-14)
[kite_fetcher] DOMS.NS: 635 trading days loaded (2023-12-20 → 2026-07-14)
[kite_fetcher] INDUSINDBK.NS: 874 trading days loaded (2023-01-02 → 2026-07-14)
[kite_fetcher] ABB.NS: 874 trading days loaded (2023-01-02 → 2026-07-14)
[kite_fetcher] JSL.NS: 874 trading days loaded (2023-01-02 → 2026-07-14)
[kite_fetcher] DEEPAKFERT.NS: 874 trading days loaded (2023-01-02 → 2026-07-14)
[kite_fetcher] SBIN.NS: 874 trading days loaded (2023-01-02 → 2026-07-14)
[kite_fetcher] CONCORDBIO.NS: 719 trading days loaded (2023-08-18 → 2026-07-14)
[kite_fetcher] LGEINDIA.NS: 184 trading days loaded (2025-10-14 → 2026-07-14)
[kite_fetcher] COALINDIA.NS: 874 trading days loaded (2023-01-02 → 2026-07-14)
[kite_fetcher] TRIDENT.NS: 874 trading days loaded (2023-01-02 → 2026-07-14)
[kite_fetcher] USHAMART.NS: 874 trading days loaded (2023-01-02 → 2026-07-14)
[kite_fetcher] NATIONALUM.NS: 874 trading days loaded (2023-01-02 → 2026-07-14)
[kite_fetcher] BHARATFORG.NS: 874 trading days loaded (2023-01-02 → 2026-07-14)
[kite_fetcher] BEML.NS: 874 trading days loaded (2023-01-02 → 2026-07-14)
[kite_fetcher] INDIGO.NS: 874 trading days loaded (2023-01-02 → 2026-07-14)
[kite_fetcher] DLF.NS: 874 trading days loaded (2023-01-02 → 2026-07-14)
[kite_fetcher] FINCABLES.NS: 874 trading days loaded (2023-01-02 → 2026-07-14)
[kite_fetcher] CGCL.NS: 874 trading days loaded (2023-01-02 → 2026-07-14)
[kite_fetcher] MRPL.NS: 874 trading days loaded (2023-01-02 → 2026-07-14)
[kite_fetcher] MANAPPURAM.NS: 874 trading days loaded (2023-01-02 → 2026-07-14)
[kite_fetcher] SRF.NS: 874 trading days loaded (2023-01-02 → 2026-07-14)
[kite_fetcher] MANKIND.NS: 790 trading days loaded (2023-05-09 → 2026-07-14)
[kite_fetcher] ENDURANCE.NS: 874 trading days loaded (2023-01-02 → 2026-07-14)
[kite_fetcher] JYOTICNC.NS: 617 trading days loaded (2024-01-16 → 2026-07-14)
[kite_fetcher] RVNL.NS: 874 trading days loaded (2023-01-02 → 2026-07-14)
[kite_fetcher] NETWEB.NS: 734 trading days loaded (2023-07-27 → 2026-07-14)
[kite_fetcher] FIVESTAR.NS: 874 trading days loaded (2023-01-02 → 2026-07-14)
[kite_fetcher] ETERNAL.NS: 874 trading days loaded (2023-01-02 → 2026-07-14)
[kite_fetcher] SAPPHIRE.NS: 874 trading days loaded (2023-01-02 → 2026-07-14)
[kite_fetcher] ITI.NS: 874 trading days loaded (2023-01-02 → 2026-07-14)
[kite_fetcher] BIKAJI.NS: 874 trading days loaded (2023-01-02 → 2026-07-14)
[kite_fetcher] UNIONBANK.NS: 874 trading days loaded (2023-01-02 → 2026-07-14)
[kite_fetcher] PFIZER.NS: 874 trading days loaded (2023-01-02 → 2026-07-14)
[auto_screener]   150/500 attempted, 127 valid, 0 skipped (0.0%)
[kite_fetcher] SOLARINDS.NS: 874 trading days loaded (2023-01-02 → 2026-07-14)
[kite_fetcher] AIAENG.NS: 874 trading days loaded (2023-01-02 → 2026-07-14)
[kite_fetcher] RAINBOW.NS: 874 trading days loaded (2023-01-02 → 2026-07-14)
[kite_fetcher] CYIENT.NS: 874 trading days loaded (2023-01-02 → 2026-07-14)
[kite_fetcher] GRASIM.NS: 874 trading days loaded (2023-01-02 → 2026-07-14)
[kite_fetcher] TATACONSUM.NS: 874 trading days loaded (2023-01-02 → 2026-07-14)
[kite_fetcher] SBFC.NS: 721 trading days loaded (2023-08-16 → 2026-07-14)
[kite_fetcher] PERSISTENT.NS: 874 trading days loaded (2023-01-02 → 2026-07-14)
[kite_fetcher] HONAUT.NS: 874 trading days loaded (2023-01-02 → 2026-07-14)
[kite_fetcher] POLYMED.NS: 874 trading days loaded (2023-01-02 → 2026-07-14)
[kite_fetcher] SWIGGY.NS: 411 trading days loaded (2024-11-13 → 2026-07-14)
[kite_fetcher] VIJAYA.NS: 874 trading days loaded (2023-01-02 → 2026-07-14)
[kite_fetcher] JUBLFOOD.NS: 874 trading days loaded (2023-01-02 → 2026-07-14)
[kite_fetcher] APARINDS.NS: 874 trading days loaded (2023-01-02 → 2026-07-14)
[kite_fetcher] TMPV.NS: 874 trading days loaded (2023-01-02 → 2026-07-14)
[kite_fetcher] SUZLON.NS: 874 trading days loaded (2023-01-02 → 2026-07-14)
[kite_fetcher] HYUNDAI.NS: 427 trading days loaded (2024-10-22 → 2026-07-14)
[kite_fetcher] PFC.NS: 874 trading days loaded (2023-01-02 → 2026-07-14)
[kite_fetcher] SIGNATURE.NS: 692 trading days loaded (2023-09-27 → 2026-07-14)
[kite_fetcher] ELGIEQUIP.NS: 874 trading days loaded (2023-01-02 → 2026-07-14)
[kite_fetcher] GRSE.NS: 874 trading days loaded (2023-01-02 → 2026-07-14)
[kite_fetcher] ADANIENSOL.NS: 874 trading days loaded (2023-01-02 → 2026-07-14)
[kite_fetcher] CEMPRO.NS: 874 trading days loaded (2023-01-02 → 2026-07-14)
[kite_fetcher] ENGINERSIN.NS: 874 trading days loaded (2023-01-02 → 2026-07-14)
[kite_fetcher] KOTAKBANK.NS: 874 trading days loaded (2023-01-02 → 2026-07-14)
[kite_fetcher] ASHOKLEY.NS: 874 trading days loaded (2023-01-02 → 2026-07-14)
[kite_fetcher] TATAELXSI.NS: 874 trading days loaded (2023-01-02 → 2026-07-14)
[kite_fetcher] BANDHANBNK.NS: 874 trading days loaded (2023-01-02 → 2026-07-14)
[kite_fetcher] HDBFS.NS: 255 trading days loaded (2025-07-02 → 2026-07-14)
[kite_fetcher] VBL.NS: 874 trading days loaded (2023-01-02 → 2026-07-14)
[kite_fetcher] TATAINVEST.NS: 874 trading days loaded (2023-01-02 → 2026-07-14)
[kite_fetcher] TRAVELFOOD.NS: 247 trading days loaded (2025-07-14 → 2026-07-14)
[kite_fetcher] EIDPARRY.NS: 874 trading days loaded (2023-01-02 → 2026-07-14)
[kite_fetcher] PARADEEP.NS: 874 trading days loaded (2023-01-02 → 2026-07-14)
[kite_fetcher] EICHERMOT.NS: 874 trading days loaded (2023-01-02 → 2026-07-14)
[kite_fetcher] SBILIFE.NS: 874 trading days loaded (2023-01-02 → 2026-07-14)
[kite_fetcher] JKTYRE.NS: 874 trading days loaded (2023-01-02 → 2026-07-14)
[kite_fetcher] ADANIPOWER.NS: 874 trading days loaded (2023-01-02 → 2026-07-14)
[kite_fetcher] BELRISE.NS: 280 trading days loaded (2025-05-28 → 2026-07-14)
[kite_fetcher] OLAELEC.NS: 477 trading days loaded (2024-08-09 → 2026-07-14)
[kite_fetcher] SCHAEFFLER.NS: 874 trading days loaded (2023-01-02 → 2026-07-14)
[kite_fetcher] BALKRISIND.NS: 874 trading days loaded (2023-01-02 → 2026-07-14)
[kite_fetcher] BAJAJHFL.NS: 452 trading days loaded (2024-09-16 → 2026-07-14)
[kite_fetcher] LENSKART.NS: 167 trading days loaded (2025-11-10 → 2026-07-14)
[kite_fetcher] PWL.NS: 161 trading days loaded (2025-11-18 → 2026-07-14)
[kite_fetcher] PREMIERENE.NS: 461 trading days loaded (2024-09-03 → 2026-07-14)
[kite_fetcher] INDIACEM.NS: 874 trading days loaded (2023-01-02 → 2026-07-14)
[kite_fetcher] PAGEIND.NS: 874 trading days loaded (2023-01-02 → 2026-07-14)
[kite_fetcher] ICICIBANK.NS: 874 trading days loaded (2023-01-02 → 2026-07-14)
[kite_fetcher] MAZDOCK.NS: 874 trading days loaded (2023-01-02 → 2026-07-14)
[auto_screener]   200/500 attempted, 165 valid, 0 skipped (0.0%)
[kite_fetcher] JINDALSAW.NS: 874 trading days loaded (2023-01-02 → 2026-07-14)
[kite_fetcher] CLEAN.NS: 874 trading days loaded (2023-01-02 → 2026-07-14)
[kite_fetcher] LTF.NS: 874 trading days loaded (2023-01-02 → 2026-07-14)
[kite_fetcher] ATUL.NS: 874 trading days loaded (2023-01-02 → 2026-07-14)
[kite_fetcher] OBEROIRLTY.NS: 874 trading days loaded (2023-01-02 → 2026-07-14)
[kite_fetcher] PVRINOX.NS: 874 trading days loaded (2023-01-02 → 2026-07-14)
[kite_fetcher] BRITANNIA.NS: 874 trading days loaded (2023-01-02 → 2026-07-14)
[kite_fetcher] INTELLECT.NS: 874 trading days loaded (2023-01-02 → 2026-07-14)
[kite_fetcher] INFY.NS: 874 trading days loaded (2023-01-02 → 2026-07-14)
[kite_fetcher] ACMESOLAR.NS: 411 trading days loaded (2024-11-13 → 2026-07-14)
[kite_fetcher] NCC.NS: 874 trading days loaded (2023-01-02 → 2026-07-14)
[kite_fetcher] PETRONET.NS: 874 trading days loaded (2023-01-02 → 2026-07-14)
[kite_fetcher] RRKABEL.NS: 697 trading days loaded (2023-09-20 → 2026-07-14)
[kite_fetcher] WHIRLPOOL.NS: 874 trading days loaded (2023-01-02 → 2026-07-14)
[kite_fetcher] ICICIAMC.NS: 138 trading days loaded (2025-12-19 → 2026-07-14)
[kite_fetcher] KIMS.NS: 874 trading days loaded (2023-01-02 → 2026-07-14)
[kite_fetcher] HONASA.NS: 665 trading days loaded (2023-11-07 → 2026-07-14)
[kite_fetcher] GRAVITA.NS: 874 trading days loaded (2023-01-02 → 2026-07-14)
[kite_fetcher] KEI.NS: 874 trading days loaded (2023-01-02 → 2026-07-14)
[kite_fetcher] AJANTPHARM.NS: 874 trading days loaded (2023-01-02 → 2026-07-14)
[kite_fetcher] SAMMAANCAP.NS: 874 trading days loaded (2023-01-02 → 2026-07-14)
[kite_fetcher] TEGA.NS: 874 trading days loaded (2023-01-02 → 2026-07-14)
[kite_fetcher] JINDALSTEL.NS: 874 trading days loaded (2023-01-02 → 2026-07-14)
[kite_fetcher] TIMKEN.NS: 874 trading days loaded (2023-01-02 → 2026-07-14)
[kite_fetcher] JSWENERGY.NS: 874 trading days loaded (2023-01-02 → 2026-07-14)
[kite_fetcher] ADANIENT.NS: 874 trading days loaded (2023-01-02 → 2026-07-14)
[kite_fetcher] RITES.NS: 874 trading days loaded (2023-01-02 → 2026-07-14)
[kite_fetcher] IDEA.NS: 874 trading days loaded (2023-01-02 → 2026-07-14)
[kite_fetcher] IKS.NS: 387 trading days loaded (2024-12-19 → 2026-07-14)
[kite_fetcher] MINDACORP.NS: 874 trading days loaded (2023-01-02 → 2026-07-14)
[kite_fetcher] BBTC.NS: 874 trading days loaded (2023-01-02 → 2026-07-14)
[kite_fetcher] CANFINHOME.NS: 874 trading days loaded (2023-01-02 → 2026-07-14)
[kite_fetcher] INDUSTOWER.NS: 874 trading days loaded (2023-01-02 → 2026-07-14)
[kite_fetcher] GODREJIND.NS: 874 trading days loaded (2023-01-02 → 2026-07-14)
[kite_fetcher] TMCV.NS: 165 trading days loaded (2025-11-12 → 2026-07-14)
[kite_fetcher] CHOLAHLDNG.NS: 874 trading days loaded (2023-01-02 → 2026-07-14)
[kite_fetcher] ITC.NS: 874 trading days loaded (2023-01-02 → 2026-07-14)
[kite_fetcher] GVT&D.NS: 874 trading days loaded (2023-01-02 → 2026-07-14)
[kite_fetcher] CHOLAFIN.NS: 874 trading days loaded (2023-01-02 → 2026-07-14)
[kite_fetcher] AFCONS.NS: 418 trading days loaded (2024-11-04 → 2026-07-14)
[kite_fetcher] APOLLOTYRE.NS: 874 trading days loaded (2023-01-02 → 2026-07-14)
[kite_fetcher] PIIND.NS: 874 trading days loaded (2023-01-02 → 2026-07-14)
[kite_fetcher] MFSL.NS: 874 trading days loaded (2023-01-02 → 2026-07-14)
[kite_fetcher] JWL.NS: 874 trading days loaded (2023-01-02 → 2026-07-14)
[kite_fetcher] ALKEM.NS: 874 trading days loaded (2023-01-02 → 2026-07-14)
[kite_fetcher] BPCL.NS: 874 trading days loaded (2023-01-02 → 2026-07-14)
[kite_fetcher] GMRAIRPORT.NS: 874 trading days loaded (2023-01-02 → 2026-07-14)
[kite_fetcher] HINDUNILVR.NS: 874 trading days loaded (2023-01-02 → 2026-07-14)
[kite_fetcher] KPRMILL.NS: 874 trading days loaded (2023-01-02 → 2026-07-14)
[kite_fetcher] AXISBANK.NS: 874 trading days loaded (2023-01-02 → 2026-07-14)
[auto_screener]   250/500 attempted, 208 valid, 0 skipped (0.0%)
[kite_fetcher] RKFORGE.NS: 874 trading days loaded (2023-01-02 → 2026-07-14)
[kite_fetcher] ADANIPORTS.NS: 874 trading days loaded (2023-01-02 → 2026-07-14)
[kite_fetcher] SUMICHEM.NS: 874 trading days loaded (2023-01-02 → 2026-07-14)
[kite_fetcher] HUDCO.NS: 874 trading days loaded (2023-01-02 → 2026-07-14)
[kite_fetcher] GESHIP.NS: 874 trading days loaded (2023-01-02 → 2026-07-14)
[kite_fetcher] NAM-INDIA.NS: 874 trading days loaded (2023-01-02 → 2026-07-14)
[kite_fetcher] RPOWER.NS: 874 trading days loaded (2023-01-02 → 2026-07-14)
[kite_fetcher] UTIAMC.NS: 874 trading days loaded (2023-01-02 → 2026-07-14)
[kite_fetcher] AIIL.NS: 552 trading days loaded (2024-04-23 → 2026-07-14)
[kite_fetcher] CROMPTON.NS: 874 trading days loaded (2023-01-02 → 2026-07-14)
[kite_fetcher] BLS.NS: 874 trading days loaded (2023-01-02 → 2026-07-14)
[kite_fetcher] JMFINANCIL.NS: 874 trading days loaded (2023-01-02 → 2026-07-14)
[kite_fetcher] RADICO.NS: 874 trading days loaded (2023-01-02 → 2026-07-14)
[kite_fetcher] INDIANB.NS: 874 trading days loaded (2023-01-02 → 2026-07-14)
[kite_fetcher] KFINTECH.NS: 874 trading days loaded (2023-01-02 → 2026-07-14)
[kite_fetcher] LTFOODS.NS: 874 trading days loaded (2023-01-02 → 2026-07-14)
[kite_fetcher] SONACOMS.NS: 874 trading days loaded (2023-01-02 → 2026-07-14)
[kite_fetcher] GLAND.NS: 874 trading days loaded (2023-01-02 → 2026-07-14)
[kite_fetcher] BHARTIARTL.NS: 874 trading days loaded (2023-01-02 → 2026-07-14)
[kite_fetcher] KALYANKJIL.NS: 874 trading days loaded (2023-01-02 → 2026-07-14)
[kite_fetcher] IPCALAB.NS: 874 trading days loaded (2023-01-02 → 2026-07-14)
[kite_fetcher] DELHIVERY.NS: 874 trading days loaded (2023-01-02 → 2026-07-14)
[kite_fetcher] ZENTEC.NS: 874 trading days loaded (2023-01-02 → 2026-07-14)
[kite_fetcher] SJVN.NS: 874 trading days loaded (2023-01-02 → 2026-07-14)
[kite_fetcher] RAMCOCEM.NS: 874 trading days loaded (2023-01-02 → 2026-07-14)
[kite_fetcher] JSWCEMENT.NS: 224 trading days loaded (2025-08-14 → 2026-07-14)
[kite_fetcher] LLOYDSME.NS: 742 trading days loaded (2023-07-17 → 2026-07-14)
[kite_fetcher] YESBANK.NS: 874 trading days loaded (2023-01-02 → 2026-07-14)
[kite_fetcher] JIOFIN.NS: 718 trading days loaded (2023-08-21 → 2026-07-14)
[kite_fetcher] GRANULES.NS: 874 trading days loaded (2023-01-02 → 2026-07-14)
[kite_fetcher] FIRSTCRY.NS: 475 trading days loaded (2024-08-13 → 2026-07-14)
[kite_fetcher] CHOICEIN.NS: 874 trading days loaded (2023-01-02 → 2026-07-14)
[kite_fetcher] UPL.NS: 874 trading days loaded (2023-01-02 → 2026-07-14)
[kite_fetcher] AMBER.NS: 874 trading days loaded (2023-01-02 → 2026-07-14)
[kite_fetcher] LAURUSLABS.NS: 874 trading days loaded (2023-01-02 → 2026-07-14)
[kite_fetcher] CEATLTD.NS: 874 trading days loaded (2023-01-02 → 2026-07-14)
[kite_fetcher] CARBORUNIV.NS: 874 trading days loaded (2023-01-02 → 2026-07-14)
[kite_fetcher] KEC.NS: 874 trading days loaded (2023-01-02 → 2026-07-14)
[kite_fetcher] LINDEINDIA.NS: 874 trading days loaded (2023-01-02 → 2026-07-14)
[kite_fetcher] SYNGENE.NS: 874 trading days loaded (2023-01-02 → 2026-07-14)
[kite_fetcher] LTTS.NS: 874 trading days loaded (2023-01-02 → 2026-07-14)
[kite_fetcher] ABSLAMC.NS: 874 trading days loaded (2023-01-02 → 2026-07-14)
[kite_fetcher] CHENNPETRO.NS: 874 trading days loaded (2023-01-02 → 2026-07-14)
[kite_fetcher] CAMS.NS: 874 trading days loaded (2023-01-02 → 2026-07-14)
[kite_fetcher] MMTC.NS: 874 trading days loaded (2023-01-02 → 2026-07-14)
[kite_fetcher] DEEPAKNTR.NS: 874 trading days loaded (2023-01-02 → 2026-07-14)
[kite_fetcher] HEXT.NS: 343 trading days loaded (2025-02-19 → 2026-07-14)
[kite_fetcher] CUMMINSIND.NS: 874 trading days loaded (2023-01-02 → 2026-07-14)
[kite_fetcher] BSE.NS: 874 trading days loaded (2023-01-02 → 2026-07-14)
[kite_fetcher] DCMSHRIRAM.NS: 874 trading days loaded (2023-01-02 → 2026-07-14)
[auto_screener]   300/500 attempted, 252 valid, 0 skipped (0.0%)
[kite_fetcher] WELSPUNLIV.NS: 874 trading days loaded (2023-01-02 → 2026-07-14)
[kite_fetcher] ABREL.NS: 874 trading days loaded (2023-01-02 → 2026-07-14)
[kite_fetcher] CRISIL.NS: 874 trading days loaded (2023-01-02 → 2026-07-14)
[kite_fetcher] WELCORP.NS: 874 trading days loaded (2023-01-02 → 2026-07-14)
[kite_fetcher] DMART.NS: 874 trading days loaded (2023-01-02 → 2026-07-14)
[kite_fetcher] ASTERDM.NS: 874 trading days loaded (2023-01-02 → 2026-07-14)
[kite_fetcher] TITAN.NS: 874 trading days loaded (2023-01-02 → 2026-07-14)
[kite_fetcher] ZYDUSLIFE.NS: 874 trading days loaded (2023-01-02 → 2026-07-14)
[kite_fetcher] SOBHA.NS: 874 trading days loaded (2023-01-02 → 2026-07-14)
[kite_fetcher] SHREECEM.NS: 874 trading days loaded (2023-01-02 → 2026-07-14)
[kite_fetcher] VEDL.NS: 874 trading days loaded (2023-01-02 → 2026-07-14)
[kite_fetcher] ITCHOTELS.NS: 359 trading days loaded (2025-01-29 → 2026-07-14)
[kite_fetcher] IGIL.NS: 386 trading days loaded (2024-12-20 → 2026-07-14)
[kite_fetcher] AUBANK.NS: 874 trading days loaded (2023-01-02 → 2026-07-14)
[kite_fetcher] DEVYANI.NS: 874 trading days loaded (2023-01-02 → 2026-07-14)
[kite_fetcher] DIVISLAB.NS: 874 trading days loaded (2023-01-02 → 2026-07-14)
[kite_fetcher] VOLTAS.NS: 874 trading days loaded (2023-01-02 → 2026-07-14)
[kite_fetcher] HCLTECH.NS: 874 trading days loaded (2023-01-02 → 2026-07-14)
[kite_fetcher] ICICIGI.NS: 874 trading days loaded (2023-01-02 → 2026-07-14)
[kite_fetcher] ABFRL.NS: 874 trading days loaded (2023-01-02 → 2026-07-14)
[kite_fetcher] CREDITACC.NS: 874 trading days loaded (2023-01-02 → 2026-07-14)
[kite_fetcher] TATASTEEL.NS: 874 trading days loaded (2023-01-02 → 2026-07-14)
[kite_fetcher] TATAPOWER.NS: 874 trading days loaded (2023-01-02 → 2026-07-14)
[kite_fetcher] BATAINDIA.NS: 874 trading days loaded (2023-01-02 → 2026-07-14)
[kite_fetcher] MARUTI.NS: 874 trading days loaded (2023-01-02 → 2026-07-14)
[kite_fetcher] BLUESTARCO.NS: 874 trading days loaded (2023-01-02 → 2026-07-14)
[kite_fetcher] J&KBANK.NS: 874 trading days loaded (2023-01-02 → 2026-07-14)
[kite_fetcher] ACC.NS: 874 trading days loaded (2023-01-02 → 2026-07-14)
[kite_fetcher] REDINGTON.NS: 874 trading days loaded (2023-01-02 → 2026-07-14)
[kite_fetcher] ACE.NS: 874 trading days loaded (2023-01-02 → 2026-07-14)
[kite_fetcher] NSLNISP.NS: 840 trading days loaded (2023-02-20 → 2026-07-14)
[kite_fetcher] INOXWIND.NS: 874 trading days loaded (2023-01-02 → 2026-07-14)
[kite_fetcher] ABCAPITAL.NS: 874 trading days loaded (2023-01-02 → 2026-07-14)
[kite_fetcher] ADANIGREEN.NS: 874 trading days loaded (2023-01-02 → 2026-07-14)
[kite_fetcher] IDBI.NS: 874 trading days loaded (2023-01-02 → 2026-07-14)
[kite_fetcher] TCS.NS: 874 trading days loaded (2023-01-02 → 2026-07-14)
[kite_fetcher] POLICYBZR.NS: 874 trading days loaded (2023-01-02 → 2026-07-14)
[kite_fetcher] HINDCOPPER.NS: 874 trading days loaded (2023-01-02 → 2026-07-14)
[kite_fetcher] GALLANTT.NS: 874 trading days loaded (2023-01-02 → 2026-07-14)
[kite_fetcher] UBL.NS: 874 trading days loaded (2023-01-02 → 2026-07-14)
[kite_fetcher] TATACHEM.NS: 874 trading days loaded (2023-01-02 → 2026-07-14)
[kite_fetcher] ANANTRAJ.NS: 874 trading days loaded (2023-01-02 → 2026-07-14)
[kite_fetcher] AEGISLOG.NS: 874 trading days loaded (2023-01-02 → 2026-07-14)
[kite_fetcher] SCHNEIDER.NS: 874 trading days loaded (2023-01-02 → 2026-07-14)
[kite_fetcher] ANGELONE.NS: 874 trading days loaded (2023-01-02 → 2026-07-14)
[kite_fetcher] INDHOTEL.NS: 874 trading days loaded (2023-01-02 → 2026-07-14)
[kite_fetcher] RAILTEL.NS: 874 trading days loaded (2023-01-02 → 2026-07-14)
[kite_fetcher] GODFRYPHLP.NS: 874 trading days loaded (2023-01-02 → 2026-07-14)
[kite_fetcher] LICHSGFIN.NS: 874 trading days loaded (2023-01-02 → 2026-07-14)
[kite_fetcher] NYKAA.NS: 874 trading days loaded (2023-01-02 → 2026-07-14)
[auto_screener]   350/500 attempted, 300 valid, 0 skipped (0.0%)
[kite_fetcher] CANHLIFE.NS: 181 trading days loaded (2025-10-17 → 2026-07-14)
[kite_fetcher] ECLERX.NS: 874 trading days loaded (2023-01-02 → 2026-07-14)
[kite_fetcher] WOCKPHARMA.NS: 874 trading days loaded (2023-01-02 → 2026-07-14)
[kite_fetcher] RHIM.NS: 874 trading days loaded (2023-01-02 → 2026-07-14)
[kite_fetcher] KARURVYSYA.NS: 874 trading days loaded (2023-01-02 → 2026-07-14)
[kite_fetcher] TARIL.NS: 874 trading days loaded (2023-01-02 → 2026-07-14)
[kite_fetcher] FLUOROCHEM.NS: 874 trading days loaded (2023-01-02 → 2026-07-14)
[kite_fetcher] HDFCAMC.NS: 874 trading days loaded (2023-01-02 → 2026-07-14)
[kite_fetcher] SUNTV.NS: 874 trading days loaded (2023-01-02 → 2026-07-14)
[kite_fetcher] LODHA.NS: 874 trading days loaded (2023-01-02 → 2026-07-14)
[kite_fetcher] NIVABUPA.NS: 410 trading days loaded (2024-11-14 → 2026-07-14)
[kite_fetcher] PAYTM.NS: 874 trading days loaded (2023-01-02 → 2026-07-14)
[kite_fetcher] HEG.NS: 874 trading days loaded (2023-01-02 → 2026-07-14)
[kite_fetcher] UNOMINDA.NS: 874 trading days loaded (2023-01-02 → 2026-07-14)
[kite_fetcher] GROWW.NS: 165 trading days loaded (2025-11-12 → 2026-07-14)
[kite_fetcher] STARHEALTH.NS: 874 trading days loaded (2023-01-02 → 2026-07-14)
[kite_fetcher] MEESHO.NS: 145 trading days loaded (2025-12-10 → 2026-07-14)
[kite_fetcher] PHOENIXLTD.NS: 874 trading days loaded (2023-01-02 → 2026-07-14)
[kite_fetcher] IEX.NS: 874 trading days loaded (2023-01-02 → 2026-07-14)
[kite_fetcher] CHALET.NS: 874 trading days loaded (2023-01-02 → 2026-07-14)
[kite_fetcher] GODREJPROP.NS: 874 trading days loaded (2023-01-02 → 2026-07-14)
[kite_fetcher] PIDILITIND.NS: 874 trading days loaded (2023-01-02 → 2026-07-14)
[kite_fetcher] IRB.NS: 874 trading days loaded (2023-01-02 → 2026-07-14)
[kite_fetcher] TEJASNET.NS: 874 trading days loaded (2023-01-02 → 2026-07-14)
[kite_fetcher] IGL.NS: 874 trading days loaded (2023-01-02 → 2026-07-14)
[kite_fetcher] UNITDSPR.NS: 874 trading days loaded (2023-01-02 → 2026-07-14)
[kite_fetcher] HDFCBANK.NS: 874 trading days loaded (2023-01-02 → 2026-07-14)
[kite_fetcher] MOTHERSON.NS: 874 trading days loaded (2023-01-02 → 2026-07-14)
[kite_fetcher] JUBLINGREA.NS: 874 trading days loaded (2023-01-02 → 2026-07-14)
[kite_fetcher] GODREJCP.NS: 874 trading days loaded (2023-01-02 → 2026-07-14)
[kite_fetcher] CIEINDIA.NS: 874 trading days loaded (2023-01-02 → 2026-07-14)
[kite_fetcher] LATENTVIEW.NS: 874 trading days loaded (2023-01-02 → 2026-07-14)
[kite_fetcher] NIACL.NS: 874 trading days loaded (2023-01-02 → 2026-07-14)
[kite_fetcher] COROMANDEL.NS: 874 trading days loaded (2023-01-02 → 2026-07-14)
[kite_fetcher] GILLETTE.NS: 874 trading days loaded (2023-01-02 → 2026-07-14)
[kite_fetcher] M&MFIN.NS: 874 trading days loaded (2023-01-02 → 2026-07-14)
[kite_fetcher] ZENSARTECH.NS: 874 trading days loaded (2023-01-02 → 2026-07-14)
[kite_fetcher] EMCURE.NS: 498 trading days loaded (2024-07-10 → 2026-07-14)
[kite_fetcher] EMAMILTD.NS: 874 trading days loaded (2023-01-02 → 2026-07-14)
[kite_fetcher] SIEMENS.NS: 874 trading days loaded (2023-01-02 → 2026-07-14)
[kite_fetcher] AWL.NS: 874 trading days loaded (2023-01-02 → 2026-07-14)
[kite_fetcher] ANURAS.NS: 874 trading days loaded (2023-01-02 → 2026-07-14)
[kite_fetcher] IREDA.NS: 650 trading days loaded (2023-11-29 → 2026-07-14)
[kite_fetcher] ASTRAL.NS: 874 trading days loaded (2023-01-02 → 2026-07-14)
[kite_fetcher] KAYNES.NS: 874 trading days loaded (2023-01-02 → 2026-07-14)
[kite_fetcher] SWANCORP.NS: 874 trading days loaded (2023-01-02 → 2026-07-14)
[kite_fetcher] IRCTC.NS: 874 trading days loaded (2023-01-02 → 2026-07-14)
[kite_fetcher] ABBOTINDIA.NS: 874 trading days loaded (2023-01-02 → 2026-07-14)
[kite_fetcher] SAILIFE.NS: 388 trading days loaded (2024-12-18 → 2026-07-14)
[kite_fetcher] GABRIEL.NS: 874 trading days loaded (2023-01-02 → 2026-07-14)
[auto_screener]   400/500 attempted, 343 valid, 0 skipped (0.0%)
[kite_fetcher] POONAWALLA.NS: 874 trading days loaded (2023-01-02 → 2026-07-14)
[kite_fetcher] TRITURBINE.NS: 874 trading days loaded (2023-01-02 → 2026-07-14)
[kite_fetcher] SPLPETRO.NS: 874 trading days loaded (2023-01-02 → 2026-07-14)
[kite_fetcher] AUROPHARMA.NS: 874 trading days loaded (2023-01-02 → 2026-07-14)
[kite_fetcher] ABLBL.NS: 262 trading days loaded (2025-06-23 → 2026-07-14)
[kite_fetcher] SAIL.NS: 874 trading days loaded (2023-01-02 → 2026-07-14)
[kite_fetcher] COFORGE.NS: 874 trading days loaded (2023-01-02 → 2026-07-14)
[kite_fetcher] KIRLOSENG.NS: 874 trading days loaded (2023-01-02 → 2026-07-14)
[kite_fetcher] THELEELA.NS: 277 trading days loaded (2025-06-02 → 2026-07-14)
[kite_fetcher] HAL.NS: 874 trading days loaded (2023-01-02 → 2026-07-14)
[kite_fetcher] AADHARHFC.NS: 537 trading days loaded (2024-05-15 → 2026-07-14)
[kite_fetcher] CDSL.NS: 874 trading days loaded (2023-01-02 → 2026-07-14)
[kite_fetcher] HDFCLIFE.NS: 874 trading days loaded (2023-01-02 → 2026-07-14)
[kite_fetcher] JSWDULUX.NS: 874 trading days loaded (2023-01-02 → 2026-07-14)
[kite_fetcher] NBCC.NS: 874 trading days loaded (2023-01-02 → 2026-07-14)
[kite_fetcher] ESCORTS.NS: 874 trading days loaded (2023-01-02 → 2026-07-14)
[kite_fetcher] MAPMYINDIA.NS: 874 trading days loaded (2023-01-02 → 2026-07-14)
[kite_fetcher] URBANCO.NS: 202 trading days loaded (2025-09-17 → 2026-07-14)
[kite_fetcher] ELECON.NS: 874 trading days loaded (2023-01-02 → 2026-07-14)
[kite_fetcher] APLAPOLLO.NS: 874 trading days loaded (2023-01-02 → 2026-07-14)
[kite_fetcher] INDGN.NS: 539 trading days loaded (2024-05-13 → 2026-07-14)
[kite_fetcher] BALRAMCHIN.NS: 874 trading days loaded (2023-01-02 → 2026-07-14)
[kite_fetcher] AARTIIND.NS: 874 trading days loaded (2023-01-02 → 2026-07-14)
[kite_fetcher] MAXHEALTH.NS: 874 trading days loaded (2023-01-02 → 2026-07-14)
[kite_fetcher] PRESTIGE.NS: 874 trading days loaded (2023-01-02 → 2026-07-14)
[kite_fetcher] JUBLPHARMA.NS: 874 trading days loaded (2023-01-02 → 2026-07-14)
[kite_fetcher] ASIANPAINT.NS: 874 trading days loaded (2023-01-02 → 2026-07-14)
[kite_fetcher] NHPC.NS: 874 trading days loaded (2023-01-02 → 2026-07-14)
[kite_fetcher] BHARTIHEXA.NS: 558 trading days loaded (2024-04-12 → 2026-07-14)
[kite_fetcher] ARE&M.NS: 874 trading days loaded (2023-01-02 → 2026-07-14)
[kite_fetcher] COLPAL.NS: 874 trading days loaded (2023-01-02 → 2026-07-14)
[kite_fetcher] TVSMOTOR.NS: 874 trading days loaded (2023-01-02 → 2026-07-14)
[kite_fetcher] NMDC.NS: 874 trading days loaded (2023-01-02 → 2026-07-14)
[kite_fetcher] NUVOCO.NS: 874 trading days loaded (2023-01-02 → 2026-07-14)
[kite_fetcher] SYRMA.NS: 874 trading days loaded (2023-01-02 → 2026-07-14)
[kite_fetcher] SHYAMMETL.NS: 874 trading days loaded (2023-01-02 → 2026-07-14)
[kite_fetcher] CAPLIPOINT.NS: 874 trading days loaded (2023-01-02 → 2026-07-14)
[kite_fetcher] UCOBANK.NS: 874 trading days loaded (2023-01-02 → 2026-07-14)
[kite_fetcher] ONGC.NS: 874 trading days loaded (2023-01-02 → 2026-07-14)
[kite_fetcher] GRAPHITE.NS: 874 trading days loaded (2023-01-02 → 2026-07-14)
[kite_fetcher] TORNTPHARM.NS: 874 trading days loaded (2023-01-02 → 2026-07-14)
[kite_fetcher] TATACOMM.NS: 874 trading days loaded (2023-01-02 → 2026-07-14)
[kite_fetcher] MAHABANK.NS: 874 trading days loaded (2023-01-02 → 2026-07-14)
[kite_fetcher] NAUKRI.NS: 874 trading days loaded (2023-01-02 → 2026-07-14)
[kite_fetcher] MPHASIS.NS: 874 trading days loaded (2023-01-02 → 2026-07-14)
[kite_fetcher] MRF.NS: 874 trading days loaded (2023-01-02 → 2026-07-14)
[kite_fetcher] TECHM.NS: 874 trading days loaded (2023-01-02 → 2026-07-14)
[kite_fetcher] KPITTECH.NS: 874 trading days loaded (2023-01-02 → 2026-07-14)
[kite_fetcher] ONESOURCE.NS: 362 trading days loaded (2025-01-24 → 2026-07-14)
[kite_fetcher] MOTILALOFS.NS: 874 trading days loaded (2023-01-02 → 2026-07-14)
[auto_screener]   450/500 attempted, 386 valid, 0 skipped (0.0%)
[kite_fetcher] BANKINDIA.NS: 874 trading days loaded (2023-01-02 → 2026-07-14)
[kite_fetcher] SAGILITY.NS: 412 trading days loaded (2024-11-12 → 2026-07-14)
[kite_fetcher] RECLTD.NS: 874 trading days loaded (2023-01-02 → 2026-07-14)
[kite_fetcher] SCI.NS: 874 trading days loaded (2023-01-02 → 2026-07-14)
[kite_fetcher] BHEL.NS: 874 trading days loaded (2023-01-02 → 2026-07-14)
[kite_fetcher] 360ONE.NS: 874 trading days loaded (2023-01-02 → 2026-07-14)
[kite_fetcher] CGPOWER.NS: 874 trading days loaded (2023-01-02 → 2026-07-14)
[kite_fetcher] EIHOTEL.NS: 874 trading days loaded (2023-01-02 → 2026-07-14)
[kite_fetcher] DALBHARAT.NS: 874 trading days loaded (2023-01-02 → 2026-07-14)
[kite_fetcher] LTM.NS: 874 trading days loaded (2023-01-02 → 2026-07-14)
[kite_fetcher] IRCON.NS: 874 trading days loaded (2023-01-02 → 2026-07-14)
[kite_fetcher] M&M.NS: 874 trading days loaded (2023-01-02 → 2026-07-14)
[kite_fetcher] INDIAMART.NS: 874 trading days loaded (2023-01-02 → 2026-07-14)
[kite_fetcher] NAVINFLUOR.NS: 874 trading days loaded (2023-01-02 → 2026-07-14)
[kite_fetcher] BERGEPAINT.NS: 874 trading days loaded (2023-01-02 → 2026-07-14)
[kite_fetcher] CANBK.NS: 874 trading days loaded (2023-01-02 → 2026-07-14)
[kite_fetcher] OIL.NS: 874 trading days loaded (2023-01-02 → 2026-07-14)
[kite_fetcher] ICICIPRULI.NS: 874 trading days loaded (2023-01-02 → 2026-07-14)
[kite_fetcher] IIFL.NS: 874 trading days loaded (2023-01-02 → 2026-07-14)
[kite_fetcher] SBICARD.NS: 874 trading days loaded (2023-01-02 → 2026-07-14)
[kite_fetcher] PIRAMALFIN.NS: 168 trading days loaded (2025-11-07 → 2026-07-14)
[kite_fetcher] PPLPHARMA.NS: 874 trading days loaded (2023-01-02 → 2026-07-14)
[kite_fetcher] SONATSOFTW.NS: 874 trading days loaded (2023-01-02 → 2026-07-14)
[kite_fetcher] DATAPATTNS.NS: 874 trading days loaded (2023-01-02 → 2026-07-14)
[kite_fetcher] BIOCON.NS: 874 trading days loaded (2023-01-02 → 2026-07-14)
[kite_fetcher] ULTRACEMCO.NS: 874 trading days loaded (2023-01-02 → 2026-07-14)
[kite_fetcher] ANTHEM.NS: 242 trading days loaded (2025-07-21 → 2026-07-14)
[kite_fetcher] BAJAJHLDNG.NS: 874 trading days loaded (2023-01-02 → 2026-07-14)
[kite_fetcher] THERMAX.NS: 874 trading days loaded (2023-01-02 → 2026-07-14)
[kite_fetcher] GAIL.NS: 874 trading days loaded (2023-01-02 → 2026-07-14)
[kite_fetcher] HSCL.NS: 874 trading days loaded (2023-01-02 → 2026-07-14)
[kite_fetcher] NAVA.NS: 874 trading days loaded (2023-01-02 → 2026-07-14)
[kite_fetcher] DRREDDY.NS: 874 trading days loaded (2023-01-02 → 2026-07-14)
[kite_fetcher] SUNDARMFIN.NS: 874 trading days loaded (2023-01-02 → 2026-07-14)
[kite_fetcher] ENRIN.NS: 264 trading days loaded (2025-06-19 → 2026-07-14)
[kite_fetcher] HINDPETRO.NS: 874 trading days loaded (2023-01-02 → 2026-07-14)
[kite_fetcher] HAVELLS.NS: 874 trading days loaded (2023-01-02 → 2026-07-14)
[kite_fetcher] COCHINSHIP.NS: 874 trading days loaded (2023-01-02 → 2026-07-14)
[kite_fetcher] TORNTPOWER.NS: 874 trading days loaded (2023-01-02 → 2026-07-14)
[kite_fetcher] JPPOWER.NS: 874 trading days loaded (2023-01-02 → 2026-07-14)
[kite_fetcher] APTUS.NS: 874 trading days loaded (2023-01-02 → 2026-07-14)
[kite_fetcher] JSWSTEEL.NS: 874 trading days loaded (2023-01-02 → 2026-07-14)
[kite_fetcher] JKCEMENT.NS: 874 trading days loaded (2023-01-02 → 2026-07-14)
[kite_fetcher] NEULANDLAB.NS: 874 trading days loaded (2023-01-02 → 2026-07-14)
[kite_fetcher] CRAFTSMAN.NS: 874 trading days loaded (2023-01-02 → 2026-07-14)
[kite_fetcher] MARICO.NS: 874 trading days loaded (2023-01-02 → 2026-07-14)
[kite_fetcher] HBLENGINE.NS: 874 trading days loaded (2023-01-02 → 2026-07-14)
[kite_fetcher] FORTIS.NS: 874 trading days loaded (2023-01-02 → 2026-07-14)
[kite_fetcher] JBMA.NS: 874 trading days loaded (2023-01-02 → 2026-07-14)
[kite_fetcher] CONCOR.NS: 874 trading days loaded (2023-01-02 → 2026-07-14)
[auto_screener]   500/500 attempted, 432 valid, 0 skipped (0.0%)
[auto_screener] Fetch complete: 432 valid, 0 skipped (0.0%)
[auto_screener] 432 stocks with >= 744 bars
[auto_screener] Screening 423 candidate stocks...
[kite_fetcher] GLAXO.NS: 79 trading days loaded (2026-03-17 → 2026-07-14)
[kite_fetcher] SUNPHARMA.NS: 79 trading days loaded (2026-03-17 → 2026-07-14)
[kite_fetcher] KAJARIACER.NS: 79 trading days loaded (2026-03-17 → 2026-07-14)
[kite_fetcher] BAJFINANCE.NS: 79 trading days loaded (2026-03-17 → 2026-07-14)
[kite_fetcher] CASTROLIND.NS: 79 trading days loaded (2026-03-17 → 2026-07-14)
[kite_fetcher] LICI.NS: 79 trading days loaded (2026-03-17 → 2026-07-14)
[kite_fetcher] IFCI.NS: 79 trading days loaded (2026-03-17 → 2026-07-14)
[kite_fetcher] ZEEL.NS: 79 trading days loaded (2026-03-17 → 2026-07-14)
[kite_fetcher] BRIGADE.NS: 79 trading days loaded (2026-03-17 → 2026-07-14)
[kite_fetcher] TITAGARH.NS: 79 trading days loaded (2026-03-17 → 2026-07-14)
[kite_fetcher] ANANDRATHI.NS: 79 trading days loaded (2026-03-17 → 2026-07-14)
[kite_fetcher] WIPRO.NS: 79 trading days loaded (2026-03-17 → 2026-07-14)
[kite_fetcher] MEDANTA.NS: 79 trading days loaded (2026-03-17 → 2026-07-14)
[kite_fetcher] ZYDUSWELL.NS: 79 trading days loaded (2026-03-17 → 2026-07-14)
[kite_fetcher] OLECTRA.NS: 79 trading days loaded (2026-03-17 → 2026-07-14)
[kite_fetcher] TRENT.NS: 79 trading days loaded (2026-03-17 → 2026-07-14)
[kite_fetcher] EXIDEIND.NS: 79 trading days loaded (2026-03-17 → 2026-07-14)
[kite_fetcher] IDFCFIRSTB.NS: 79 trading days loaded (2026-03-17 → 2026-07-14)
[kite_fetcher] HFCL.NS: 79 trading days loaded (2026-03-17 → 2026-07-14)
[kite_fetcher] NATCOPHARM.NS: 79 trading days loaded (2026-03-17 → 2026-07-14)
[kite_fetcher] MCX.NS: 79 trading days loaded (2026-03-17 → 2026-07-14)
[kite_fetcher] AAVAS.NS: 79 trading days loaded (2026-03-17 → 2026-07-14)
[kite_fetcher] LALPATHLAB.NS: 79 trading days loaded (2026-03-17 → 2026-07-14)
[kite_fetcher] BDL.NS: 79 trading days loaded (2026-03-17 → 2026-07-14)
[kite_fetcher] CARTRADE.NS: 79 trading days loaded (2026-03-17 → 2026-07-14)
[kite_fetcher] DIXON.NS: 79 trading days loaded (2026-03-17 → 2026-07-14)
[kite_fetcher] HINDZINC.NS: 79 trading days loaded (2026-03-17 → 2026-07-14)
[kite_fetcher] OFSS.NS: 79 trading days loaded (2026-03-17 → 2026-07-14)
[kite_fetcher] BAYERCROP.NS: 79 trading days loaded (2026-03-17 → 2026-07-14)
[kite_fetcher] IRFC.NS: 79 trading days loaded (2026-03-17 → 2026-07-14)
[kite_fetcher] PGEL.NS: 79 trading days loaded (2026-03-17 → 2026-07-14)
[kite_fetcher] PNBHOUSING.NS: 79 trading days loaded (2026-03-17 → 2026-07-14)
[kite_fetcher] MGL.NS: 79 trading days loaded (2026-03-17 → 2026-07-14)
[kite_fetcher] PCBL.NS: 79 trading days loaded (2026-03-17 → 2026-07-14)
[kite_fetcher] IOB.NS: 79 trading days loaded (2026-03-17 → 2026-07-14)
[kite_fetcher] BLUEDART.NS: 79 trading days loaded (2026-03-17 → 2026-07-14)
[kite_fetcher] INDUSINDBK.NS: 79 trading days loaded (2026-03-17 → 2026-07-14)
[kite_fetcher] DEEPAKFERT.NS: 79 trading days loaded (2026-03-17 → 2026-07-14)
[kite_fetcher] BHARATFORG.NS: 79 trading days loaded (2026-03-17 → 2026-07-14)
[kite_fetcher] INDIGO.NS: 79 trading days loaded (2026-03-17 → 2026-07-14)
[kite_fetcher] FINCABLES.NS: 79 trading days loaded (2026-03-17 → 2026-07-14)
[kite_fetcher] ENDURANCE.NS: 79 trading days loaded (2026-03-17 → 2026-07-14)
[kite_fetcher] RVNL.NS: 79 trading days loaded (2026-03-17 → 2026-07-14)
[kite_fetcher] FIVESTAR.NS: 79 trading days loaded (2026-03-17 → 2026-07-14)
[kite_fetcher] PFIZER.NS: 79 trading days loaded (2026-03-17 → 2026-07-14)
[kite_fetcher] AIAENG.NS: 79 trading days loaded (2026-03-17 → 2026-07-14)
[kite_fetcher] TATACONSUM.NS: 79 trading days loaded (2026-03-17 → 2026-07-14)
[kite_fetcher] APARINDS.NS: 79 trading days loaded (2026-03-17 → 2026-07-14)
[kite_fetcher] TMPV.NS: 79 trading days loaded (2026-03-17 → 2026-07-14)
[kite_fetcher] SUZLON.NS: 79 trading days loaded (2026-03-17 → 2026-07-14)
[kite_fetcher] ADANIENSOL.NS: 79 trading days loaded (2026-03-17 → 2026-07-14)
[kite_fetcher] CEMPRO.NS: 79 trading days loaded (2026-03-17 → 2026-07-14)
[kite_fetcher] TATAELXSI.NS: 79 trading days loaded (2026-03-17 → 2026-07-14)
[kite_fetcher] EIDPARRY.NS: 79 trading days loaded (2026-03-17 → 2026-07-14)
[kite_fetcher] PARADEEP.NS: 79 trading days loaded (2026-03-17 → 2026-07-14)
[kite_fetcher] JKTYRE.NS: 79 trading days loaded (2026-03-17 → 2026-07-14)
[kite_fetcher] CLEAN.NS: 79 trading days loaded (2026-03-17 → 2026-07-14)
[kite_fetcher] ATUL.NS: 79 trading days loaded (2026-03-17 → 2026-07-14)
[kite_fetcher] OBEROIRLTY.NS: 79 trading days loaded (2026-03-17 → 2026-07-14)
[kite_fetcher] BRITANNIA.NS: 79 trading days loaded (2026-03-17 → 2026-07-14)
[kite_fetcher] INFY.NS: 79 trading days loaded (2026-03-17 → 2026-07-14)
[kite_fetcher] WHIRLPOOL.NS: 79 trading days loaded (2026-03-17 → 2026-07-14)
[kite_fetcher] KIMS.NS: 79 trading days loaded (2026-03-17 → 2026-07-14)
[kite_fetcher] IDEA.NS: 79 trading days loaded (2026-03-17 → 2026-07-14)
[kite_fetcher] INDUSTOWER.NS: 79 trading days loaded (2026-03-17 → 2026-07-14)
[kite_fetcher] GODREJIND.NS: 79 trading days loaded (2026-03-17 → 2026-07-14)
[kite_fetcher] ITC.NS: 79 trading days loaded (2026-03-17 → 2026-07-14)
[kite_fetcher] GVT&D.NS: 79 trading days loaded (2026-03-17 → 2026-07-14)
[kite_fetcher] APOLLOTYRE.NS: 79 trading days loaded (2026-03-17 → 2026-07-14)
[kite_fetcher] ALKEM.NS: 79 trading days loaded (2026-03-17 → 2026-07-14)
[kite_fetcher] HINDUNILVR.NS: 79 trading days loaded (2026-03-17 → 2026-07-14)
[kite_fetcher] CROMPTON.NS: 79 trading days loaded (2026-03-17 → 2026-07-14)
[kite_fetcher] SONACOMS.NS: 79 trading days loaded (2026-03-17 → 2026-07-14)
[kite_fetcher] GLAND.NS: 79 trading days loaded (2026-03-17 → 2026-07-14)
[kite_fetcher] ZENTEC.NS: 79 trading days loaded (2026-03-17 → 2026-07-14)
[kite_fetcher] RAMCOCEM.NS: 79 trading days loaded (2026-03-17 → 2026-07-14)
[kite_fetcher] CHOICEIN.NS: 79 trading days loaded (2026-03-17 → 2026-07-14)
[kite_fetcher] CEATLTD.NS: 79 trading days loaded (2026-03-17 → 2026-07-14)
[kite_fetcher] CARBORUNIV.NS: 79 trading days loaded (2026-03-17 → 2026-07-14)
[kite_fetcher] DEEPAKNTR.NS: 79 trading days loaded (2026-03-17 → 2026-07-14)
[kite_fetcher] CUMMINSIND.NS: 79 trading days loaded (2026-03-17 → 2026-07-14)
[kite_fetcher] ABREL.NS: 79 trading days loaded (2026-03-17 → 2026-07-14)
[kite_fetcher] CRISIL.NS: 79 trading days loaded (2026-03-17 → 2026-07-14)
[kite_fetcher] DMART.NS: 79 trading days loaded (2026-03-17 → 2026-07-14)
[kite_fetcher] ZYDUSLIFE.NS: 79 trading days loaded (2026-03-17 → 2026-07-14)
[kite_fetcher] SOBHA.NS: 79 trading days loaded (2026-03-17 → 2026-07-14)
[kite_fetcher] AUBANK.NS: 79 trading days loaded (2026-03-17 → 2026-07-14)
[kite_fetcher] MARUTI.NS: 79 trading days loaded (2026-03-17 → 2026-07-14)
[kite_fetcher] ADANIGREEN.NS: 79 trading days loaded (2026-03-17 → 2026-07-14)
[kite_fetcher] IDBI.NS: 79 trading days loaded (2026-03-17 → 2026-07-14)
[kite_fetcher] TCS.NS: 79 trading days loaded (2026-03-17 → 2026-07-14)
[kite_fetcher] HINDCOPPER.NS: 79 trading days loaded (2026-03-17 → 2026-07-14)
[kite_fetcher] GALLANTT.NS: 79 trading days loaded (2026-03-17 → 2026-07-14)
[kite_fetcher] AEGISLOG.NS: 79 trading days loaded (2026-03-17 → 2026-07-14)
[kite_fetcher] SCHNEIDER.NS: 79 trading days loaded (2026-03-17 → 2026-07-14)
[kite_fetcher] ECLERX.NS: 79 trading days loaded (2026-03-17 → 2026-07-14)
[kite_fetcher] WOCKPHARMA.NS: 79 trading days loaded (2026-03-17 → 2026-07-14)
[kite_fetcher] TARIL.NS: 79 trading days loaded (2026-03-17 → 2026-07-14)
[kite_fetcher] FLUOROCHEM.NS: 79 trading days loaded (2026-03-17 → 2026-07-14)
[kite_fetcher] PAYTM.NS: 79 trading days loaded (2026-03-17 → 2026-07-14)
[kite_fetcher] STARHEALTH.NS: 79 trading days loaded (2026-03-17 → 2026-07-14)
[kite_fetcher] CHALET.NS: 79 trading days loaded (2026-03-17 → 2026-07-14)
[kite_fetcher] GODREJPROP.NS: 79 trading days loaded (2026-03-17 → 2026-07-14)
[kite_fetcher] HDFCBANK.NS: 79 trading days loaded (2026-03-17 → 2026-07-14)
[kite_fetcher] MOTHERSON.NS: 79 trading days loaded (2026-03-17 → 2026-07-14)
[kite_fetcher] GODREJCP.NS: 79 trading days loaded (2026-03-17 → 2026-07-14)
[kite_fetcher] EMAMILTD.NS: 79 trading days loaded (2026-03-17 → 2026-07-14)
[kite_fetcher] SIEMENS.NS: 79 trading days loaded (2026-03-17 → 2026-07-14)
[kite_fetcher] ASTRAL.NS: 79 trading days loaded (2026-03-17 → 2026-07-14)
[kite_fetcher] KAYNES.NS: 79 trading days loaded (2026-03-17 → 2026-07-14)
[kite_fetcher] GABRIEL.NS: 79 trading days loaded (2026-03-17 → 2026-07-14)
[kite_fetcher] POONAWALLA.NS: 79 trading days loaded (2026-03-17 → 2026-07-14)
[kite_fetcher] SPLPETRO.NS: 79 trading days loaded (2026-03-17 → 2026-07-14)
[kite_fetcher] KIRLOSENG.NS: 79 trading days loaded (2026-03-17 → 2026-07-14)
[kite_fetcher] HAL.NS: 79 trading days loaded (2026-03-17 → 2026-07-14)
[kite_fetcher] CDSL.NS: 79 trading days loaded (2026-03-17 → 2026-07-14)
[kite_fetcher] HDFCLIFE.NS: 79 trading days loaded (2026-03-17 → 2026-07-14)
[kite_fetcher] NBCC.NS: 79 trading days loaded (2026-03-17 → 2026-07-14)
[kite_fetcher] ESCORTS.NS: 79 trading days loaded (2026-03-17 → 2026-07-14)
[kite_fetcher] PRESTIGE.NS: 79 trading days loaded (2026-03-17 → 2026-07-14)
[kite_fetcher] ASIANPAINT.NS: 79 trading days loaded (2026-03-17 → 2026-07-14)
[kite_fetcher] SYRMA.NS: 79 trading days loaded (2026-03-17 → 2026-07-14)
[kite_fetcher] TATACOMM.NS: 79 trading days loaded (2026-03-17 → 2026-07-14)
[kite_fetcher] MPHASIS.NS: 79 trading days loaded (2026-03-17 → 2026-07-14)
[kite_fetcher] KPITTECH.NS: 79 trading days loaded (2026-03-17 → 2026-07-14)
[kite_fetcher] MOTILALOFS.NS: 79 trading days loaded (2026-03-17 → 2026-07-14)
[kite_fetcher] BHEL.NS: 79 trading days loaded (2026-03-17 → 2026-07-14)
[kite_fetcher] EIHOTEL.NS: 79 trading days loaded (2026-03-17 → 2026-07-14)
[kite_fetcher] ICICIPRULI.NS: 79 trading days loaded (2026-03-17 → 2026-07-14)
[kite_fetcher] IIFL.NS: 79 trading days loaded (2026-03-17 → 2026-07-14)
[kite_fetcher] SONATSOFTW.NS: 79 trading days loaded (2026-03-17 → 2026-07-14)
[kite_fetcher] DATAPATTNS.NS: 79 trading days loaded (2026-03-17 → 2026-07-14)
[kite_fetcher] HSCL.NS: 79 trading days loaded (2026-03-17 → 2026-07-14)
[kite_fetcher] NAVA.NS: 79 trading days loaded (2026-03-17 → 2026-07-14)
[kite_fetcher] COCHINSHIP.NS: 79 trading days loaded (2026-03-17 → 2026-07-14)
[kite_fetcher] TORNTPOWER.NS: 79 trading days loaded (2026-03-17 → 2026-07-14)
[kite_fetcher] CRAFTSMAN.NS: 79 trading days loaded (2026-03-17 → 2026-07-14)
[auto_screener] 137 stocks passed all filters
[tracker] Removing stale entry for NEWGEN.NS (no longer in universe)
[tracker] Saved — 9 stocks tracked, screen #8
[emailer] Email sent successfully → aaravpagarwal07@gmail.com

Screen run completed: Wed Jul 15 12:40:44 UTC 2026 | Exit code: 0
