======================================
Screen run started: Wed Jun 17 12:30:01 UTC 2026
======================================

[auto_screener] Starting screen — 2026-06-17 12:30
[auto_screener] NIFTY 500: 504 stocks
[auto_screener] Current universe: 10 stocks
[auto_screener] Fetching data for 504 stocks...
[kite_fetcher] ABSLAMC.NS: 855 trading days loaded (2023-01-02 → 2026-06-16)
[kite_fetcher] PNB.NS: 855 trading days loaded (2023-01-02 → 2026-06-16)
[kite_fetcher] TATASTEEL.NS: 855 trading days loaded (2023-01-02 → 2026-06-16)
[kite_fetcher] JUBLPHARMA.NS: 855 trading days loaded (2023-01-02 → 2026-06-16)
[kite_fetcher] ASTRAL.NS: 855 trading days loaded (2023-01-02 → 2026-06-16)
[kite_fetcher] NLCINDIA.NS: 855 trading days loaded (2023-01-02 → 2026-06-16)
[kite_fetcher] JBMA.NS: 855 trading days loaded (2023-01-02 → 2026-06-16)
[kite_fetcher] TRIDENT.NS: 855 trading days loaded (2023-01-02 → 2026-06-16)
[kite_fetcher] CASTROLIND.NS: 855 trading days loaded (2023-01-02 → 2026-06-16)
[kite_fetcher] TATACAP.NS: 166 trading days loaded (2025-10-13 → 2026-06-16)
[kite_fetcher] ENDURANCE.NS: 855 trading days loaded (2023-01-02 → 2026-06-16)
[kite_fetcher] ZFCVINDIA.NS: 855 trading days loaded (2023-01-02 → 2026-06-16)
[kite_fetcher] SHYAMMETL.NS: 855 trading days loaded (2023-01-02 → 2026-06-16)
[kite_fetcher] GRASIM.NS: 855 trading days loaded (2023-01-02 → 2026-06-16)
[kite_fetcher] TEGA.NS: 855 trading days loaded (2023-01-02 → 2026-06-16)
[kite_fetcher] NH.NS: 855 trading days loaded (2023-01-02 → 2026-06-16)
[kite_fetcher] IEX.NS: 855 trading days loaded (2023-01-02 → 2026-06-16)
[kite_fetcher] UTIAMC.NS: 855 trading days loaded (2023-01-02 → 2026-06-16)
[kite_fetcher] VEDL.NS: 855 trading days loaded (2023-01-02 → 2026-06-16)
[kite_fetcher] M&MFIN.NS: 855 trading days loaded (2023-01-02 → 2026-06-16)
[kite_fetcher] ENGINERSIN.NS: 855 trading days loaded (2023-01-02 → 2026-06-16)
[kite_fetcher] DMART.NS: 855 trading days loaded (2023-01-02 → 2026-06-16)
[kite_fetcher] HINDZINC.NS: 855 trading days loaded (2023-01-02 → 2026-06-16)
[kite_fetcher] SARDAEN.NS: 855 trading days loaded (2023-01-02 → 2026-06-16)
[kite_fetcher] FACT.NS: 855 trading days loaded (2023-01-02 → 2026-06-16)
[kite_fetcher] IPCALAB.NS: 855 trading days loaded (2023-01-02 → 2026-06-16)
[kite_fetcher] PARADEEP.NS: 855 trading days loaded (2023-01-02 → 2026-06-16)
[kite_fetcher] EXIDEIND.NS: 855 trading days loaded (2023-01-02 → 2026-06-16)
[kite_fetcher] TATACHEM.NS: 855 trading days loaded (2023-01-02 → 2026-06-16)
[kite_fetcher] FIRSTCRY.NS: 456 trading days loaded (2024-08-13 → 2026-06-16)
[kite_fetcher] JIOFIN.NS: 699 trading days loaded (2023-08-21 → 2026-06-16)
[kite_fetcher] APARINDS.NS: 855 trading days loaded (2023-01-02 → 2026-06-16)
[kite_fetcher] IKS.NS: 368 trading days loaded (2024-12-19 → 2026-06-16)
[kite_fetcher] NATIONALUM.NS: 855 trading days loaded (2023-01-02 → 2026-06-16)
[kite_fetcher] PERSISTENT.NS: 855 trading days loaded (2023-01-02 → 2026-06-16)
[kite_fetcher] AARTIIND.NS: 855 trading days loaded (2023-01-02 → 2026-06-16)
[kite_fetcher] IDBI.NS: 855 trading days loaded (2023-01-02 → 2026-06-16)
[kite_fetcher] MFSL.NS: 855 trading days loaded (2023-01-02 → 2026-06-16)
[kite_fetcher] BPCL.NS: 855 trading days loaded (2023-01-02 → 2026-06-16)
[kite_fetcher] GMDCLTD.NS: 855 trading days loaded (2023-01-02 → 2026-06-16)
[kite_fetcher] NTPC.NS: 855 trading days loaded (2023-01-02 → 2026-06-16)
[kite_fetcher] CRAFTSMAN.NS: 855 trading days loaded (2023-01-02 → 2026-06-16)
[kite_fetcher] HDBFS.NS: 236 trading days loaded (2025-07-02 → 2026-06-16)
[kite_fetcher] INDIANB.NS: 855 trading days loaded (2023-01-02 → 2026-06-16)
[kite_fetcher] LATENTVIEW.NS: 855 trading days loaded (2023-01-02 → 2026-06-16)
[kite_fetcher] INDIAMART.NS: 855 trading days loaded (2023-01-02 → 2026-06-16)
[kite_fetcher] WIPRO.NS: 855 trading days loaded (2023-01-02 → 2026-06-16)
[kite_fetcher] ICICIGI.NS: 855 trading days loaded (2023-01-02 → 2026-06-16)
[kite_fetcher] SCHAEFFLER.NS: 855 trading days loaded (2023-01-02 → 2026-06-16)
[auto_screener]   50/504 fetched, 44 valid
[kite_fetcher] CAPLIPOINT.NS: 855 trading days loaded (2023-01-02 → 2026-06-16)
[kite_fetcher] HSCL.NS: 855 trading days loaded (2023-01-02 → 2026-06-16)
[kite_fetcher] CCL.NS: 855 trading days loaded (2023-01-02 → 2026-06-16)
[kite_fetcher] HYUNDAI.NS: 408 trading days loaded (2024-10-22 → 2026-06-16)
[kite_fetcher] GODIGIT.NS: 512 trading days loaded (2024-05-23 → 2026-06-16)
[kite_fetcher] AIIL.NS: 533 trading days loaded (2024-04-23 → 2026-06-16)
[kite_fetcher] BRIGADE.NS: 855 trading days loaded (2023-01-02 → 2026-06-16)
[kite_fetcher] MCX.NS: 855 trading days loaded (2023-01-02 → 2026-06-16)
[kite_fetcher] ARE&M.NS: 855 trading days loaded (2023-01-02 → 2026-06-16)
[kite_fetcher] ITI.NS: 855 trading days loaded (2023-01-02 → 2026-06-16)
[kite_fetcher] PWL.NS: 142 trading days loaded (2025-11-18 → 2026-06-16)
[kite_fetcher] SAPPHIRE.NS: 855 trading days loaded (2023-01-02 → 2026-06-16)
[kite_fetcher] JSWDULUX.NS: 855 trading days loaded (2023-01-02 → 2026-06-16)
[kite_fetcher] NAUKRI.NS: 855 trading days loaded (2023-01-02 → 2026-06-16)
[kite_fetcher] BHARTIHEXA.NS: 539 trading days loaded (2024-04-12 → 2026-06-16)
[kite_fetcher] ETERNAL.NS: 855 trading days loaded (2023-01-02 → 2026-06-16)
[kite_fetcher] ECLERX.NS: 855 trading days loaded (2023-01-02 → 2026-06-16)
[kite_fetcher] CAMS.NS: 855 trading days loaded (2023-01-02 → 2026-06-16)
[kite_fetcher] KFINTECH.NS: 855 trading days loaded (2023-01-02 → 2026-06-16)
[kite_fetcher] SIGNATURE.NS: 673 trading days loaded (2023-09-27 → 2026-06-16)
[kite_fetcher] RELIANCE.NS: 855 trading days loaded (2023-01-02 → 2026-06-16)
[kite_fetcher] ASIANPAINT.NS: 855 trading days loaded (2023-01-02 → 2026-06-16)
[kite_fetcher] MPHASIS.NS: 855 trading days loaded (2023-01-02 → 2026-06-16)
[kite_fetcher] THERMAX.NS: 855 trading days loaded (2023-01-02 → 2026-06-16)
[kite_fetcher] PINELABS.NS: 144 trading days loaded (2025-11-14 → 2026-06-16)
[kite_fetcher] CHOICEIN.NS: 855 trading days loaded (2023-01-02 → 2026-06-16)
[kite_fetcher] ANGELONE.NS: 855 trading days loaded (2023-01-02 → 2026-06-16)
[kite_fetcher] GLAXO.NS: 855 trading days loaded (2023-01-02 → 2026-06-16)
[kite_fetcher] GODREJCP.NS: 855 trading days loaded (2023-01-02 → 2026-06-16)
[kite_fetcher] NIVABUPA.NS: 391 trading days loaded (2024-11-14 → 2026-06-16)
[kite_fetcher] NYKAA.NS: 855 trading days loaded (2023-01-02 → 2026-06-16)
[kite_fetcher] TATATECH.NS: 630 trading days loaded (2023-11-30 → 2026-06-16)
[kite_fetcher] EMAMILTD.NS: 855 trading days loaded (2023-01-02 → 2026-06-16)
[kite_fetcher] RRKABEL.NS: 678 trading days loaded (2023-09-20 → 2026-06-16)
[kite_fetcher] LTFOODS.NS: 855 trading days loaded (2023-01-02 → 2026-06-16)
[kite_fetcher] MUTHOOTFIN.NS: 855 trading days loaded (2023-01-02 → 2026-06-16)
[kite_fetcher] SUPREMEIND.NS: 855 trading days loaded (2023-01-02 → 2026-06-16)
[kite_fetcher] UNIONBANK.NS: 855 trading days loaded (2023-01-02 → 2026-06-16)
[kite_fetcher] IREDA.NS: 631 trading days loaded (2023-11-29 → 2026-06-16)
[kite_fetcher] HDFCLIFE.NS: 855 trading days loaded (2023-01-02 → 2026-06-16)
[kite_fetcher] VIJAYA.NS: 855 trading days loaded (2023-01-02 → 2026-06-16)
[kite_fetcher] KEI.NS: 855 trading days loaded (2023-01-02 → 2026-06-16)
[kite_fetcher] HAL.NS: 855 trading days loaded (2023-01-02 → 2026-06-16)
[kite_fetcher] NAVINFLUOR.NS: 855 trading days loaded (2023-01-02 → 2026-06-16)
[kite_fetcher] INDGN.NS: 520 trading days loaded (2024-05-13 → 2026-06-16)
[kite_fetcher] NETWEB.NS: 715 trading days loaded (2023-07-27 → 2026-06-16)
[kite_fetcher] BOSCHLTD.NS: 855 trading days loaded (2023-01-02 → 2026-06-16)
[kite_fetcher] BHARATFORG.NS: 855 trading days loaded (2023-01-02 → 2026-06-16)
[kite_fetcher] GVT&D.NS: 855 trading days loaded (2023-01-02 → 2026-06-16)
[kite_fetcher] BEML.NS: 855 trading days loaded (2023-01-02 → 2026-06-16)
[auto_screener]   100/504 fetched, 81 valid
[kite_fetcher] CONCORDBIO.NS: 700 trading days loaded (2023-08-18 → 2026-06-16)
[kite_fetcher] BANDHANBNK.NS: 855 trading days loaded (2023-01-02 → 2026-06-16)
[kite_fetcher] INDUSINDBK.NS: 855 trading days loaded (2023-01-02 → 2026-06-16)
[kite_fetcher] NBCC.NS: 855 trading days loaded (2023-01-02 → 2026-06-16)
[kite_fetcher] BLUEDART.NS: 855 trading days loaded (2023-01-02 → 2026-06-16)
[kite_fetcher] CGCL.NS: 855 trading days loaded (2023-01-02 → 2026-06-16)
[kite_fetcher] LLOYDSME.NS: 723 trading days loaded (2023-07-17 → 2026-06-16)
[kite_fetcher] HUDCO.NS: 855 trading days loaded (2023-01-02 → 2026-06-16)
[kite_fetcher] TECHNOE.NS: 855 trading days loaded (2023-01-02 → 2026-06-16)
[kite_fetcher] MARICO.NS: 855 trading days loaded (2023-01-02 → 2026-06-16)
[kite_fetcher] DATAPATTNS.NS: 855 trading days loaded (2023-01-02 → 2026-06-16)
[kite_fetcher] SWANCORP.NS: 855 trading days loaded (2023-01-02 → 2026-06-16)
[kite_fetcher] ABBOTINDIA.NS: 855 trading days loaded (2023-01-02 → 2026-06-16)
[kite_fetcher] BHEL.NS: 855 trading days loaded (2023-01-02 → 2026-06-16)
[kite_fetcher] CONCOR.NS: 855 trading days loaded (2023-01-02 → 2026-06-16)
[kite_fetcher] HAVELLS.NS: 855 trading days loaded (2023-01-02 → 2026-06-16)
[kite_fetcher] MRPL.NS: 855 trading days loaded (2023-01-02 → 2026-06-16)
[kite_fetcher] RAINBOW.NS: 855 trading days loaded (2023-01-02 → 2026-06-16)
[kite_fetcher] IDFCFIRSTB.NS: 855 trading days loaded (2023-01-02 → 2026-06-16)
[kite_fetcher] CARTRADE.NS: 855 trading days loaded (2023-01-02 → 2026-06-16)
[kite_fetcher] BERGEPAINT.NS: 855 trading days loaded (2023-01-02 → 2026-06-16)
[kite_fetcher] HFCL.NS: 855 trading days loaded (2023-01-02 → 2026-06-16)
[kite_fetcher] VMM.NS: 369 trading days loaded (2024-12-18 → 2026-06-16)
[kite_fetcher] DEEPAKFERT.NS: 855 trading days loaded (2023-01-02 → 2026-06-16)
[kite_fetcher] NUVAMA.NS: 674 trading days loaded (2023-09-26 → 2026-06-16)
[kite_fetcher] PVRINOX.NS: 855 trading days loaded (2023-01-02 → 2026-06-16)
[kite_fetcher] HONASA.NS: 646 trading days loaded (2023-11-07 → 2026-06-16)
[kite_fetcher] MRF.NS: 855 trading days loaded (2023-01-02 → 2026-06-16)
[kite_fetcher] NATCOPHARM.NS: 855 trading days loaded (2023-01-02 → 2026-06-16)
[kite_fetcher] CHAMBLFERT.NS: 855 trading days loaded (2023-01-02 → 2026-06-16)
[kite_fetcher] SIEMENS.NS: 855 trading days loaded (2023-01-02 → 2026-06-16)
[kite_fetcher] SUNDARMFIN.NS: 855 trading days loaded (2023-01-02 → 2026-06-16)
[kite_fetcher] GPIL.NS: 855 trading days loaded (2023-01-02 → 2026-06-16)
[kite_fetcher] NTPCGREEN.NS: 384 trading days loaded (2024-11-27 → 2026-06-16)
[kite_fetcher] JSL.NS: 855 trading days loaded (2023-01-02 → 2026-06-16)
[kite_fetcher] NHPC.NS: 855 trading days loaded (2023-01-02 → 2026-06-16)
[kite_fetcher] AJANTPHARM.NS: 855 trading days loaded (2023-01-02 → 2026-06-16)
[kite_fetcher] OIL.NS: 855 trading days loaded (2023-01-02 → 2026-06-16)
[kite_fetcher] TARIL.NS: 855 trading days loaded (2023-01-02 → 2026-06-16)
[kite_fetcher] BLS.NS: 855 trading days loaded (2023-01-02 → 2026-06-16)
[kite_fetcher] CDSL.NS: 855 trading days loaded (2023-01-02 → 2026-06-16)
[kite_fetcher] POLYCAB.NS: 855 trading days loaded (2023-01-02 → 2026-06-16)
[kite_fetcher] KIRLOSENG.NS: 855 trading days loaded (2023-01-02 → 2026-06-16)
[kite_fetcher] ABB.NS: 855 trading days loaded (2023-01-02 → 2026-06-16)
[kite_fetcher] CHOLAFIN.NS: 855 trading days loaded (2023-01-02 → 2026-06-16)
[kite_fetcher] AMBUJACEM.NS: 855 trading days loaded (2023-01-02 → 2026-06-16)
[kite_fetcher] ACC.NS: 855 trading days loaded (2023-01-02 → 2026-06-16)
[kite_fetcher] BAJAJFINSV.NS: 855 trading days loaded (2023-01-02 → 2026-06-16)
[kite_fetcher] IOB.NS: 855 trading days loaded (2023-01-02 → 2026-06-16)
[kite_fetcher] RVNL.NS: 855 trading days loaded (2023-01-02 → 2026-06-16)
[auto_screener]   150/504 fetched, 125 valid
[kite_fetcher] JUBLFOOD.NS: 855 trading days loaded (2023-01-02 → 2026-06-16)
[kite_fetcher] MANKIND.NS: 771 trading days loaded (2023-05-09 → 2026-06-16)
[kite_fetcher] SBIN.NS: 855 trading days loaded (2023-01-02 → 2026-06-16)
[kite_fetcher] BAJAJHLDNG.NS: 855 trading days loaded (2023-01-02 → 2026-06-16)
[kite_fetcher] TENNIND.NS: 141 trading days loaded (2025-11-19 → 2026-06-16)
[kite_fetcher] AUBANK.NS: 855 trading days loaded (2023-01-02 → 2026-06-16)
[kite_fetcher] SRF.NS: 855 trading days loaded (2023-01-02 → 2026-06-16)
[kite_fetcher] ATHERENERG.NS: 277 trading days loaded (2025-05-06 → 2026-06-16)
[kite_fetcher] INDUSTOWER.NS: 855 trading days loaded (2023-01-02 → 2026-06-16)
[kite_fetcher] CESC.NS: 855 trading days loaded (2023-01-02 → 2026-06-16)
[kite_fetcher] GRAPHITE.NS: 855 trading days loaded (2023-01-02 → 2026-06-16)
[kite_fetcher] RKFORGE.NS: 855 trading days loaded (2023-01-02 → 2026-06-16)
[kite_fetcher] GICRE.NS: 855 trading days loaded (2023-01-02 → 2026-06-16)
[kite_fetcher] ADANIENSOL.NS: 855 trading days loaded (2023-01-02 → 2026-06-16)
[kite_fetcher] MEESHO.NS: 126 trading days loaded (2025-12-10 → 2026-06-16)
[kite_fetcher] RITES.NS: 855 trading days loaded (2023-01-02 → 2026-06-16)
[kite_fetcher] MANAPPURAM.NS: 855 trading days loaded (2023-01-02 → 2026-06-16)
[kite_fetcher] RECLTD.NS: 855 trading days loaded (2023-01-02 → 2026-06-16)
[kite_fetcher] AFCONS.NS: 399 trading days loaded (2024-11-04 → 2026-06-16)
[kite_fetcher] PREMIERENE.NS: 442 trading days loaded (2024-09-03 → 2026-06-16)
[kite_fetcher] TBOTEK.NS: 518 trading days loaded (2024-05-15 → 2026-06-16)
[kite_fetcher] ALKEM.NS: 855 trading days loaded (2023-01-02 → 2026-06-16)
[kite_fetcher] HINDUNILVR.NS: 855 trading days loaded (2023-01-02 → 2026-06-16)
[kite_fetcher] INDIACEM.NS: 855 trading days loaded (2023-01-02 → 2026-06-16)
[kite_fetcher] KEC.NS: 855 trading days loaded (2023-01-02 → 2026-06-16)
[kite_fetcher] IRCON.NS: 855 trading days loaded (2023-01-02 → 2026-06-16)
[kite_fetcher] ACUTAAS.NS: 855 trading days loaded (2023-01-02 → 2026-06-16)
[kite_fetcher] BSE.NS: 855 trading days loaded (2023-01-02 → 2026-06-16)
[kite_fetcher] POLICYBZR.NS: 855 trading days loaded (2023-01-02 → 2026-06-16)
[kite_fetcher] NESTLEIND.NS: 855 trading days loaded (2023-01-02 → 2026-06-16)
[kite_fetcher] LINDEINDIA.NS: 855 trading days loaded (2023-01-02 → 2026-06-16)
[kite_fetcher] PIRAMALFIN.NS: 149 trading days loaded (2025-11-07 → 2026-06-16)
[kite_fetcher] BATAINDIA.NS: 855 trading days loaded (2023-01-02 → 2026-06-16)
[kite_fetcher] POONAWALLA.NS: 855 trading days loaded (2023-01-02 → 2026-06-16)
[kite_fetcher] LT.NS: 855 trading days loaded (2023-01-02 → 2026-06-16)
[kite_fetcher] RAMCOCEM.NS: 855 trading days loaded (2023-01-02 → 2026-06-16)
[kite_fetcher] ESCORTS.NS: 855 trading days loaded (2023-01-02 → 2026-06-16)
[kite_fetcher] RHIM.NS: 855 trading days loaded (2023-01-02 → 2026-06-16)
[kite_fetcher] GODREJPROP.NS: 855 trading days loaded (2023-01-02 → 2026-06-16)
[kite_fetcher] ICICIPRULI.NS: 855 trading days loaded (2023-01-02 → 2026-06-16)
[kite_fetcher] MOTILALOFS.NS: 855 trading days loaded (2023-01-02 → 2026-06-16)
[kite_fetcher] LICI.NS: 855 trading days loaded (2023-01-02 → 2026-06-16)
[kite_fetcher] ITCHOTELS.NS: 340 trading days loaded (2025-01-29 → 2026-06-16)
[kite_fetcher] LTM.NS: 855 trading days loaded (2023-01-02 → 2026-06-16)
[kite_fetcher] PHOENIXLTD.NS: 855 trading days loaded (2023-01-02 → 2026-06-16)
[kite_fetcher] DIXON.NS: 855 trading days loaded (2023-01-02 → 2026-06-16)
[kite_fetcher] MAHABANK.NS: 855 trading days loaded (2023-01-02 → 2026-06-16)
[kite_fetcher] BEL.NS: 855 trading days loaded (2023-01-02 → 2026-06-16)
[kite_fetcher] NAVA.NS: 855 trading days loaded (2023-01-02 → 2026-06-16)
[kite_fetcher] EICHERMOT.NS: 855 trading days loaded (2023-01-02 → 2026-06-16)
[auto_screener]   200/504 fetched, 167 valid
[kite_fetcher] JWL.NS: 855 trading days loaded (2023-01-02 → 2026-06-16)
[kite_fetcher] REDINGTON.NS: 855 trading days loaded (2023-01-02 → 2026-06-16)
[kite_fetcher] GODFRYPHLP.NS: 855 trading days loaded (2023-01-02 → 2026-06-16)
[kite_fetcher] PTCIL.NS: 748 trading days loaded (2023-06-09 → 2026-06-16)
[kite_fetcher] CRISIL.NS: 855 trading days loaded (2023-01-02 → 2026-06-16)
[kite_fetcher] SAGILITY.NS: 393 trading days loaded (2024-11-12 → 2026-06-16)
[kite_fetcher] FSL.NS: 855 trading days loaded (2023-01-02 → 2026-06-16)
[kite_fetcher] INTELLECT.NS: 855 trading days loaded (2023-01-02 → 2026-06-16)
[kite_fetcher] INDHOTEL.NS: 855 trading days loaded (2023-01-02 → 2026-06-16)
[kite_fetcher] RADICO.NS: 855 trading days loaded (2023-01-02 → 2026-06-16)
[kite_fetcher] NIACL.NS: 855 trading days loaded (2023-01-02 → 2026-06-16)
[kite_fetcher] FORCEMOT.NS: 779 trading days loaded (2023-01-02 → 2026-06-16)
[kite_fetcher] GRSE.NS: 855 trading days loaded (2023-01-02 → 2026-06-16)
[kite_fetcher] ANANTRAJ.NS: 855 trading days loaded (2023-01-02 → 2026-06-16)
[kite_fetcher] BIKAJI.NS: 855 trading days loaded (2023-01-02 → 2026-06-16)
[kite_fetcher] ULTRACEMCO.NS: 855 trading days loaded (2023-01-02 → 2026-06-16)
[kite_fetcher] AFFLE.NS: 855 trading days loaded (2023-01-02 → 2026-06-16)
[kite_fetcher] TEJASNET.NS: 855 trading days loaded (2023-01-02 → 2026-06-16)
[kite_fetcher] NCC.NS: 855 trading days loaded (2023-01-02 → 2026-06-16)
[kite_fetcher] BALRAMCHIN.NS: 855 trading days loaded (2023-01-02 → 2026-06-16)
[kite_fetcher] BANKINDIA.NS: 855 trading days loaded (2023-01-02 → 2026-06-16)
[kite_fetcher] DEVYANI.NS: 855 trading days loaded (2023-01-02 → 2026-06-16)
[kite_fetcher] WOCKPHARMA.NS: 855 trading days loaded (2023-01-02 → 2026-06-16)
[kite_fetcher] BDL.NS: 855 trading days loaded (2023-01-02 → 2026-06-16)
[kite_fetcher] TTML.NS: 855 trading days loaded (2023-01-02 → 2026-06-16)
[kite_fetcher] PAYTM.NS: 855 trading days loaded (2023-01-02 → 2026-06-16)
[kite_fetcher] POWERGRID.NS: 855 trading days loaded (2023-01-02 → 2026-06-16)
[kite_fetcher] ATGL.NS: 855 trading days loaded (2023-01-02 → 2026-06-16)
[kite_fetcher] STARHEALTH.NS: 855 trading days loaded (2023-01-02 → 2026-06-16)
[kite_fetcher] ADANIGREEN.NS: 855 trading days loaded (2023-01-02 → 2026-06-16)
[kite_fetcher] HONAUT.NS: 855 trading days loaded (2023-01-02 → 2026-06-16)
[kite_fetcher] ANTHEM.NS: 223 trading days loaded (2025-07-21 → 2026-06-16)
[kite_fetcher] ZEEL.NS: 855 trading days loaded (2023-01-02 → 2026-06-16)
[kite_fetcher] SONATSOFTW.NS: 855 trading days loaded (2023-01-02 → 2026-06-16)
[kite_fetcher] BHARTIARTL.NS: 855 trading days loaded (2023-01-02 → 2026-06-16)
[kite_fetcher] ERIS.NS: 855 trading days loaded (2023-01-02 → 2026-06-16)
[kite_fetcher] ONESOURCE.NS: 343 trading days loaded (2025-01-24 → 2026-06-16)
[kite_fetcher] ZYDUSWELL.NS: 855 trading days loaded (2023-01-02 → 2026-06-16)
[kite_fetcher] GESHIP.NS: 855 trading days loaded (2023-01-02 → 2026-06-16)
[kite_fetcher] UNOMINDA.NS: 855 trading days loaded (2023-01-02 → 2026-06-16)
[kite_fetcher] TRAVELFOOD.NS: 228 trading days loaded (2025-07-14 → 2026-06-16)
[kite_fetcher] KPITTECH.NS: 855 trading days loaded (2023-01-02 → 2026-06-16)
[kite_fetcher] PPLPHARMA.NS: 855 trading days loaded (2023-01-02 → 2026-06-16)
[kite_fetcher] CROMPTON.NS: 855 trading days loaded (2023-01-02 → 2026-06-16)
[kite_fetcher] HEXT.NS: 324 trading days loaded (2025-02-19 → 2026-06-16)
[kite_fetcher] ZENSARTECH.NS: 855 trading days loaded (2023-01-02 → 2026-06-16)
[kite_fetcher] TATACONSUM.NS: 855 trading days loaded (2023-01-02 → 2026-06-16)
[kite_fetcher] PAGEIND.NS: 855 trading days loaded (2023-01-02 → 2026-06-16)
[auto_screener]   250/504 fetched, 210 valid
[kite_fetcher] BAJFINANCE.NS: 855 trading days loaded (2023-01-02 → 2026-06-16)
[kite_fetcher] SUNTV.NS: 855 trading days loaded (2023-01-02 → 2026-06-16)
[kite_fetcher] TIINDIA.NS: 855 trading days loaded (2023-01-02 → 2026-06-16)
[kite_fetcher] PATANJALI.NS: 855 trading days loaded (2023-01-02 → 2026-06-16)
[kite_fetcher] DLF.NS: 855 trading days loaded (2023-01-02 → 2026-06-16)
[kite_fetcher] PGEL.NS: 855 trading days loaded (2023-01-02 → 2026-06-16)
[kite_fetcher] PCBL.NS: 855 trading days loaded (2023-01-02 → 2026-06-16)
[kite_fetcher] DRREDDY.NS: 855 trading days loaded (2023-01-02 → 2026-06-16)
[kite_fetcher] DCMSHRIRAM.NS: 855 trading days loaded (2023-01-02 → 2026-06-16)
[kite_fetcher] CGPOWER.NS: 855 trading days loaded (2023-01-02 → 2026-06-16)
[kite_fetcher] DOMS.NS: 616 trading days loaded (2023-12-20 → 2026-06-16)
[kite_fetcher] COLPAL.NS: 855 trading days loaded (2023-01-02 → 2026-06-16)
[kite_fetcher] SYNGENE.NS: 855 trading days loaded (2023-01-02 → 2026-06-16)
[kite_fetcher] APLAPOLLO.NS: 855 trading days loaded (2023-01-02 → 2026-06-16)
[kite_fetcher] RPOWER.NS: 855 trading days loaded (2023-01-02 → 2026-06-16)
[kite_fetcher] SCI.NS: 855 trading days loaded (2023-01-02 → 2026-06-16)
[kite_fetcher] AEGISLOG.NS: 855 trading days loaded (2023-01-02 → 2026-06-16)
[kite_fetcher] JAINREC.NS: 173 trading days loaded (2025-10-01 → 2026-06-16)
[kite_fetcher] BLUEJET.NS: 650 trading days loaded (2023-11-01 → 2026-06-16)
[kite_fetcher] CANFINHOME.NS: 855 trading days loaded (2023-01-02 → 2026-06-16)
[kite_fetcher] CPPLUS.NS: 212 trading days loaded (2025-08-05 → 2026-06-16)
[kite_fetcher] TATACOMM.NS: 855 trading days loaded (2023-01-02 → 2026-06-16)
[kite_fetcher] GROWW.NS: 146 trading days loaded (2025-11-12 → 2026-06-16)
[kite_fetcher] SCHNEIDER.NS: 855 trading days loaded (2023-01-02 → 2026-06-16)
[kite_fetcher] IGIL.NS: 367 trading days loaded (2024-12-20 → 2026-06-16)
[kite_fetcher] CHOLAHLDNG.NS: 855 trading days loaded (2023-01-02 → 2026-06-16)
[kite_fetcher] TECHM.NS: 855 trading days loaded (2023-01-02 → 2026-06-16)
[kite_fetcher] TRENT.NS: 855 trading days loaded (2023-01-02 → 2026-06-16)
[kite_fetcher] TITAN.NS: 855 trading days loaded (2023-01-02 → 2026-06-16)
[kite_fetcher] ABREL.NS: 855 trading days loaded (2023-01-02 → 2026-06-16)
[kite_fetcher] COFORGE.NS: 855 trading days loaded (2023-01-02 → 2026-06-16)
[kite_fetcher] NAM-INDIA.NS: 855 trading days loaded (2023-01-02 → 2026-06-16)
[kite_fetcher] CEATLTD.NS: 855 trading days loaded (2023-01-02 → 2026-06-16)
[kite_fetcher] BBTC.NS: 855 trading days loaded (2023-01-02 → 2026-06-16)
[kite_fetcher] OFSS.NS: 855 trading days loaded (2023-01-02 → 2026-06-16)
[kite_fetcher] ADANIPORTS.NS: 855 trading days loaded (2023-01-02 → 2026-06-16)
[kite_fetcher] DALBHARAT.NS: 855 trading days loaded (2023-01-02 → 2026-06-16)
[kite_fetcher] MINDACORP.NS: 855 trading days loaded (2023-01-02 → 2026-06-16)
[kite_fetcher] ABDL.NS: 485 trading days loaded (2024-07-02 → 2026-06-16)
[kite_fetcher] EIDPARRY.NS: 855 trading days loaded (2023-01-02 → 2026-06-16)
[kite_fetcher] TIMKEN.NS: 855 trading days loaded (2023-01-02 → 2026-06-16)
[kite_fetcher] JKCEMENT.NS: 855 trading days loaded (2023-01-02 → 2026-06-16)
[kite_fetcher] WHIRLPOOL.NS: 855 trading days loaded (2023-01-02 → 2026-06-16)
[kite_fetcher] HINDCOPPER.NS: 855 trading days loaded (2023-01-02 → 2026-06-16)
[kite_fetcher] IOC.NS: 855 trading days loaded (2023-01-02 → 2026-06-16)
[kite_fetcher] AIAENG.NS: 855 trading days loaded (2023-01-02 → 2026-06-16)
[kite_fetcher] ABFRL.NS: 855 trading days loaded (2023-01-02 → 2026-06-16)
[kite_fetcher] CANBK.NS: 855 trading days loaded (2023-01-02 → 2026-06-16)
[kite_fetcher] HBLENGINE.NS: 855 trading days loaded (2023-01-02 → 2026-06-16)
[kite_fetcher] ACE.NS: 855 trading days loaded (2023-01-02 → 2026-06-16)
[auto_screener]   300/504 fetched, 253 valid
[kite_fetcher] MEDANTA.NS: 855 trading days loaded (2023-01-02 → 2026-06-16)
[kite_fetcher] RBLBANK.NS: 855 trading days loaded (2023-01-02 → 2026-06-16)
[kite_fetcher] LALPATHLAB.NS: 855 trading days loaded (2023-01-02 → 2026-06-16)
[kite_fetcher] GMRAIRPORT.NS: 855 trading days loaded (2023-01-02 → 2026-06-16)
[kite_fetcher] SWIGGY.NS: 392 trading days loaded (2024-11-13 → 2026-06-16)
[kite_fetcher] TMCV.NS: 146 trading days loaded (2025-11-12 → 2026-06-16)
[kite_fetcher] NSLNISP.NS: 821 trading days loaded (2023-02-20 → 2026-06-16)
[kite_fetcher] GAIL.NS: 855 trading days loaded (2023-01-02 → 2026-06-16)
[kite_fetcher] FINCABLES.NS: 855 trading days loaded (2023-01-02 → 2026-06-16)
[kite_fetcher] MGL.NS: 855 trading days loaded (2023-01-02 → 2026-06-16)
[kite_fetcher] IRB.NS: 855 trading days loaded (2023-01-02 → 2026-06-16)
[kite_fetcher] TATAELXSI.NS: 855 trading days loaded (2023-01-02 → 2026-06-16)
[kite_fetcher] GABRIEL.NS: 855 trading days loaded (2023-01-02 → 2026-06-16)
[kite_fetcher] COHANCE.NS: 855 trading days loaded (2023-01-02 → 2026-06-16)
[kite_fetcher] ICICIAMC.NS: 119 trading days loaded (2025-12-19 → 2026-06-16)
[kite_fetcher] URBANCO.NS: 183 trading days loaded (2025-09-17 → 2026-06-16)
[kite_fetcher] ADANIENT.NS: 855 trading days loaded (2023-01-02 → 2026-06-16)
[kite_fetcher] CARBORUNIV.NS: 855 trading days loaded (2023-01-02 → 2026-06-16)
[kite_fetcher] KPRMILL.NS: 855 trading days loaded (2023-01-02 → 2026-06-16)
[kite_fetcher] SUNPHARMA.NS: 855 trading days loaded (2023-01-02 → 2026-06-16)
[kite_fetcher] INDIGO.NS: 855 trading days loaded (2023-01-02 → 2026-06-16)
[kite_fetcher] KAYNES.NS: 855 trading days loaded (2023-01-02 → 2026-06-16)
[kite_fetcher] OLAELEC.NS: 458 trading days loaded (2024-08-09 → 2026-06-16)
[kite_fetcher] EMMVEE.NS: 142 trading days loaded (2025-11-18 → 2026-06-16)
[kite_fetcher] CANHLIFE.NS: 162 trading days loaded (2025-10-17 → 2026-06-16)
[kite_fetcher] FORTIS.NS: 855 trading days loaded (2023-01-02 → 2026-06-16)
[kite_fetcher] CUMMINSIND.NS: 855 trading days loaded (2023-01-02 → 2026-06-16)
[kite_fetcher] INOXWIND.NS: 855 trading days loaded (2023-01-02 → 2026-06-16)
[kite_fetcher] FLUOROCHEM.NS: 855 trading days loaded (2023-01-02 → 2026-06-16)
[kite_fetcher] MSUMI.NS: 855 trading days loaded (2023-01-02 → 2026-06-16)
[kite_fetcher] GILLETTE.NS: 855 trading days loaded (2023-01-02 → 2026-06-16)
[kite_fetcher] ABLBL.NS: 243 trading days loaded (2025-06-23 → 2026-06-16)
[kite_fetcher] SBFC.NS: 702 trading days loaded (2023-08-16 → 2026-06-16)
[kite_fetcher] TITAGARH.NS: 855 trading days loaded (2023-01-02 → 2026-06-16)
[kite_fetcher] M&M.NS: 855 trading days loaded (2023-01-02 → 2026-06-16)
[kite_fetcher] SUZLON.NS: 855 trading days loaded (2023-01-02 → 2026-06-16)
[kite_fetcher] HEROMOTOCO.NS: 855 trading days loaded (2023-01-02 → 2026-06-16)
[kite_fetcher] SAREGAMA.NS: 855 trading days loaded (2023-01-02 → 2026-06-16)
[kite_fetcher] AAVAS.NS: 855 trading days loaded (2023-01-02 → 2026-06-16)
[kite_fetcher] PIIND.NS: 855 trading days loaded (2023-01-02 → 2026-06-16)
[kite_fetcher] SHRIRAMFIN.NS: 855 trading days loaded (2023-01-02 → 2026-06-16)
[kite_fetcher] LENSKART.NS: 148 trading days loaded (2025-11-10 → 2026-06-16)
[kite_fetcher] KPIL.NS: 855 trading days loaded (2023-01-02 → 2026-06-16)
[kite_fetcher] ZYDUSLIFE.NS: 855 trading days loaded (2023-01-02 → 2026-06-16)
[kite_fetcher] TORNTPOWER.NS: 855 trading days loaded (2023-01-02 → 2026-06-16)
[kite_fetcher] UBL.NS: 855 trading days loaded (2023-01-02 → 2026-06-16)
[kite_fetcher] NUVOCO.NS: 855 trading days loaded (2023-01-02 → 2026-06-16)
[kite_fetcher] HINDALCO.NS: 855 trading days loaded (2023-01-02 → 2026-06-16)
[kite_fetcher] MARUTI.NS: 855 trading days loaded (2023-01-02 → 2026-06-16)
[kite_fetcher] SOLARINDS.NS: 855 trading days loaded (2023-01-02 → 2026-06-16)
[auto_screener]   350/504 fetched, 293 valid
[kite_fetcher] TVSMOTOR.NS: 855 trading days loaded (2023-01-02 → 2026-06-16)
[kite_fetcher] WELCORP.NS: 855 trading days loaded (2023-01-02 → 2026-06-16)
[kite_fetcher] TORNTPHARM.NS: 855 trading days loaded (2023-01-02 → 2026-06-16)
[kite_fetcher] ITC.NS: 855 trading days loaded (2023-01-02 → 2026-06-16)
[kite_fetcher] ADANIPOWER.NS: 855 trading days loaded (2023-01-02 → 2026-06-16)
[kite_fetcher] MAPMYINDIA.NS: 855 trading days loaded (2023-01-02 → 2026-06-16)
[kite_fetcher] IRCTC.NS: 855 trading days loaded (2023-01-02 → 2026-06-16)
[kite_fetcher] GODREJIND.NS: 855 trading days loaded (2023-01-02 → 2026-06-16)
[kite_fetcher] HDFCBANK.NS: 855 trading days loaded (2023-01-02 → 2026-06-16)
[kite_fetcher] KIMS.NS: 855 trading days loaded (2023-01-02 → 2026-06-16)
[kite_fetcher] AWL.NS: 855 trading days loaded (2023-01-02 → 2026-06-16)
[kite_fetcher] BAJAJHFL.NS: 433 trading days loaded (2024-09-16 → 2026-06-16)
[kite_fetcher] GRAVITA.NS: 855 trading days loaded (2023-01-02 → 2026-06-16)
[kite_fetcher] DIVISLAB.NS: 855 trading days loaded (2023-01-02 → 2026-06-16)
[kite_fetcher] JSWINFRA.NS: 670 trading days loaded (2023-10-03 → 2026-06-16)
[kite_fetcher] SAIL.NS: 855 trading days loaded (2023-01-02 → 2026-06-16)
[kite_fetcher] ASAHIINDIA.NS: 855 trading days loaded (2023-01-02 → 2026-06-16)
[kite_fetcher] UNITDSPR.NS: 855 trading days loaded (2023-01-02 → 2026-06-16)
[kite_fetcher] BRITANNIA.NS: 855 trading days loaded (2023-01-02 → 2026-06-16)
[kite_fetcher] PETRONET.NS: 855 trading days loaded (2023-01-02 → 2026-06-16)
[kite_fetcher] WAAREEENER.NS: 404 trading days loaded (2024-10-28 → 2026-06-16)
[kite_fetcher] TCS.NS: 855 trading days loaded (2023-01-02 → 2026-06-16)
[kite_fetcher] JUBLINGREA.NS: 855 trading days loaded (2023-01-02 → 2026-06-16)
[kite_fetcher] COCHINSHIP.NS: 855 trading days loaded (2023-01-02 → 2026-06-16)
[kite_fetcher] SONACOMS.NS: 855 trading days loaded (2023-01-02 → 2026-06-16)
[kite_fetcher] JINDALSTEL.NS: 855 trading days loaded (2023-01-02 → 2026-06-16)
[kite_fetcher] ICICIBANK.NS: 855 trading days loaded (2023-01-02 → 2026-06-16)
[kite_fetcher] SAMMAANCAP.NS: 855 trading days loaded (2023-01-02 → 2026-06-16)
[kite_fetcher] CYIENT.NS: 855 trading days loaded (2023-01-02 → 2026-06-16)
[kite_fetcher] OBEROIRLTY.NS: 855 trading days loaded (2023-01-02 → 2026-06-16)
[kite_fetcher] AXISBANK.NS: 855 trading days loaded (2023-01-02 → 2026-06-16)
[kite_fetcher] ELECON.NS: 855 trading days loaded (2023-01-02 → 2026-06-16)
[kite_fetcher] JMFINANCIL.NS: 855 trading days loaded (2023-01-02 → 2026-06-16)
[kite_fetcher] SAILIFE.NS: 369 trading days loaded (2024-12-18 → 2026-06-16)
[kite_fetcher] TMPV.NS: 855 trading days loaded (2023-01-02 → 2026-06-16)
[kite_fetcher] PNBHOUSING.NS: 855 trading days loaded (2023-01-02 → 2026-06-16)
[kite_fetcher] BANKBARODA.NS: 855 trading days loaded (2023-01-02 → 2026-06-16)
[kite_fetcher] 3MINDIA.NS: 855 trading days loaded (2023-01-02 → 2026-06-16)
[kite_fetcher] PFIZER.NS: 855 trading days loaded (2023-01-02 → 2026-06-16)
[kite_fetcher] SUMICHEM.NS: 855 trading days loaded (2023-01-02 → 2026-06-16)
[kite_fetcher] ASHOKLEY.NS: 855 trading days loaded (2023-01-02 → 2026-06-16)
[kite_fetcher] AADHARHFC.NS: 518 trading days loaded (2024-05-15 → 2026-06-16)
[kite_fetcher] ZENTEC.NS: 855 trading days loaded (2023-01-02 → 2026-06-16)
[kite_fetcher] BAJAJ-AUTO.NS: 855 trading days loaded (2023-01-02 → 2026-06-16)
[kite_fetcher] LICHSGFIN.NS: 855 trading days loaded (2023-01-02 → 2026-06-16)
[kite_fetcher] MMTC.NS: 855 trading days loaded (2023-01-02 → 2026-06-16)
[kite_fetcher] BSOFT.NS: 855 trading days loaded (2023-01-02 → 2026-06-16)
[kite_fetcher] GLAND.NS: 855 trading days loaded (2023-01-02 → 2026-06-16)
[kite_fetcher] THELEELA.NS: 258 trading days loaded (2025-06-02 → 2026-06-16)
[auto_screener]   400/504 fetched, 336 valid
[kite_fetcher] IFCI.NS: 855 trading days loaded (2023-01-02 → 2026-06-16)
[kite_fetcher] CENTRALBK.NS: 855 trading days loaded (2023-01-02 → 2026-06-16)
[kite_fetcher] LTTS.NS: 855 trading days loaded (2023-01-02 → 2026-06-16)
[kite_fetcher] POWERINDIA.NS: 855 trading days loaded (2023-01-02 → 2026-06-16)
[kite_fetcher] KOTAKBANK.NS: 855 trading days loaded (2023-01-02 → 2026-06-16)
[kite_fetcher] MAXHEALTH.NS: 855 trading days loaded (2023-01-02 → 2026-06-16)
[kite_fetcher] JKTYRE.NS: 855 trading days loaded (2023-01-02 → 2026-06-16)
[kite_fetcher] COALINDIA.NS: 855 trading days loaded (2023-01-02 → 2026-06-16)
[kite_fetcher] BAYERCROP.NS: 855 trading days loaded (2023-01-02 → 2026-06-16)
[kite_fetcher] CLEAN.NS: 855 trading days loaded (2023-01-02 → 2026-06-16)
[kite_fetcher] NMDC.NS: 855 trading days loaded (2023-01-02 → 2026-06-16)
[kite_fetcher] IGL.NS: 855 trading days loaded (2023-01-02 → 2026-06-16)
[kite_fetcher] SHREECEM.NS: 855 trading days loaded (2023-01-02 → 2026-06-16)
[kite_fetcher] HEG.NS: 855 trading days loaded (2023-01-02 → 2026-06-16)
[kite_fetcher] JSWCEMENT.NS: 205 trading days loaded (2025-08-14 → 2026-06-16)
[kite_fetcher] IRFC.NS: 855 trading days loaded (2023-01-02 → 2026-06-16)
[kite_fetcher] CIPLA.NS: 855 trading days loaded (2023-01-02 → 2026-06-16)
[kite_fetcher] INFY.NS: 855 trading days loaded (2023-01-02 → 2026-06-16)
[kite_fetcher] CIEINDIA.NS: 855 trading days loaded (2023-01-02 → 2026-06-16)
[kite_fetcher] KAJARIACER.NS: 855 trading days loaded (2023-01-02 → 2026-06-16)
[kite_fetcher] JSWENERGY.NS: 855 trading days loaded (2023-01-02 → 2026-06-16)
[kite_fetcher] KARURVYSYA.NS: 855 trading days loaded (2023-01-02 → 2026-06-16)
[kite_fetcher] SBICARD.NS: 855 trading days loaded (2023-01-02 → 2026-06-16)
[kite_fetcher] ACMESOLAR.NS: 392 trading days loaded (2024-11-13 → 2026-06-16)
[kite_fetcher] JPPOWER.NS: 855 trading days loaded (2023-01-02 → 2026-06-16)
[kite_fetcher] DABUR.NS: 855 trading days loaded (2023-01-02 → 2026-06-16)
[kite_fetcher] ELGIEQUIP.NS: 855 trading days loaded (2023-01-02 → 2026-06-16)
[kite_fetcher] SPLPETRO.NS: 855 trading days loaded (2023-01-02 → 2026-06-16)
[kite_fetcher] HOMEFIRST.NS: 855 trading days loaded (2023-01-02 → 2026-06-16)
[kite_fetcher] GALLANTT.NS: 855 trading days loaded (2023-01-02 → 2026-06-16)
[kite_fetcher] CREDITACC.NS: 855 trading days loaded (2023-01-02 → 2026-06-16)
[kite_fetcher] GLENMARK.NS: 855 trading days loaded (2023-01-02 → 2026-06-16)
[kite_fetcher] AUROPHARMA.NS: 855 trading days loaded (2023-01-02 → 2026-06-16)
[kite_fetcher] GRANULES.NS: 855 trading days loaded (2023-01-02 → 2026-06-16)
[kite_fetcher] VOLTAS.NS: 855 trading days loaded (2023-01-02 → 2026-06-16)
[kite_fetcher] CUB.NS: 855 trading days loaded (2023-01-02 → 2026-06-16)
[kite_fetcher] SJVN.NS: 855 trading days loaded (2023-01-02 → 2026-06-16)
[kite_fetcher] TATAINVEST.NS: 855 trading days loaded (2023-01-02 → 2026-06-16)
[kite_fetcher] HCLTECH.NS: 855 trading days loaded (2023-01-02 → 2026-06-16)
[kite_fetcher] APOLLOHOSP.NS: 855 trading days loaded (2023-01-02 → 2026-06-16)
[kite_fetcher] ABCAPITAL.NS: 855 trading days loaded (2023-01-02 → 2026-06-16)
[kite_fetcher] VBL.NS: 855 trading days loaded (2023-01-02 → 2026-06-16)
[kite_fetcher] MOTHERSON.NS: 855 trading days loaded (2023-01-02 → 2026-06-16)
[kite_fetcher] PRESTIGE.NS: 855 trading days loaded (2023-01-02 → 2026-06-16)
[kite_fetcher] SBILIFE.NS: 855 trading days loaded (2023-01-02 → 2026-06-16)
[kite_fetcher] 360ONE.NS: 855 trading days loaded (2023-01-02 → 2026-06-16)
[kite_fetcher] DEEPAKNTR.NS: 855 trading days loaded (2023-01-02 → 2026-06-16)
[kite_fetcher] RAILTEL.NS: 855 trading days loaded (2023-01-02 → 2026-06-16)
[kite_fetcher] HINDPETRO.NS: 855 trading days loaded (2023-01-02 → 2026-06-16)
[kite_fetcher] CHALET.NS: 855 trading days loaded (2023-01-02 → 2026-06-16)
[auto_screener]   450/504 fetched, 384 valid
[kite_fetcher] BELRISE.NS: 261 trading days loaded (2025-05-28 → 2026-06-16)
[kite_fetcher] OLECTRA.NS: 855 trading days loaded (2023-01-02 → 2026-06-16)
[kite_fetcher] HDFCAMC.NS: 855 trading days loaded (2023-01-02 → 2026-06-16)
[kite_fetcher] POLYMED.NS: 855 trading days loaded (2023-01-02 → 2026-06-16)
[kite_fetcher] APOLLOTYRE.NS: 855 trading days loaded (2023-01-02 → 2026-06-16)
[kite_fetcher] BALKRISIND.NS: 855 trading days loaded (2023-01-02 → 2026-06-16)
[kite_fetcher] VTL.NS: 855 trading days loaded (2023-01-02 → 2026-06-16)
[kite_fetcher] ASTERDM.NS: 855 trading days loaded (2023-01-02 → 2026-06-16)
[kite_fetcher] EIHOTEL.NS: 855 trading days loaded (2023-01-02 → 2026-06-16)
[kite_fetcher] CHENNPETRO.NS: 855 trading days loaded (2023-01-02 → 2026-06-16)
[kite_fetcher] LUPIN.NS: 855 trading days loaded (2023-01-02 → 2026-06-16)
[kite_fetcher] AMBER.NS: 855 trading days loaded (2023-01-02 → 2026-06-16)
[kite_fetcher] IIFL.NS: 855 trading days loaded (2023-01-02 → 2026-06-16)
[kite_fetcher] PIDILITIND.NS: 855 trading days loaded (2023-01-02 → 2026-06-16)
[kite_fetcher] JSWSTEEL.NS: 855 trading days loaded (2023-01-02 → 2026-06-16)
[kite_fetcher] ENRIN.NS: 245 trading days loaded (2025-06-19 → 2026-06-16)
[kite_fetcher] UCOBANK.NS: 855 trading days loaded (2023-01-02 → 2026-06-16)
[kite_fetcher] SOBHA.NS: 855 trading days loaded (2023-01-02 → 2026-06-16)
[kite_fetcher] TATAPOWER.NS: 855 trading days loaded (2023-01-02 → 2026-06-16)
[kite_fetcher] IDEA.NS: 855 trading days loaded (2023-01-02 → 2026-06-16)
[kite_fetcher] UPL.NS: 855 trading days loaded (2023-01-02 → 2026-06-16)
[kite_fetcher] JYOTICNC.NS: 598 trading days loaded (2024-01-16 → 2026-06-16)
[kite_fetcher] J&KBANK.NS: 855 trading days loaded (2023-01-02 → 2026-06-16)
[kite_fetcher] LODHA.NS: 855 trading days loaded (2023-01-02 → 2026-06-16)
[kite_fetcher] PFC.NS: 855 trading days loaded (2023-01-02 → 2026-06-16)
[kite_fetcher] ANURAS.NS: 855 trading days loaded (2023-01-02 → 2026-06-16)
[kite_fetcher] SYRMA.NS: 855 trading days loaded (2023-01-02 → 2026-06-16)
[kite_fetcher] CEMPRO.NS: 855 trading days loaded (2023-01-02 → 2026-06-16)
[kite_fetcher] KALYANKJIL.NS: 855 trading days loaded (2023-01-02 → 2026-06-16)
[kite_fetcher] ONGC.NS: 855 trading days loaded (2023-01-02 → 2026-06-16)
[kite_fetcher] MAZDOCK.NS: 855 trading days loaded (2023-01-02 → 2026-06-16)
[kite_fetcher] LEMONTREE.NS: 855 trading days loaded (2023-01-02 → 2026-06-16)
[kite_fetcher] DELHIVERY.NS: 855 trading days loaded (2023-01-02 → 2026-06-16)
[kite_fetcher] USHAMART.NS: 855 trading days loaded (2023-01-02 → 2026-06-16)
[kite_fetcher] LAURUSLABS.NS: 855 trading days loaded (2023-01-02 → 2026-06-16)
[kite_fetcher] ATUL.NS: 855 trading days loaded (2023-01-02 → 2026-06-16)
[kite_fetcher] COROMANDEL.NS: 855 trading days loaded (2023-01-02 → 2026-06-16)
[kite_fetcher] LGEINDIA.NS: 165 trading days loaded (2025-10-14 → 2026-06-16)
[kite_fetcher] YESBANK.NS: 855 trading days loaded (2023-01-02 → 2026-06-16)
[kite_fetcher] FEDERALBNK.NS: 855 trading days loaded (2023-01-02 → 2026-06-16)
[kite_fetcher] AEGISVOPAK.NS: 258 trading days loaded (2025-06-02 → 2026-06-16)
[kite_fetcher] NEULANDLAB.NS: 855 trading days loaded (2023-01-02 → 2026-06-16)
[kite_fetcher] NEWGEN.NS: 855 trading days loaded (2023-01-02 → 2026-06-16)
[kite_fetcher] JINDALSAW.NS: 855 trading days loaded (2023-01-02 → 2026-06-16)
[kite_fetcher] BLUESTARCO.NS: 855 trading days loaded (2023-01-02 → 2026-06-16)
[kite_fetcher] EMCURE.NS: 479 trading days loaded (2024-07-10 → 2026-06-16)
[kite_fetcher] JBCHEPHARM.NS: 855 trading days loaded (2023-01-02 → 2026-06-16)
[kite_fetcher] BIOCON.NS: 855 trading days loaded (2023-01-02 → 2026-06-16)
[kite_fetcher] FIVESTAR.NS: 855 trading days loaded (2023-01-02 → 2026-06-16)
[kite_fetcher] TRITURBINE.NS: 855 trading days loaded (2023-01-02 → 2026-06-16)
[auto_screener]   500/504 fetched, 428 valid
[kite_fetcher] ANANDRATHI.NS: 855 trading days loaded (2023-01-02 → 2026-06-16)
[kite_fetcher] APTUS.NS: 855 trading days loaded (2023-01-02 → 2026-06-16)
[kite_fetcher] LTF.NS: 855 trading days loaded (2023-01-02 → 2026-06-16)
[kite_fetcher] WELSPUNLIV.NS: 855 trading days loaded (2023-01-02 → 2026-06-16)
[auto_screener] 432 stocks with >= 744 bars
[auto_screener] Screening 422 candidate stocks...
[auto_screener] 15 stocks passed all filters
[emailer] Email sent successfully → aaravpagarwal07@gmail.com

Screen run completed: Wed Jun 17 12:31:19 UTC 2026 | Exit code: 0
